*** Creating network
*** Adding hosts:
h1 h2 h3 srv1 srv2 
*** Adding switches:
s1 s2 s3 
*** Adding links:
(20.00Mbit 2ms delay 0.00000% loss) (20.00Mbit 2ms delay 0.00000% loss) (h1, s1) (20.00Mbit 2ms delay 0.00000% loss) (20.00Mbit 2ms delay 0.00000% loss) (h2, s1) (20.00Mbit 2ms delay 0.00000% loss) (20.00Mbit 2ms delay 0.00000% loss) (h3, s1) (20.00Mbit 2ms delay) (20.00Mbit 2ms delay) (s1, s2) (20.00Mbit 2ms delay) (20.00Mbit 2ms delay) (s1, s3) (5.00Mbit 2ms delay) (5.00Mbit 2ms delay) (s2, s3) (20.00Mbit 2ms delay) (20.00Mbit 2ms delay) (srv1, s2) (20.00Mbit 2ms delay) (20.00Mbit 2ms delay) (srv2, s3) 
*** Configuring hosts
h1 h2 h3 srv1 srv2 
*** Bật mạng (tạo namespace, dựng switch, nối link)
*** Starting controller
c0 
*** Starting 3 switches
s1 s2 s3 ...(20.00Mbit 2ms delay 0.00000% loss) (20.00Mbit 2ms delay 0.00000% loss) (20.00Mbit 2ms delay 0.00000% loss) (20.00Mbit 2ms delay) (20.00Mbit 2ms delay) (20.00Mbit 2ms delay) (5.00Mbit 2ms delay) (20.00Mbit 2ms delay) (20.00Mbit 2ms delay) (5.00Mbit 2ms delay) (20.00Mbit 2ms delay) 
*** Waiting for switches to connect
s1 s2 s3 
*** Ghi port map runtime -> ditto/port_map.json
*** Controller static hội tụ sau 0.05s
*** Node: c0, h1, h2, h3, s1, s2, s3, srv1, srv2
*** pingAll kiểm tra thông mạng
*** Ping: testing ping reachability
h1 -> h2 h3 srv1 srv2 
h2 -> h1 h3 srv1 srv2 
h3 -> h1 h2 srv1 srv2 
srv1 -> h1 h2 h3 srv2 
srv2 -> h1 h2 h3 srv1 
*** Results: 0% dropped (20/20 received)
*** pingAll packet loss = 0%
*** Bootstrap Things lên Ditto
*** Khởi động Sync Agent (thread nền)
*** Khởi động Command Agent (thread nền) — nghe lệnh chiều xuống
=== BOOTSTRAP (mode=create) ===
[1] Policy:
  ✅ policy org.dt4n.core:default-policy (204)
[3] Things:
  ⏭️  org.dt4n.core:host-h1 đã tồn tại, bỏ qua
  ⏭️  org.dt4n.core:host-h2 đã tồn tại, bỏ qua
  ⏭️  org.dt4n.core:host-h3 đã tồn tại, bỏ qua
  ⏭️  org.dt4n.core:host-srv1 đã tồn tại, bỏ qua
  ⏭️  org.dt4n.core:host-srv2 đã tồn tại, bỏ qua
  ⏭️  org.dt4n.core:switch-s1 đã tồn tại, bỏ qua
  ⏭️  org.dt4n.core:switch-s2 đã tồn tại, bỏ qua
  ⏭️  org.dt4n.core:switch-s3 đã tồn tại, bỏ qua
  ⏭️  org.dt4n.core:link-h1-s1 đã tồn tại, bỏ qua
  ⏭️  org.dt4n.core:link-h2-s1 đã tồn tại, bỏ qua
  ⏭️  org.dt4n.core:link-h3-s1 đã tồn tại, bỏ qua
  ⏭️  org.dt4n.core:link-s1-s2 đã tồn tại, bỏ qua
  ⏭️  org.dt4n.core:link-s1-s3 đã tồn tại, bỏ qua
  ⏭️  org.dt4n.core:link-s2-s3 đã tồn tại, bỏ qua
  ⏭️  org.dt4n.core:link-s2-srv1 đã tồn tại, bỏ qua
  ⏭️  org.dt4n.core:link-s3-srv2 đã tồn tại, bỏ qua
  ⏭️  org.dt4n.core:path-h1-srv1 đã tồn tại, bỏ qua
  ⏭️  org.dt4n.core:controller đã tồn tại, bỏ qua
=== XONG: 0 tạo, 18 bỏ qua, tổng 18 Thing ===
[traffic] nền srv1->srv2 UDP @2Mbps qua bottleneck s2-s3
START verification
DONE verification
START security_live
DONE security_live
START soak_30min
DONE soak_30min
*** Tắt mạng
*** Stopping 1 controllers
c0 
*** Stopping 8 links
........
*** Stopping 3 switches
s1 s2 s3 
*** Stopping 5 hosts
h1 h2 h3 srv1 srv2 
*** Done
ALL DONE
