*** Creating network
*** Adding hosts:
h1 h2 h3 srv1 srv2 
*** Adding switches:
s1 s2 s3 
*** Adding links:
(20.00Mbit 2ms delay 0.00000% loss) (20.00Mbit 2ms delay 0.00000% loss) (h1, s1) (20.00Mbit 2ms delay 0.00000% loss) (20.00Mbit 2ms delay 0.00000% loss) (h2, s1) (20.00Mbit 2ms delay 0.00000% loss) (20.00Mbit 2ms delay 0.00000% loss) (h3, s1) (20.00Mbit 2ms delay) (20.00Mbit 2ms delay) (s1, s2) (20.00Mbit 2ms delay) (20.00Mbit 2ms delay) (s1, s3) (5.00Mbit 2ms delay) (5.00Mbit 2ms delay) (s2, s3) (20.00Mbit 2ms delay) (20.00Mbit 2ms delay) (srv1, s2) (20.00Mbit 2ms delay) (20.00Mbit 2ms delay) (srv2, s3) 
*** Configuring hosts
h1 h2 h3 srv1 srv2 
*** Bật mạng (tạo namespace, dựng switch, nối link)
*** Starting controller
c0 
*** Starting 3 switches
s1 s2 s3 ...(20.00Mbit 2ms delay 0.00000% loss) (20.00Mbit 2ms delay 0.00000% loss) (20.00Mbit 2ms delay 0.00000% loss) (20.00Mbit 2ms delay) (20.00Mbit 2ms delay) (20.00Mbit 2ms delay) (5.00Mbit 2ms delay) (20.00Mbit 2ms delay) (20.00Mbit 2ms delay) (5.00Mbit 2ms delay) (20.00Mbit 2ms delay) 
*** Waiting for switches to connect
s1 s2 s3 
*** Ghi port map runtime -> ditto/port_map.json
*** Controller static hội tụ sau 1.35s
*** Node: c0, h1, h2, h3, s1, s2, s3, srv1, srv2
*** pingAll kiểm tra thông mạng
*** Ping: testing ping reachability
h1 -> h2 h3 srv1 srv2 
h2 -> h1 h3 srv1 srv2 
h3 -> h1 h2 srv1 srv2 
srv1 -> h1 h2 h3 srv2 
srv2 -> h1 h2 h3 srv1 
*** Results: 0% dropped (20/20 received)
*** pingAll packet loss = 0%
*** Bootstrap Things lên Ditto
*** Khởi động Sync Agent (thread nền)
*** Khởi động Command Agent (thread nền) — nghe lệnh chiều xuống
=== BOOTSTRAP (mode=create) ===
[1] Policy:
  ✅ policy org.dt4n.core:default-policy (204)
[3] Things:
  ⏭️  org.dt4n.core:host-h1 đã tồn tại, bỏ qua
  ⏭️  org.dt4n.core:host-h2 đã tồn tại, bỏ qua
  ⏭️  org.dt4n.core:host-h3 đã tồn tại, bỏ qua
  ⏭️  org.dt4n.core:host-srv1 đã tồn tại, bỏ qua
  ⏭️  org.dt4n.core:host-srv2 đã tồn tại, bỏ qua
  ⏭️  org.dt4n.core:switch-s1 đã tồn tại, bỏ qua
  ⏭️  org.dt4n.core:switch-s2 đã tồn tại, bỏ qua
  ⏭️  org.dt4n.core:switch-s3 đã tồn tại, bỏ qua
  ⏭️  org.dt4n.core:link-h1-s1 đã tồn tại, bỏ qua
  ⏭️  org.dt4n.core:link-h2-s1 đã tồn tại, bỏ qua
  ⏭️  org.dt4n.core:link-h3-s1 đã tồn tại, bỏ qua
  ⏭️  org.dt4n.core:link-s1-s2 đã tồn tại, bỏ qua
  ⏭️  org.dt4n.core:link-s1-s3 đã tồn tại, bỏ qua
  ⏭️  org.dt4n.core:link-s2-s3 đã tồn tại, bỏ qua
  ⏭️  org.dt4n.core:link-s2-srv1 đã tồn tại, bỏ qua
  ⏭️  org.dt4n.core:link-s3-srv2 đã tồn tại, bỏ qua
  ⏭️  org.dt4n.core:path-h1-srv1 đã tồn tại, bỏ qua
  ⏭️  org.dt4n.core:controller đã tồn tại, bỏ qua
=== XONG: 0 tạo, 18 bỏ qua, tổng 18 Thing ===
[traffic] nền srv1->srv2 UDP @2Mbps qua bottleneck s2-s3
START latency_up
DONE latency_up
START latency_command
DONE latency_command
START command_flow
*** Tắt mạng
*** Stopping 1 controllers
c0 
*** Stopping 8 links
........
*** Stopping 3 switches
s1 s2 s3 
*** Stopping 5 hosts
h1 h2 h3 srv1 srv2 
*** Done
Traceback (most recent call last):
  File "/home/ubuntu/dt4n-core/scripts/run_acceptance.py", line 31, in <module>
    stage('command_flow',lambda:flow(r.net,n_trials=30,h='h1',s='s1',net_lock=r.net_lock,settle=1,reflection_timeout=20,reset_log=False,report_path='logs/command_flow_measure.log'))
  File "/home/ubuntu/dt4n-core/scripts/run_acceptance.py", line 19, in stage
    with open('logs/'+name+'.log','w',buffering=1) as f,contextlib.redirect_stdout(f): result=func()
  File "/home/ubuntu/dt4n-core/scripts/run_acceptance.py", line 31, in <lambda>
    stage('command_flow',lambda:flow(r.net,n_trials=30,h='h1',s='s1',net_lock=r.net_lock,settle=1,reflection_timeout=20,reset_log=False,report_path='logs/command_flow_measure.log'))
  File "/home/ubuntu/dt4n-core/measurements/measure_command_flow.py", line 332, in main
    rows.append(run_one(report, net, h, s, 'enableLink', op_index,
  File "/home/ubuntu/dt4n-core/measurements/measure_command_flow.py", line 283, in run_one
    send_ditto_command(subject, target, cid, command_timeout)
  File "/home/ubuntu/dt4n-core/measurements/measure_command_flow.py", line 161, in send_ditto_command
    r = requests.post(url, json=body, headers=headers, auth=DITTO_AUTH,
  File "/usr/lib/python3/dist-packages/requests/api.py", line 119, in post
    return request('post', url, data=data, json=json, **kwargs)
  File "/usr/lib/python3/dist-packages/requests/api.py", line 61, in request
    return session.request(method=method, url=url, **kwargs)
  File "/usr/lib/python3/dist-packages/requests/sessions.py", line 544, in request
    resp = self.send(prep, **send_kwargs)
  File "/usr/lib/python3/dist-packages/requests/sessions.py", line 657, in send
    r = adapter.send(request, **kwargs)
  File "/usr/lib/python3/dist-packages/requests/adapters.py", line 439, in send
    resp = conn.urlopen(
  File "/usr/lib/python3/dist-packages/urllib3/connectionpool.py", line 700, in urlopen
    httplib_response = self._make_request(
  File "/usr/lib/python3/dist-packages/urllib3/connectionpool.py", line 446, in _make_request
    six.raise_from(e, None)
  File "<string>", line 3, in raise_from
  File "/usr/lib/python3/dist-packages/urllib3/connectionpool.py", line 441, in _make_request
    httplib_response = conn.getresponse()
  File "/usr/lib/python3.10/http/client.py", line 1404, in getresponse
    response.begin()
  File "/usr/lib/python3.10/http/client.py", line 323, in begin
    version, status, reason = self._read_status()
  File "/usr/lib/python3.10/http/client.py", line 284, in _read_status
    line = str(self.fp.readline(_MAXLINE + 1), "iso-8859-1")
  File "/usr/lib/python3.10/socket.py", line 705, in readinto
    return self._sock.recv_into(b)
KeyboardInterrupt
