2026-09-15 08:18:16,616 [INFO] env_runner: EnvRunner.start()
2026-09-15 08:18:16,620 [INFO] mininet: *** Creating network

2026-09-15 08:18:16,621 [INFO] mininet: *** Adding hosts:

2026-09-15 08:18:16,629 [INFO] mininet: h1 
2026-09-15 08:18:16,635 [INFO] mininet: h2 
2026-09-15 08:18:16,641 [INFO] mininet: h3 
2026-09-15 08:18:16,647 [INFO] mininet: srv1 
2026-09-15 08:18:16,652 [INFO] mininet: srv2 
2026-09-15 08:18:16,652 [INFO] mininet: 
*** Adding switches:

2026-09-15 08:18:16,665 [INFO] mininet: s1 
2026-09-15 08:18:16,672 [INFO] mininet: s2 
2026-09-15 08:18:16,679 [INFO] mininet: s3 
2026-09-15 08:18:16,679 [INFO] mininet: 
*** Adding links:

2026-09-15 08:18:16,687 [INFO] mininet: (20.00Mbit 2ms delay 0.00000% loss) 
2026-09-15 08:18:16,698 [INFO] mininet: (20.00Mbit 2ms delay 0.00000% loss) 
2026-09-15 08:18:16,702 [INFO] mininet: (h1, s1) 
2026-09-15 08:18:16,709 [INFO] mininet: (20.00Mbit 2ms delay 0.00000% loss) 
2026-09-15 08:18:16,719 [INFO] mininet: (20.00Mbit 2ms delay 0.00000% loss) 
2026-09-15 08:18:16,723 [INFO] mininet: (h2, s1) 
2026-09-15 08:18:16,730 [INFO] mininet: (20.00Mbit 2ms delay 0.00000% loss) 
2026-09-15 08:18:16,740 [INFO] mininet: (20.00Mbit 2ms delay 0.00000% loss) 
2026-09-15 08:18:16,744 [INFO] mininet: (h3, s1) 
2026-09-15 08:18:16,751 [INFO] mininet: (20.00Mbit 2ms delay) 
2026-09-15 08:18:16,764 [INFO] mininet: (20.00Mbit 2ms delay) 
2026-09-15 08:18:16,768 [INFO] mininet: (s1, s2) 
2026-09-15 08:18:16,775 [INFO] mininet: (20.00Mbit 2ms delay) 
2026-09-15 08:18:16,789 [INFO] mininet: (20.00Mbit 2ms delay) 
2026-09-15 08:18:16,793 [INFO] mininet: (s1, s3) 
2026-09-15 08:18:16,800 [INFO] mininet: (5.00Mbit 2ms delay) 
2026-09-15 08:18:16,811 [INFO] mininet: (5.00Mbit 2ms delay) 
2026-09-15 08:18:16,817 [INFO] mininet: (s2, s3) 
2026-09-15 08:18:16,823 [INFO] mininet: (20.00Mbit 2ms delay) 
2026-09-15 08:18:16,833 [INFO] mininet: (20.00Mbit 2ms delay) 
2026-09-15 08:18:16,838 [INFO] mininet: (srv1, s2) 
2026-09-15 08:18:16,845 [INFO] mininet: (20.00Mbit 2ms delay) 
2026-09-15 08:18:16,855 [INFO] mininet: (20.00Mbit 2ms delay) 
2026-09-15 08:18:16,860 [INFO] mininet: (srv2, s3) 
2026-09-15 08:18:16,860 [INFO] mininet: 

2026-09-15 08:18:16,860 [INFO] mininet: *** Configuring hosts

2026-09-15 08:18:16,860 [INFO] mininet: h1 
2026-09-15 08:18:16,867 [INFO] mininet: h2 
2026-09-15 08:18:16,873 [INFO] mininet: h3 
2026-09-15 08:18:16,879 [INFO] mininet: srv1 
2026-09-15 08:18:16,885 [INFO] mininet: srv2 
2026-09-15 08:18:16,891 [INFO] mininet: 

2026-09-15 08:18:16,900 [INFO] mininet: *** Bật mạng (tạo namespace, dựng switch, nối link)

2026-09-15 08:18:16,900 [INFO] mininet: *** Starting controller

2026-09-15 08:18:16,900 [INFO] mininet: c0 
2026-09-15 08:18:16,900 [INFO] mininet: 

2026-09-15 08:18:16,900 [INFO] mininet: *** Starting 3 switches

2026-09-15 08:18:16,900 [INFO] mininet: s1 
2026-09-15 08:18:16,900 [INFO] mininet: s2 
2026-09-15 08:18:16,900 [INFO] mininet: s3 
2026-09-15 08:18:16,900 [INFO] mininet: ...
2026-09-15 08:18:16,946 [INFO] mininet: (20.00Mbit 2ms delay 0.00000% loss) 
2026-09-15 08:18:16,954 [INFO] mininet: (20.00Mbit 2ms delay 0.00000% loss) 
2026-09-15 08:18:16,962 [INFO] mininet: (20.00Mbit 2ms delay 0.00000% loss) 
2026-09-15 08:18:16,970 [INFO] mininet: (20.00Mbit 2ms delay) 
2026-09-15 08:18:16,978 [INFO] mininet: (20.00Mbit 2ms delay) 
2026-09-15 08:18:16,986 [INFO] mininet: (20.00Mbit 2ms delay) 
2026-09-15 08:18:16,995 [INFO] mininet: (5.00Mbit 2ms delay) 
2026-09-15 08:18:17,003 [INFO] mininet: (20.00Mbit 2ms delay) 
2026-09-15 08:18:17,012 [INFO] mininet: (20.00Mbit 2ms delay) 
2026-09-15 08:18:17,020 [INFO] mininet: (5.00Mbit 2ms delay) 
2026-09-15 08:18:17,028 [INFO] mininet: (20.00Mbit 2ms delay) 
2026-09-15 08:18:17,033 [INFO] mininet: 

2026-09-15 08:18:17,033 [INFO] mininet: *** Waiting for switches to connect

2026-09-15 08:18:19,596 [INFO] mininet: s1 
2026-09-15 08:18:19,599 [INFO] mininet: s2 
2026-09-15 08:18:19,602 [INFO] mininet: s3 
2026-09-15 08:18:19,602 [INFO] mininet: 

2026-09-15 08:18:19,602 [INFO] mininet: *** Ghi port map runtime -> ditto/port_map.json

2026-09-15 08:18:20,948 [INFO] mininet: *** Controller static hội tụ sau 1.35s

2026-09-15 08:18:20,948 [INFO] mininet: *** Node: c0, h1, h2, h3, s1, s2, s3, srv1, srv2

2026-09-15 08:18:20,948 [INFO] mininet: *** pingAll kiểm tra thông mạng

2026-09-15 08:18:20,948 [Level 25] mininet: *** Ping: testing ping reachability

2026-09-15 08:18:20,948 [Level 25] mininet: h1 -> 
2026-09-15 08:18:20,967 [Level 25] mininet: h2 
2026-09-15 08:18:20,987 [Level 25] mininet: h3 
2026-09-15 08:18:21,001 [Level 25] mininet: srv1 
2026-09-15 08:18:21,014 [Level 25] mininet: srv2 
2026-09-15 08:18:21,015 [Level 25] mininet: 

2026-09-15 08:18:21,015 [Level 25] mininet: h2 -> 
2026-09-15 08:18:21,024 [Level 25] mininet: h1 
2026-09-15 08:18:21,044 [Level 25] mininet: h3 
2026-09-15 08:18:21,067 [Level 25] mininet: srv1 
2026-09-15 08:18:21,091 [Level 25] mininet: srv2 
2026-09-15 08:18:21,091 [Level 25] mininet: 

2026-09-15 08:18:21,091 [Level 25] mininet: h3 -> 
2026-09-15 08:18:21,100 [Level 25] mininet: h1 
2026-09-15 08:18:21,110 [Level 25] mininet: h2 
2026-09-15 08:18:21,134 [Level 25] mininet: srv1 
2026-09-15 08:18:21,157 [Level 25] mininet: srv2 
2026-09-15 08:18:21,157 [Level 25] mininet: 

2026-09-15 08:18:21,157 [Level 25] mininet: srv1 -> 
2026-09-15 08:18:21,171 [Level 25] mininet: h1 
2026-09-15 08:18:21,184 [Level 25] mininet: h2 
2026-09-15 08:18:21,198 [Level 25] mininet: h3 
2026-09-15 08:18:21,222 [Level 25] mininet: srv2 
2026-09-15 08:18:21,222 [Level 25] mininet: 

2026-09-15 08:18:21,222 [Level 25] mininet: srv2 -> 
2026-09-15 08:18:21,237 [Level 25] mininet: h1 
2026-09-15 08:18:21,251 [Level 25] mininet: h2 
2026-09-15 08:18:21,264 [Level 25] mininet: h3 
2026-09-15 08:18:21,278 [Level 25] mininet: srv1 
2026-09-15 08:18:21,278 [Level 25] mininet: 

2026-09-15 08:18:21,278 [Level 25] mininet: *** Results: 0% dropped (20/20 received)

2026-09-15 08:18:21,278 [INFO] mininet: *** pingAll packet loss = 0%

2026-09-15 08:18:21,279 [INFO] mininet: *** Bootstrap Things lên Ditto

2026-09-15 08:18:21,472 [INFO] mininet: *** Khởi động Sync Agent (thread nền)

2026-09-15 08:18:21,472 [INFO] sync_agent: Sync Agent start: period=1.000s, tol=0.500, ping_every=20, reconcile_every=30, mode=None
2026-09-15 08:18:21,472 [INFO] mininet: *** Khởi động Command Agent (thread nền) — nghe lệnh chiều xuống

2026-09-15 08:18:21,472 [INFO] command_agent: Command Agent start (bản 4.4: nghe + thực thi + response). controller=org.dt4n.core:controller
2026-09-15 08:18:21,486 [INFO] command_agent: SSE kết nối OK, đang nghe lệnh tại http://localhost:8080/api/2/things/org.dt4n.core:controller/inbox/messages
2026-09-15 08:18:21,746 [INFO] sync_agent: Cycle #1 [RECONCILE]: 16/16 patch, elapsed=274ms
2026-09-15 08:18:22,663 [INFO] sync_agent: Cycle #2 [delta]: 11/11 patch, elapsed=191ms
2026-09-15 08:18:23,678 [INFO] sync_agent: Cycle #3 [delta]: 13/13 patch, elapsed=205ms
2026-09-15 08:18:24,482 [INFO] env_runner: EnvRunner started in 7.9s, startup iperf=0; episode iperf baseline pending
2026-09-15 08:18:24,660 [INFO] sync_agent: Cycle #4 [delta]: 11/11 patch, elapsed=187ms
2026-09-15 08:18:25,570 [INFO] sync_agent: Cycle #5 [delta]: 5/5 patch, elapsed=97ms
2026-09-15 08:18:26,577 [INFO] sync_agent: Cycle #6 [delta]: 5/5 patch, elapsed=104ms
2026-09-15 08:18:27,572 [INFO] sync_agent: Cycle #7 [delta]: 5/5 patch, elapsed=99ms
2026-09-15 08:18:28,595 [INFO] sync_agent: Cycle #8 [delta]: 5/5 patch, elapsed=121ms
2026-09-15 08:18:29,583 [INFO] sync_agent: Cycle #9 [delta]: 6/6 patch, elapsed=109ms
2026-09-15 08:18:30,657 [INFO] sync_agent: Cycle #10 [delta]: 12/12 patch, elapsed=183ms
2026-09-15 08:18:31,678 [INFO] sync_agent: Cycle #11 [delta]: 13/13 patch, elapsed=204ms
2026-09-15 08:18:32,624 [INFO] sync_agent: Cycle #12 [delta]: 10/10 patch, elapsed=150ms
2026-09-15 08:18:33,625 [INFO] sync_agent: Cycle #13 [delta]: 9/9 patch, elapsed=150ms
2026-09-15 08:18:34,597 [INFO] sync_agent: Cycle #14 [delta]: 7/7 patch, elapsed=122ms
2026-09-15 08:18:35,625 [INFO] sync_agent: Cycle #15 [delta]: 7/7 patch, elapsed=149ms
2026-09-15 08:18:36,597 [INFO] sync_agent: Cycle #16 [delta]: 7/7 patch, elapsed=121ms
2026-09-15 08:18:37,601 [INFO] sync_agent: Cycle #17 [delta]: 7/7 patch, elapsed=125ms
2026-09-15 08:18:38,585 [INFO] sync_agent: Cycle #18 [delta]: 7/7 patch, elapsed=108ms
2026-09-15 08:18:39,606 [INFO] sync_agent: Cycle #19 [delta]: 7/7 patch, elapsed=129ms
2026-09-15 08:18:40,586 [INFO] sync_agent: Cycle #20 [delta]: 7/7 patch, elapsed=109ms
2026-09-15 08:18:41,595 [INFO] sync_agent: Cycle #21 [delta]: 7/7 patch, elapsed=118ms
2026-09-15 08:18:42,592 [INFO] sync_agent: Cycle #22 [delta]: 7/7 patch, elapsed=115ms
2026-09-15 08:18:43,595 [INFO] sync_agent: Cycle #23 [delta]: 7/7 patch, elapsed=117ms
2026-09-15 08:18:44,604 [INFO] sync_agent: Cycle #24 [delta]: 8/8 patch, elapsed=126ms
2026-09-15 08:18:45,646 [INFO] sync_agent: Cycle #25 [delta]: 12/12 patch, elapsed=168ms
2026-09-15 08:18:46,655 [INFO] sync_agent: Cycle #26 [delta]: 12/12 patch, elapsed=176ms
2026-09-15 08:18:47,593 [INFO] sync_agent: Cycle #27 [delta]: 7/7 patch, elapsed=115ms
2026-09-15 08:18:48,588 [INFO] sync_agent: Cycle #28 [delta]: 7/7 patch, elapsed=109ms
2026-09-15 08:18:49,622 [INFO] sync_agent: Cycle #29 [delta]: 10/10 patch, elapsed=143ms
2026-09-15 08:18:50,634 [INFO] sync_agent: Cycle #30 [delta]: 10/10 patch, elapsed=155ms
2026-09-15 08:18:51,676 [INFO] sync_agent: Cycle #31 [RECONCILE]: 16/16 patch, elapsed=197ms
2026-09-15 08:18:52,589 [INFO] sync_agent: Cycle #32 [delta]: 7/7 patch, elapsed=110ms
2026-09-15 08:18:53,594 [INFO] sync_agent: Cycle #33 [delta]: 7/7 patch, elapsed=114ms
2026-09-15 08:18:54,589 [INFO] sync_agent: Cycle #34 [delta]: 7/7 patch, elapsed=109ms
2026-09-15 08:18:55,586 [INFO] sync_agent: Cycle #35 [delta]: 7/7 patch, elapsed=106ms
2026-09-15 08:18:56,588 [INFO] sync_agent: Cycle #36 [delta]: 7/7 patch, elapsed=107ms
2026-09-15 08:18:57,584 [INFO] sync_agent: Cycle #37 [delta]: 7/7 patch, elapsed=103ms
2026-09-15 08:18:58,587 [INFO] sync_agent: Cycle #38 [delta]: 7/7 patch, elapsed=106ms
2026-09-15 08:18:59,588 [INFO] sync_agent: Cycle #39 [delta]: 7/7 patch, elapsed=107ms
2026-09-15 08:19:00,589 [INFO] sync_agent: Cycle #40 [delta]: 7/7 patch, elapsed=108ms
2026-09-15 08:19:01,588 [INFO] sync_agent: Cycle #41 [delta]: 7/7 patch, elapsed=106ms
2026-09-15 08:19:02,596 [INFO] sync_agent: Cycle #42 [delta]: 7/7 patch, elapsed=114ms
2026-09-15 08:19:03,590 [INFO] sync_agent: Cycle #43 [delta]: 7/7 patch, elapsed=108ms
2026-09-15 08:19:04,593 [INFO] sync_agent: Cycle #44 [delta]: 7/7 patch, elapsed=110ms
2026-09-15 08:19:05,608 [INFO] sync_agent: Cycle #45 [delta]: 7/7 patch, elapsed=126ms
2026-09-15 08:19:06,586 [INFO] sync_agent: Cycle #46 [delta]: 7/7 patch, elapsed=103ms
2026-09-15 08:19:07,607 [INFO] sync_agent: Cycle #47 [delta]: 7/7 patch, elapsed=124ms
2026-09-15 08:19:08,590 [INFO] sync_agent: Cycle #48 [delta]: 7/7 patch, elapsed=106ms
2026-09-15 08:19:09,584 [INFO] sync_agent: Cycle #49 [delta]: 7/7 patch, elapsed=100ms
2026-09-15 08:19:10,589 [INFO] sync_agent: Cycle #50 [delta]: 7/7 patch, elapsed=105ms
2026-09-15 08:19:11,585 [INFO] sync_agent: Cycle #51 [delta]: 7/7 patch, elapsed=101ms
2026-09-15 08:19:12,590 [INFO] sync_agent: Cycle #52 [delta]: 7/7 patch, elapsed=106ms
2026-09-15 08:19:13,597 [INFO] sync_agent: Cycle #53 [delta]: 8/8 patch, elapsed=113ms
2026-09-15 08:19:14,629 [INFO] sync_agent: Cycle #54 [delta]: 10/10 patch, elapsed=145ms
2026-09-15 08:19:15,638 [INFO] sync_agent: Cycle #55 [delta]: 12/12 patch, elapsed=153ms
2026-09-15 08:19:16,627 [INFO] sync_agent: Cycle #56 [delta]: 12/12 patch, elapsed=141ms
2026-09-15 08:19:17,588 [INFO] sync_agent: Cycle #57 [delta]: 7/7 patch, elapsed=102ms
2026-09-15 08:19:18,590 [INFO] sync_agent: Cycle #58 [delta]: 7/7 patch, elapsed=104ms
2026-09-15 08:19:19,590 [INFO] sync_agent: Cycle #59 [delta]: 7/7 patch, elapsed=105ms
2026-09-15 08:19:20,588 [INFO] sync_agent: Cycle #60 [delta]: 7/7 patch, elapsed=102ms
2026-09-15 08:19:21,671 [INFO] sync_agent: Cycle #61 [RECONCILE]: 16/16 patch, elapsed=185ms
2026-09-15 08:19:22,602 [INFO] sync_agent: Cycle #62 [delta]: 7/7 patch, elapsed=116ms
2026-09-15 08:19:23,589 [INFO] sync_agent: Cycle #63 [delta]: 7/7 patch, elapsed=103ms
2026-09-15 08:19:24,615 [INFO] sync_agent: Cycle #64 [delta]: 7/7 patch, elapsed=128ms
2026-09-15 08:19:25,618 [INFO] sync_agent: Cycle #65 [delta]: 10/10 patch, elapsed=131ms
2026-09-15 08:19:26,614 [INFO] sync_agent: Cycle #66 [delta]: 10/10 patch, elapsed=127ms
2026-09-15 08:19:27,587 [INFO] sync_agent: Cycle #67 [delta]: 7/7 patch, elapsed=100ms
2026-09-15 08:19:28,581 [INFO] sync_agent: Cycle #68 [delta]: 7/7 patch, elapsed=93ms
2026-09-15 08:19:29,592 [INFO] sync_agent: Cycle #69 [delta]: 7/7 patch, elapsed=104ms
2026-09-15 08:19:30,589 [INFO] sync_agent: Cycle #70 [delta]: 7/7 patch, elapsed=101ms
2026-09-15 08:19:31,587 [INFO] sync_agent: Cycle #71 [delta]: 7/7 patch, elapsed=99ms
2026-09-15 08:19:32,586 [INFO] sync_agent: Cycle #72 [delta]: 7/7 patch, elapsed=98ms
2026-09-15 08:19:33,588 [INFO] sync_agent: Cycle #73 [delta]: 7/7 patch, elapsed=100ms
2026-09-15 08:19:34,583 [INFO] sync_agent: Cycle #74 [delta]: 7/7 patch, elapsed=94ms
2026-09-15 08:19:35,589 [INFO] sync_agent: Cycle #75 [delta]: 7/7 patch, elapsed=100ms
2026-09-15 08:19:36,585 [INFO] sync_agent: Cycle #76 [delta]: 7/7 patch, elapsed=96ms
2026-09-15 08:19:37,590 [INFO] sync_agent: Cycle #77 [delta]: 7/7 patch, elapsed=100ms
2026-09-15 08:19:38,586 [INFO] sync_agent: Cycle #78 [delta]: 7/7 patch, elapsed=97ms
2026-09-15 08:19:39,590 [INFO] sync_agent: Cycle #79 [delta]: 7/7 patch, elapsed=100ms
2026-09-15 08:19:40,590 [INFO] sync_agent: Cycle #80 [delta]: 7/7 patch, elapsed=100ms
2026-09-15 08:19:41,595 [INFO] sync_agent: Cycle #81 [delta]: 7/7 patch, elapsed=105ms
2026-09-15 08:19:42,591 [INFO] sync_agent: Cycle #82 [delta]: 7/7 patch, elapsed=100ms
2026-09-15 08:19:43,597 [INFO] sync_agent: Cycle #83 [delta]: 7/7 patch, elapsed=106ms
2026-09-15 08:19:44,591 [INFO] sync_agent: Cycle #84 [delta]: 7/7 patch, elapsed=100ms
2026-09-15 08:19:45,602 [INFO] sync_agent: Cycle #85 [delta]: 7/7 patch, elapsed=111ms
2026-09-15 08:19:46,594 [INFO] sync_agent: Cycle #86 [delta]: 7/7 patch, elapsed=102ms
2026-09-15 08:19:47,603 [INFO] sync_agent: Cycle #87 [delta]: 7/7 patch, elapsed=111ms
2026-09-15 08:19:48,588 [INFO] sync_agent: Cycle #88 [delta]: 7/7 patch, elapsed=96ms
2026-09-15 08:19:49,589 [INFO] sync_agent: Cycle #89 [delta]: 7/7 patch, elapsed=97ms
2026-09-15 08:19:50,588 [INFO] sync_agent: Cycle #90 [delta]: 7/7 patch, elapsed=95ms
2026-09-15 08:19:51,664 [INFO] sync_agent: Cycle #91 [RECONCILE]: 16/16 patch, elapsed=171ms
2026-09-15 08:19:52,590 [INFO] sync_agent: Cycle #92 [delta]: 7/7 patch, elapsed=97ms
2026-09-15 08:19:53,592 [INFO] sync_agent: Cycle #93 [delta]: 7/7 patch, elapsed=99ms
2026-09-15 08:19:54,592 [INFO] sync_agent: Cycle #94 [delta]: 7/7 patch, elapsed=98ms
2026-09-15 08:19:55,589 [INFO] sync_agent: Cycle #95 [delta]: 7/7 patch, elapsed=95ms
2026-09-15 08:19:56,587 [INFO] sync_agent: Cycle #96 [delta]: 7/7 patch, elapsed=93ms
2026-09-15 08:19:57,589 [INFO] sync_agent: Cycle #97 [delta]: 7/7 patch, elapsed=95ms
2026-09-15 08:19:58,591 [INFO] sync_agent: Cycle #98 [delta]: 7/7 patch, elapsed=97ms
2026-09-15 08:19:59,588 [INFO] sync_agent: Cycle #99 [delta]: 7/7 patch, elapsed=93ms
2026-09-15 08:20:00,587 [INFO] sync_agent: Cycle #100 [delta]: 7/7 patch, elapsed=92ms
2026-09-15 08:20:01,590 [INFO] sync_agent: Cycle #101 [delta]: 7/7 patch, elapsed=95ms
2026-09-15 08:20:02,594 [INFO] sync_agent: Cycle #102 [delta]: 7/7 patch, elapsed=99ms
2026-09-15 08:20:03,593 [INFO] sync_agent: Cycle #103 [delta]: 7/7 patch, elapsed=97ms
2026-09-15 08:20:04,594 [INFO] sync_agent: Cycle #104 [delta]: 7/7 patch, elapsed=98ms
2026-09-15 08:20:05,591 [INFO] sync_agent: Cycle #105 [delta]: 7/7 patch, elapsed=95ms
2026-09-15 08:20:06,590 [INFO] sync_agent: Cycle #106 [delta]: 7/7 patch, elapsed=94ms
2026-09-15 08:20:07,595 [INFO] sync_agent: Cycle #107 [delta]: 7/7 patch, elapsed=99ms
2026-09-15 08:20:08,588 [INFO] sync_agent: Cycle #108 [delta]: 7/7 patch, elapsed=91ms
2026-09-15 08:20:09,589 [INFO] sync_agent: Cycle #109 [delta]: 7/7 patch, elapsed=92ms
2026-09-15 08:20:10,597 [INFO] sync_agent: Cycle #110 [delta]: 7/7 patch, elapsed=100ms
2026-09-15 08:20:11,590 [INFO] sync_agent: Cycle #111 [delta]: 7/7 patch, elapsed=93ms
2026-09-15 08:20:12,619 [INFO] sync_agent: Cycle #112 [delta]: 7/7 patch, elapsed=122ms
2026-09-15 08:20:13,607 [INFO] sync_agent: Cycle #113 [delta]: 7/7 patch, elapsed=109ms
2026-09-15 08:20:14,633 [INFO] sync_agent: Cycle #114 [delta]: 12/12 patch, elapsed=135ms
2026-09-15 08:20:15,637 [INFO] sync_agent: Cycle #115 [delta]: 12/12 patch, elapsed=139ms
2026-09-15 08:20:16,592 [INFO] sync_agent: Cycle #116 [delta]: 7/7 patch, elapsed=94ms
2026-09-15 08:20:17,592 [INFO] sync_agent: Cycle #117 [delta]: 7/7 patch, elapsed=94ms
2026-09-15 08:20:18,604 [INFO] sync_agent: Cycle #118 [delta]: 8/8 patch, elapsed=105ms
2026-09-15 08:20:19,604 [INFO] sync_agent: Cycle #119 [delta]: 8/8 patch, elapsed=104ms
2026-09-15 08:20:20,600 [INFO] sync_agent: Cycle #120 [delta]: 7/7 patch, elapsed=100ms
2026-09-15 08:20:21,667 [INFO] sync_agent: Cycle #121 [RECONCILE]: 16/16 patch, elapsed=167ms
2026-09-15 08:20:22,600 [INFO] sync_agent: Cycle #122 [delta]: 7/7 patch, elapsed=99ms
2026-09-15 08:20:23,593 [INFO] sync_agent: Cycle #123 [delta]: 7/7 patch, elapsed=92ms
2026-09-15 08:20:24,598 [INFO] sync_agent: Cycle #124 [delta]: 7/7 patch, elapsed=97ms
2026-09-15 08:20:25,593 [INFO] sync_agent: Cycle #125 [delta]: 7/7 patch, elapsed=92ms
2026-09-15 08:20:26,594 [INFO] sync_agent: Cycle #126 [delta]: 7/7 patch, elapsed=92ms
2026-09-15 08:20:27,610 [INFO] sync_agent: Cycle #127 [delta]: 7/7 patch, elapsed=108ms
2026-09-15 08:20:28,595 [INFO] sync_agent: Cycle #128 [delta]: 7/7 patch, elapsed=93ms
2026-09-15 08:20:29,597 [INFO] sync_agent: Cycle #129 [delta]: 7/7 patch, elapsed=95ms
2026-09-15 08:20:29,681 [WARNING] command_agent: Message KHÔNG có correlation-id -> không dedup được.
2026-09-15 08:20:29,681 [INFO] command_agent: NHẬN LỆNH [None] disableLink target=org.dt4n.core:link-h1-s1 params={}
2026-09-15 08:20:29,681 [INFO] command_agent: LOCK_WAIT [None] disableLink target=org.dt4n.core:link-h1-s1 0ms
2026-09-15 08:20:29,684 [INFO] command_agent: THỰC THI [None] disableLink target=org.dt4n.core:link-h1-s1 -> link h1-s1 -> down
2026-09-15 08:20:29,685 [WARNING] command_agent: Message không có correlation-id -> không gửi được response
2026-09-15 08:20:30,610 [INFO] sync_agent: Cycle #130 [delta]: 7/7 patch, elapsed=108ms
2026-09-15 08:20:31,610 [INFO] sync_agent: Cycle #131 [delta]: 7/7 patch, elapsed=107ms
2026-09-15 08:20:32,604 [INFO] sync_agent: Cycle #132 [delta]: 7/7 patch, elapsed=101ms
2026-09-15 08:20:33,601 [INFO] sync_agent: Cycle #133 [delta]: 7/7 patch, elapsed=98ms
2026-09-15 08:20:33,640 [WARNING] command_agent: Message KHÔNG có correlation-id -> không dedup được.
2026-09-15 08:20:33,640 [INFO] command_agent: NHẬN LỆNH [None] disableLink target=org.dt4n.core:link-h1-s1 params={}
2026-09-15 08:20:33,640 [INFO] command_agent: LOCK_WAIT [None] disableLink target=org.dt4n.core:link-h1-s1 0ms
2026-09-15 08:20:33,645 [INFO] command_agent: THỰC THI [None] disableLink target=org.dt4n.core:link-h1-s1 -> link h1-s1 -> down
2026-09-15 08:20:33,645 [WARNING] command_agent: Message không có correlation-id -> không gửi được response
2026-09-15 08:20:34,614 [INFO] sync_agent: Cycle #134 [delta]: 8/8 patch, elapsed=111ms
2026-09-15 08:20:35,618 [INFO] sync_agent: Cycle #135 [delta]: 8/8 patch, elapsed=115ms
2026-09-15 08:20:36,597 [INFO] sync_agent: Cycle #136 [delta]: 7/7 patch, elapsed=93ms
2026-09-15 08:20:37,594 [WARNING] command_agent: Message KHÔNG có correlation-id -> không dedup được.
2026-09-15 08:20:37,594 [INFO] command_agent: NHẬN LỆNH [None] disableLink target=org.dt4n.core:link-h1-s1 params={}
2026-09-15 08:20:37,595 [INFO] command_agent: LOCK_WAIT [None] disableLink target=org.dt4n.core:link-h1-s1 0ms
2026-09-15 08:20:37,599 [INFO] command_agent: THỰC THI [None] disableLink target=org.dt4n.core:link-h1-s1 -> link h1-s1 -> down
2026-09-15 08:20:37,599 [WARNING] command_agent: Message không có correlation-id -> không gửi được response
2026-09-15 08:20:37,601 [INFO] sync_agent: Cycle #137 [delta]: 7/7 patch, elapsed=97ms
2026-09-15 08:20:38,602 [INFO] sync_agent: Cycle #138 [delta]: 7/7 patch, elapsed=98ms
2026-09-15 08:20:39,620 [INFO] sync_agent: Cycle #139 [delta]: 10/10 patch, elapsed=116ms
2026-09-15 08:20:40,629 [INFO] sync_agent: Cycle #140 [delta]: 10/10 patch, elapsed=125ms
2026-09-15 08:20:41,595 [WARNING] command_agent: Message KHÔNG có correlation-id -> không dedup được.
2026-09-15 08:20:41,595 [INFO] command_agent: NHẬN LỆNH [None] disableLink target=org.dt4n.core:link-h1-s1 params={}
2026-09-15 08:20:41,596 [INFO] command_agent: LOCK_WAIT [None] disableLink target=org.dt4n.core:link-h1-s1 0ms
2026-09-15 08:20:41,597 [INFO] sync_agent: Cycle #141 [delta]: 7/7 patch, elapsed=92ms
2026-09-15 08:20:41,603 [INFO] command_agent: THỰC THI [None] disableLink target=org.dt4n.core:link-h1-s1 -> link h1-s1 -> down
2026-09-15 08:20:41,603 [WARNING] command_agent: Message không có correlation-id -> không gửi được response
2026-09-15 08:20:42,623 [INFO] sync_agent: Cycle #142 [delta]: 7/7 patch, elapsed=119ms
2026-09-15 08:20:43,601 [INFO] sync_agent: Cycle #143 [delta]: 7/7 patch, elapsed=96ms
2026-09-15 08:20:44,598 [INFO] sync_agent: Cycle #144 [delta]: 7/7 patch, elapsed=93ms
2026-09-15 08:20:45,601 [INFO] sync_agent: Cycle #145 [delta]: 7/7 patch, elapsed=95ms
2026-09-15 08:20:45,619 [WARNING] command_agent: Message KHÔNG có correlation-id -> không dedup được.
2026-09-15 08:20:45,619 [INFO] command_agent: NHẬN LỆNH [None] disableLink target=org.dt4n.core:link-h1-s1 params={}
2026-09-15 08:20:45,619 [INFO] command_agent: LOCK_WAIT [None] disableLink target=org.dt4n.core:link-h1-s1 0ms
2026-09-15 08:20:45,624 [INFO] command_agent: THỰC THI [None] disableLink target=org.dt4n.core:link-h1-s1 -> link h1-s1 -> down
2026-09-15 08:20:45,625 [WARNING] command_agent: Message không có correlation-id -> không gửi được response
2026-09-15 08:20:46,596 [INFO] sync_agent: Cycle #146 [delta]: 7/7 patch, elapsed=90ms
2026-09-15 08:20:47,606 [INFO] sync_agent: Cycle #147 [delta]: 7/7 patch, elapsed=100ms
2026-09-15 08:20:48,595 [INFO] sync_agent: Cycle #148 [delta]: 7/7 patch, elapsed=89ms
2026-09-15 08:20:49,603 [INFO] sync_agent: Cycle #149 [delta]: 7/7 patch, elapsed=97ms
2026-09-15 08:20:49,604 [WARNING] command_agent: Message KHÔNG có correlation-id -> không dedup được.
2026-09-15 08:20:49,604 [INFO] command_agent: NHẬN LỆNH [None] disableLink target=org.dt4n.core:link-h1-s1 params={}
2026-09-15 08:20:49,604 [INFO] command_agent: LOCK_WAIT [None] disableLink target=org.dt4n.core:link-h1-s1 0ms
2026-09-15 08:20:49,608 [INFO] command_agent: THỰC THI [None] disableLink target=org.dt4n.core:link-h1-s1 -> link h1-s1 -> down
2026-09-15 08:20:49,608 [WARNING] command_agent: Message không có correlation-id -> không gửi được response
2026-09-15 08:20:50,600 [INFO] sync_agent: Cycle #150 [delta]: 7/7 patch, elapsed=94ms
2026-09-15 08:20:51,673 [INFO] sync_agent: Cycle #151 [RECONCILE]: 16/16 patch, elapsed=165ms
2026-09-15 08:20:52,599 [INFO] sync_agent: Cycle #152 [delta]: 7/7 patch, elapsed=92ms
2026-09-15 08:20:53,600 [INFO] sync_agent: Cycle #153 [delta]: 7/7 patch, elapsed=92ms
2026-09-15 08:20:53,653 [WARNING] command_agent: Message KHÔNG có correlation-id -> không dedup được.
2026-09-15 08:20:53,653 [INFO] command_agent: NHẬN LỆNH [None] disableLink target=org.dt4n.core:link-h1-s1 params={}
2026-09-15 08:20:53,653 [INFO] command_agent: LOCK_WAIT [None] disableLink target=org.dt4n.core:link-h1-s1 0ms
2026-09-15 08:20:53,656 [INFO] command_agent: THỰC THI [None] disableLink target=org.dt4n.core:link-h1-s1 -> link h1-s1 -> down
2026-09-15 08:20:53,657 [WARNING] command_agent: Message không có correlation-id -> không gửi được response
2026-09-15 08:20:54,600 [INFO] sync_agent: Cycle #154 [delta]: 7/7 patch, elapsed=92ms
2026-09-15 08:20:55,602 [INFO] sync_agent: Cycle #155 [delta]: 7/7 patch, elapsed=94ms
2026-09-15 08:20:56,599 [INFO] sync_agent: Cycle #156 [delta]: 7/7 patch, elapsed=90ms
2026-09-15 08:20:57,601 [INFO] sync_agent: Cycle #157 [delta]: 7/7 patch, elapsed=92ms
2026-09-15 08:20:57,644 [WARNING] command_agent: Message KHÔNG có correlation-id -> không dedup được.
2026-09-15 08:20:57,644 [INFO] command_agent: NHẬN LỆNH [None] disableLink target=org.dt4n.core:link-h1-s1 params={}
2026-09-15 08:20:57,644 [INFO] command_agent: LOCK_WAIT [None] disableLink target=org.dt4n.core:link-h1-s1 0ms
2026-09-15 08:20:57,649 [INFO] command_agent: THỰC THI [None] disableLink target=org.dt4n.core:link-h1-s1 -> link h1-s1 -> down
2026-09-15 08:20:57,649 [WARNING] command_agent: Message không có correlation-id -> không gửi được response
2026-09-15 08:20:58,620 [INFO] sync_agent: Cycle #158 [delta]: 7/7 patch, elapsed=111ms
2026-09-15 08:20:59,603 [INFO] sync_agent: Cycle #159 [delta]: 7/7 patch, elapsed=93ms
2026-09-15 08:21:00,598 [INFO] sync_agent: Cycle #160 [delta]: 7/7 patch, elapsed=89ms
2026-09-15 08:21:01,593 [WARNING] command_agent: Message KHÔNG có correlation-id -> không dedup được.
2026-09-15 08:21:01,593 [INFO] command_agent: NHẬN LỆNH [None] disableLink target=org.dt4n.core:link-h1-s1 params={}
2026-09-15 08:21:01,595 [INFO] command_agent: LOCK_WAIT [None] disableLink target=org.dt4n.core:link-h1-s1 0ms
2026-09-15 08:21:01,599 [INFO] command_agent: THỰC THI [None] disableLink target=org.dt4n.core:link-h1-s1 -> link h1-s1 -> down
2026-09-15 08:21:01,599 [WARNING] command_agent: Message không có correlation-id -> không gửi được response
2026-09-15 08:21:01,619 [INFO] sync_agent: Cycle #161 [delta]: 7/7 patch, elapsed=109ms
2026-09-15 08:21:02,603 [INFO] sync_agent: Cycle #162 [delta]: 7/7 patch, elapsed=94ms
2026-09-15 08:21:03,604 [INFO] sync_agent: Cycle #163 [delta]: 7/7 patch, elapsed=94ms
2026-09-15 08:21:04,600 [INFO] sync_agent: Cycle #164 [delta]: 7/7 patch, elapsed=90ms
2026-09-15 08:21:05,604 [INFO] sync_agent: Cycle #165 [delta]: 7/7 patch, elapsed=93ms
2026-09-15 08:21:05,640 [WARNING] command_agent: Message KHÔNG có correlation-id -> không dedup được.
2026-09-15 08:21:05,640 [INFO] command_agent: NHẬN LỆNH [None] disableLink target=org.dt4n.core:link-h1-s1 params={}
2026-09-15 08:21:05,640 [INFO] command_agent: LOCK_WAIT [None] disableLink target=org.dt4n.core:link-h1-s1 0ms
2026-09-15 08:21:05,646 [INFO] command_agent: THỰC THI [None] disableLink target=org.dt4n.core:link-h1-s1 -> link h1-s1 -> down
2026-09-15 08:21:05,647 [WARNING] command_agent: Message không có correlation-id -> không gửi được response
2026-09-15 08:21:06,603 [INFO] sync_agent: Cycle #166 [delta]: 7/7 patch, elapsed=92ms
2026-09-15 08:21:07,601 [INFO] sync_agent: Cycle #167 [delta]: 7/7 patch, elapsed=90ms
2026-09-15 08:21:08,598 [INFO] sync_agent: Cycle #168 [delta]: 7/7 patch, elapsed=87ms
2026-09-15 08:21:09,601 [INFO] sync_agent: Cycle #169 [delta]: 7/7 patch, elapsed=89ms
2026-09-15 08:21:09,630 [WARNING] command_agent: Message KHÔNG có correlation-id -> không dedup được.
2026-09-15 08:21:09,630 [INFO] command_agent: NHẬN LỆNH [None] disableLink target=org.dt4n.core:link-h1-s1 params={}
2026-09-15 08:21:09,630 [INFO] command_agent: LOCK_WAIT [None] disableLink target=org.dt4n.core:link-h1-s1 0ms
2026-09-15 08:21:09,635 [INFO] command_agent: THỰC THI [None] disableLink target=org.dt4n.core:link-h1-s1 -> link h1-s1 -> down
2026-09-15 08:21:09,636 [WARNING] command_agent: Message không có correlation-id -> không gửi được response
2026-09-15 08:21:10,606 [INFO] sync_agent: Cycle #170 [delta]: 7/7 patch, elapsed=95ms
2026-09-15 08:21:11,603 [INFO] sync_agent: Cycle #171 [delta]: 7/7 patch, elapsed=91ms
2026-09-15 08:21:12,603 [INFO] sync_agent: Cycle #172 [delta]: 7/7 patch, elapsed=91ms
2026-09-15 08:21:13,603 [INFO] sync_agent: Cycle #173 [delta]: 7/7 patch, elapsed=90ms
2026-09-15 08:21:13,623 [WARNING] command_agent: Message KHÔNG có correlation-id -> không dedup được.
2026-09-15 08:21:13,623 [INFO] command_agent: NHẬN LỆNH [None] disableLink target=org.dt4n.core:link-h1-s1 params={}
2026-09-15 08:21:13,623 [INFO] command_agent: LOCK_WAIT [None] disableLink target=org.dt4n.core:link-h1-s1 0ms
2026-09-15 08:21:13,626 [INFO] command_agent: THỰC THI [None] disableLink target=org.dt4n.core:link-h1-s1 -> link h1-s1 -> down
2026-09-15 08:21:13,626 [WARNING] command_agent: Message không có correlation-id -> không gửi được response
2026-09-15 08:21:14,602 [INFO] sync_agent: Cycle #174 [delta]: 7/7 patch, elapsed=90ms
2026-09-15 08:21:15,604 [INFO] sync_agent: Cycle #175 [delta]: 7/7 patch, elapsed=91ms
2026-09-15 08:21:16,604 [INFO] sync_agent: Cycle #176 [delta]: 7/7 patch, elapsed=91ms
2026-09-15 08:21:17,604 [INFO] sync_agent: Cycle #177 [delta]: 7/7 patch, elapsed=90ms
2026-09-15 08:21:17,617 [WARNING] command_agent: Message KHÔNG có correlation-id -> không dedup được.
2026-09-15 08:21:17,618 [INFO] command_agent: NHẬN LỆNH [None] disableLink target=org.dt4n.core:link-h1-s1 params={}
2026-09-15 08:21:17,618 [INFO] command_agent: LOCK_WAIT [None] disableLink target=org.dt4n.core:link-h1-s1 0ms
2026-09-15 08:21:17,621 [INFO] command_agent: THỰC THI [None] disableLink target=org.dt4n.core:link-h1-s1 -> link h1-s1 -> down
2026-09-15 08:21:17,622 [WARNING] command_agent: Message không có correlation-id -> không gửi được response
2026-09-15 08:21:18,605 [INFO] sync_agent: Cycle #178 [delta]: 7/7 patch, elapsed=91ms
2026-09-15 08:21:19,604 [INFO] sync_agent: Cycle #179 [delta]: 7/7 patch, elapsed=90ms
2026-09-15 08:21:20,617 [INFO] sync_agent: Cycle #180 [delta]: 7/7 patch, elapsed=103ms
2026-09-15 08:21:21,647 [WARNING] command_agent: Message KHÔNG có correlation-id -> không dedup được.
2026-09-15 08:21:21,647 [INFO] command_agent: NHẬN LỆNH [None] disableLink target=org.dt4n.core:link-h1-s1 params={}
2026-09-15 08:21:21,647 [INFO] command_agent: LOCK_WAIT [None] disableLink target=org.dt4n.core:link-h1-s1 0ms
2026-09-15 08:21:21,654 [INFO] command_agent: THỰC THI [None] disableLink target=org.dt4n.core:link-h1-s1 -> link h1-s1 -> down
2026-09-15 08:21:21,654 [WARNING] command_agent: Message không có correlation-id -> không gửi được response
2026-09-15 08:21:21,691 [INFO] sync_agent: Cycle #181 [RECONCILE]: 16/16 patch, elapsed=177ms
2026-09-15 08:21:22,609 [INFO] sync_agent: Cycle #182 [delta]: 7/7 patch, elapsed=95ms
2026-09-15 08:21:23,610 [INFO] sync_agent: Cycle #183 [delta]: 7/7 patch, elapsed=95ms
2026-09-15 08:21:24,608 [INFO] sync_agent: Cycle #184 [delta]: 7/7 patch, elapsed=93ms
2026-09-15 08:21:25,602 [INFO] sync_agent: Cycle #185 [delta]: 7/7 patch, elapsed=87ms
2026-09-15 08:21:25,629 [WARNING] command_agent: Message KHÔNG có correlation-id -> không dedup được.
2026-09-15 08:21:25,629 [INFO] command_agent: NHẬN LỆNH [None] disableLink target=org.dt4n.core:link-h1-s1 params={}
2026-09-15 08:21:25,629 [INFO] command_agent: LOCK_WAIT [None] disableLink target=org.dt4n.core:link-h1-s1 0ms
2026-09-15 08:21:25,633 [INFO] command_agent: THỰC THI [None] disableLink target=org.dt4n.core:link-h1-s1 -> link h1-s1 -> down
2026-09-15 08:21:25,633 [WARNING] command_agent: Message không có correlation-id -> không gửi được response
2026-09-15 08:21:26,605 [INFO] sync_agent: Cycle #186 [delta]: 7/7 patch, elapsed=90ms
2026-09-15 08:21:27,607 [INFO] sync_agent: Cycle #187 [delta]: 7/7 patch, elapsed=91ms
2026-09-15 08:21:28,602 [INFO] sync_agent: Cycle #188 [delta]: 7/7 patch, elapsed=87ms
2026-09-15 08:21:29,603 [INFO] sync_agent: Cycle #189 [delta]: 7/7 patch, elapsed=87ms
2026-09-15 08:21:29,615 [WARNING] command_agent: Message KHÔNG có correlation-id -> không dedup được.
2026-09-15 08:21:29,615 [INFO] command_agent: NHẬN LỆNH [None] disableLink target=org.dt4n.core:link-h1-s1 params={}
2026-09-15 08:21:29,615 [INFO] command_agent: LOCK_WAIT [None] disableLink target=org.dt4n.core:link-h1-s1 0ms
2026-09-15 08:21:29,618 [INFO] command_agent: THỰC THI [None] disableLink target=org.dt4n.core:link-h1-s1 -> link h1-s1 -> down
2026-09-15 08:21:29,619 [WARNING] command_agent: Message không có correlation-id -> không gửi được response
2026-09-15 08:21:30,605 [INFO] sync_agent: Cycle #190 [delta]: 7/7 patch, elapsed=89ms
2026-09-15 08:21:31,606 [INFO] sync_agent: Cycle #191 [delta]: 7/7 patch, elapsed=90ms
2026-09-15 08:21:32,605 [INFO] sync_agent: Cycle #192 [delta]: 7/7 patch, elapsed=89ms
2026-09-15 08:21:33,603 [WARNING] command_agent: Message KHÔNG có correlation-id -> không dedup được.
2026-09-15 08:21:33,603 [INFO] command_agent: NHẬN LỆNH [None] disableLink target=org.dt4n.core:link-h1-s1 params={}
2026-09-15 08:21:33,604 [INFO] command_agent: LOCK_WAIT [None] disableLink target=org.dt4n.core:link-h1-s1 0ms
2026-09-15 08:21:33,607 [INFO] command_agent: THỰC THI [None] disableLink target=org.dt4n.core:link-h1-s1 -> link h1-s1 -> down
2026-09-15 08:21:33,608 [WARNING] command_agent: Message không có correlation-id -> không gửi được response
2026-09-15 08:21:33,612 [INFO] sync_agent: Cycle #193 [delta]: 7/7 patch, elapsed=95ms
2026-09-15 08:21:34,612 [INFO] sync_agent: Cycle #194 [delta]: 7/7 patch, elapsed=95ms
2026-09-15 08:21:35,613 [INFO] sync_agent: Cycle #195 [delta]: 7/7 patch, elapsed=95ms
2026-09-15 08:21:36,604 [INFO] sync_agent: Cycle #196 [delta]: 7/7 patch, elapsed=86ms
2026-09-15 08:21:37,607 [INFO] sync_agent: Cycle #197 [delta]: 7/7 patch, elapsed=89ms
2026-09-15 08:21:37,646 [WARNING] command_agent: Message KHÔNG có correlation-id -> không dedup được.
2026-09-15 08:21:37,647 [INFO] command_agent: NHẬN LỆNH [None] disableLink target=org.dt4n.core:link-h1-s1 params={}
2026-09-15 08:21:37,647 [INFO] command_agent: LOCK_WAIT [None] disableLink target=org.dt4n.core:link-h1-s1 0ms
2026-09-15 08:21:37,652 [INFO] command_agent: THỰC THI [None] disableLink target=org.dt4n.core:link-h1-s1 -> link h1-s1 -> down
2026-09-15 08:21:37,652 [WARNING] command_agent: Message không có correlation-id -> không gửi được response
2026-09-15 08:21:38,606 [INFO] sync_agent: Cycle #198 [delta]: 7/7 patch, elapsed=88ms
2026-09-15 08:21:39,607 [INFO] sync_agent: Cycle #199 [delta]: 7/7 patch, elapsed=89ms
2026-09-15 08:21:40,606 [INFO] sync_agent: Cycle #200 [delta]: 7/7 patch, elapsed=87ms
2026-09-15 08:21:41,609 [INFO] sync_agent: Cycle #201 [delta]: 7/7 patch, elapsed=90ms
2026-09-15 08:21:41,620 [WARNING] command_agent: Message KHÔNG có correlation-id -> không dedup được.
2026-09-15 08:21:41,620 [INFO] command_agent: NHẬN LỆNH [None] disableLink target=org.dt4n.core:link-h1-s1 params={}
2026-09-15 08:21:41,620 [INFO] command_agent: LOCK_WAIT [None] disableLink target=org.dt4n.core:link-h1-s1 0ms
2026-09-15 08:21:41,625 [INFO] command_agent: THỰC THI [None] disableLink target=org.dt4n.core:link-h1-s1 -> link h1-s1 -> down
2026-09-15 08:21:41,625 [WARNING] command_agent: Message không có correlation-id -> không gửi được response
2026-09-15 08:21:42,613 [INFO] sync_agent: Cycle #202 [delta]: 7/7 patch, elapsed=94ms
2026-09-15 08:21:43,614 [INFO] sync_agent: Cycle #203 [delta]: 7/7 patch, elapsed=95ms
2026-09-15 08:21:44,612 [INFO] sync_agent: Cycle #204 [delta]: 7/7 patch, elapsed=93ms
2026-09-15 08:21:45,611 [INFO] sync_agent: Cycle #205 [delta]: 7/7 patch, elapsed=91ms
2026-09-15 08:21:45,619 [WARNING] command_agent: Message KHÔNG có correlation-id -> không dedup được.
2026-09-15 08:21:45,619 [INFO] command_agent: NHẬN LỆNH [None] disableLink target=org.dt4n.core:link-h1-s1 params={}
2026-09-15 08:21:45,619 [INFO] command_agent: LOCK_WAIT [None] disableLink target=org.dt4n.core:link-h1-s1 0ms
2026-09-15 08:21:45,625 [INFO] command_agent: THỰC THI [None] disableLink target=org.dt4n.core:link-h1-s1 -> link h1-s1 -> down
2026-09-15 08:21:45,626 [WARNING] command_agent: Message không có correlation-id -> không gửi được response
2026-09-15 08:21:46,607 [INFO] sync_agent: Cycle #206 [delta]: 7/7 patch, elapsed=87ms
2026-09-15 08:21:47,629 [INFO] sync_agent: Cycle #207 [delta]: 7/7 patch, elapsed=109ms
2026-09-15 08:21:48,616 [INFO] sync_agent: Cycle #208 [delta]: 7/7 patch, elapsed=95ms
2026-09-15 08:21:49,610 [INFO] sync_agent: Cycle #209 [delta]: 7/7 patch, elapsed=89ms
2026-09-15 08:21:49,620 [WARNING] command_agent: Message KHÔNG có correlation-id -> không dedup được.
2026-09-15 08:21:49,620 [INFO] command_agent: NHẬN LỆNH [None] disableLink target=org.dt4n.core:link-h1-s1 params={}
2026-09-15 08:21:49,620 [INFO] command_agent: LOCK_WAIT [None] disableLink target=org.dt4n.core:link-h1-s1 0ms
2026-09-15 08:21:49,625 [INFO] command_agent: THỰC THI [None] disableLink target=org.dt4n.core:link-h1-s1 -> link h1-s1 -> down
2026-09-15 08:21:49,625 [WARNING] command_agent: Message không có correlation-id -> không gửi được response
2026-09-15 08:21:50,632 [INFO] sync_agent: Cycle #210 [delta]: 7/7 patch, elapsed=111ms
2026-09-15 08:21:51,673 [INFO] sync_agent: Cycle #211 [RECONCILE]: 16/16 patch, elapsed=152ms
2026-09-15 08:21:52,612 [INFO] sync_agent: Cycle #212 [delta]: 7/7 patch, elapsed=90ms
2026-09-15 08:21:53,614 [INFO] sync_agent: Cycle #213 [delta]: 7/7 patch, elapsed=92ms
2026-09-15 08:21:53,674 [WARNING] command_agent: Message KHÔNG có correlation-id -> không dedup được.
2026-09-15 08:21:53,674 [INFO] command_agent: NHẬN LỆNH [None] disableLink target=org.dt4n.core:link-h1-s1 params={}
2026-09-15 08:21:53,674 [INFO] command_agent: LOCK_WAIT [None] disableLink target=org.dt4n.core:link-h1-s1 0ms
2026-09-15 08:21:53,677 [INFO] command_agent: THỰC THI [None] disableLink target=org.dt4n.core:link-h1-s1 -> link h1-s1 -> down
2026-09-15 08:21:53,678 [WARNING] command_agent: Message không có correlation-id -> không gửi được response
2026-09-15 08:21:54,613 [INFO] sync_agent: Cycle #214 [delta]: 7/7 patch, elapsed=91ms
2026-09-15 08:21:55,616 [INFO] sync_agent: Cycle #215 [delta]: 7/7 patch, elapsed=93ms
2026-09-15 08:21:56,609 [INFO] sync_agent: Cycle #216 [delta]: 7/7 patch, elapsed=86ms
2026-09-15 08:21:57,605 [WARNING] command_agent: Message KHÔNG có correlation-id -> không dedup được.
2026-09-15 08:21:57,605 [INFO] command_agent: NHẬN LỆNH [None] disableLink target=org.dt4n.core:link-h1-s1 params={}
2026-09-15 08:21:57,605 [INFO] command_agent: LOCK_WAIT [None] disableLink target=org.dt4n.core:link-h1-s1 0ms
2026-09-15 08:21:57,611 [INFO] command_agent: THỰC THI [None] disableLink target=org.dt4n.core:link-h1-s1 -> link h1-s1 -> down
2026-09-15 08:21:57,612 [WARNING] command_agent: Message không có correlation-id -> không gửi được response
2026-09-15 08:21:57,619 [INFO] sync_agent: Cycle #217 [delta]: 7/7 patch, elapsed=97ms
2026-09-15 08:21:58,616 [INFO] sync_agent: Cycle #218 [delta]: 7/7 patch, elapsed=93ms
2026-09-15 08:21:59,614 [INFO] sync_agent: Cycle #219 [delta]: 7/7 patch, elapsed=91ms
2026-09-15 08:22:00,614 [INFO] sync_agent: Cycle #220 [delta]: 7/7 patch, elapsed=91ms
2026-09-15 08:22:01,626 [INFO] sync_agent: Cycle #221 [delta]: 7/7 patch, elapsed=103ms
2026-09-15 08:22:01,638 [WARNING] command_agent: Message KHÔNG có correlation-id -> không dedup được.
2026-09-15 08:22:01,638 [INFO] command_agent: NHẬN LỆNH [None] disableLink target=org.dt4n.core:link-h1-s1 params={}
2026-09-15 08:22:01,639 [INFO] command_agent: LOCK_WAIT [None] disableLink target=org.dt4n.core:link-h1-s1 0ms
2026-09-15 08:22:01,642 [INFO] command_agent: THỰC THI [None] disableLink target=org.dt4n.core:link-h1-s1 -> link h1-s1 -> down
2026-09-15 08:22:01,642 [WARNING] command_agent: Message không có correlation-id -> không gửi được response
2026-09-15 08:22:02,611 [INFO] sync_agent: Cycle #222 [delta]: 7/7 patch, elapsed=87ms
2026-09-15 08:22:03,621 [INFO] sync_agent: Cycle #223 [delta]: 7/7 patch, elapsed=98ms
2026-09-15 08:22:04,612 [INFO] sync_agent: Cycle #224 [delta]: 7/7 patch, elapsed=88ms
2026-09-15 08:22:05,614 [INFO] sync_agent: Cycle #225 [delta]: 7/7 patch, elapsed=89ms
2026-09-15 08:22:05,631 [WARNING] command_agent: Message KHÔNG có correlation-id -> không dedup được.
2026-09-15 08:22:05,631 [INFO] command_agent: NHẬN LỆNH [None] disableLink target=org.dt4n.core:link-h1-s1 params={}
2026-09-15 08:22:05,631 [INFO] command_agent: LOCK_WAIT [None] disableLink target=org.dt4n.core:link-h1-s1 0ms
2026-09-15 08:22:05,634 [INFO] command_agent: THỰC THI [None] disableLink target=org.dt4n.core:link-h1-s1 -> link h1-s1 -> down
2026-09-15 08:22:05,635 [WARNING] command_agent: Message không có correlation-id -> không gửi được response
2026-09-15 08:22:06,608 [INFO] sync_agent: Cycle #226 [delta]: 7/7 patch, elapsed=83ms
2026-09-15 08:22:07,616 [INFO] sync_agent: Cycle #227 [delta]: 7/7 patch, elapsed=91ms
2026-09-15 08:22:08,611 [INFO] sync_agent: Cycle #228 [delta]: 7/7 patch, elapsed=86ms
2026-09-15 08:22:09,612 [WARNING] command_agent: Message KHÔNG có correlation-id -> không dedup được.
2026-09-15 08:22:09,612 [INFO] command_agent: NHẬN LỆNH [None] disableLink target=org.dt4n.core:link-h1-s1 params={}
2026-09-15 08:22:09,612 [INFO] command_agent: LOCK_WAIT [None] disableLink target=org.dt4n.core:link-h1-s1 0ms
2026-09-15 08:22:09,617 [INFO] command_agent: THỰC THI [None] disableLink target=org.dt4n.core:link-h1-s1 -> link h1-s1 -> down
2026-09-15 08:22:09,617 [WARNING] command_agent: Message không có correlation-id -> không gửi được response
2026-09-15 08:22:09,627 [INFO] sync_agent: Cycle #229 [delta]: 9/9 patch, elapsed=102ms
2026-09-15 08:22:10,631 [INFO] sync_agent: Cycle #230 [delta]: 9/9 patch, elapsed=106ms
2026-09-15 08:22:11,611 [INFO] sync_agent: Cycle #231 [delta]: 7/7 patch, elapsed=86ms
2026-09-15 08:22:12,615 [INFO] sync_agent: Cycle #232 [delta]: 7/7 patch, elapsed=89ms
2026-09-15 08:22:13,633 [INFO] sync_agent: Cycle #233 [delta]: 9/9 patch, elapsed=107ms
2026-09-15 08:22:13,642 [WARNING] command_agent: Message KHÔNG có correlation-id -> không dedup được.
2026-09-15 08:22:13,642 [INFO] command_agent: NHẬN LỆNH [None] disableLink target=org.dt4n.core:link-h1-s1 params={}
2026-09-15 08:22:13,642 [INFO] command_agent: LOCK_WAIT [None] disableLink target=org.dt4n.core:link-h1-s1 0ms
2026-09-15 08:22:13,645 [INFO] command_agent: THỰC THI [None] disableLink target=org.dt4n.core:link-h1-s1 -> link h1-s1 -> down
2026-09-15 08:22:13,645 [WARNING] command_agent: Message không có correlation-id -> không gửi được response
2026-09-15 08:22:14,631 [INFO] sync_agent: Cycle #234 [delta]: 9/9 patch, elapsed=104ms
2026-09-15 08:22:15,622 [INFO] sync_agent: Cycle #235 [delta]: 7/7 patch, elapsed=96ms
2026-09-15 08:22:16,615 [INFO] sync_agent: Cycle #236 [delta]: 7/7 patch, elapsed=88ms
2026-09-15 08:22:17,613 [INFO] sync_agent: Cycle #237 [delta]: 7/7 patch, elapsed=87ms
2026-09-15 08:22:17,622 [WARNING] command_agent: Message KHÔNG có correlation-id -> không dedup được.
2026-09-15 08:22:17,623 [INFO] command_agent: NHẬN LỆNH [None] disableLink target=org.dt4n.core:link-h1-s1 params={}
2026-09-15 08:22:17,623 [INFO] command_agent: LOCK_WAIT [None] disableLink target=org.dt4n.core:link-h1-s1 0ms
2026-09-15 08:22:17,626 [INFO] command_agent: THỰC THI [None] disableLink target=org.dt4n.core:link-h1-s1 -> link h1-s1 -> down
2026-09-15 08:22:17,627 [WARNING] command_agent: Message không có correlation-id -> không gửi được response
2026-09-15 08:22:18,623 [INFO] sync_agent: Cycle #238 [delta]: 7/7 patch, elapsed=96ms
2026-09-15 08:22:19,613 [INFO] sync_agent: Cycle #239 [delta]: 7/7 patch, elapsed=85ms
2026-09-15 08:22:20,634 [INFO] sync_agent: Cycle #240 [delta]: 7/7 patch, elapsed=107ms
2026-09-15 08:22:21,655 [WARNING] command_agent: Message KHÔNG có correlation-id -> không dedup được.
2026-09-15 08:22:21,655 [INFO] command_agent: NHẬN LỆNH [None] disableLink target=org.dt4n.core:link-h1-s1 params={}
2026-09-15 08:22:21,655 [INFO] command_agent: LOCK_WAIT [None] disableLink target=org.dt4n.core:link-h1-s1 0ms
2026-09-15 08:22:21,661 [INFO] command_agent: THỰC THI [None] disableLink target=org.dt4n.core:link-h1-s1 -> link h1-s1 -> down
2026-09-15 08:22:21,662 [WARNING] command_agent: Message không có correlation-id -> không gửi được response
2026-09-15 08:22:21,692 [INFO] sync_agent: Cycle #241 [RECONCILE]: 16/16 patch, elapsed=164ms
2026-09-15 08:22:22,618 [INFO] sync_agent: Cycle #242 [delta]: 7/7 patch, elapsed=90ms
2026-09-15 08:22:23,618 [INFO] sync_agent: Cycle #243 [delta]: 7/7 patch, elapsed=90ms
2026-09-15 08:22:24,618 [INFO] sync_agent: Cycle #244 [delta]: 7/7 patch, elapsed=90ms
2026-09-15 08:22:25,625 [INFO] sync_agent: Cycle #245 [delta]: 8/8 patch, elapsed=96ms
2026-09-15 08:22:25,627 [WARNING] command_agent: Message KHÔNG có correlation-id -> không dedup được.
2026-09-15 08:22:25,627 [INFO] command_agent: NHẬN LỆNH [None] disableLink target=org.dt4n.core:link-h1-s1 params={}
2026-09-15 08:22:25,627 [INFO] command_agent: LOCK_WAIT [None] disableLink target=org.dt4n.core:link-h1-s1 0ms
2026-09-15 08:22:25,630 [INFO] command_agent: THỰC THI [None] disableLink target=org.dt4n.core:link-h1-s1 -> link h1-s1 -> down
2026-09-15 08:22:25,630 [WARNING] command_agent: Message không có correlation-id -> không gửi được response
2026-09-15 08:22:26,627 [INFO] sync_agent: Cycle #246 [delta]: 8/8 patch, elapsed=98ms
2026-09-15 08:22:27,618 [INFO] sync_agent: Cycle #247 [delta]: 7/7 patch, elapsed=89ms
2026-09-15 08:22:27,687 [INFO] command_agent: NHẬN LỆNH [6d2dabb1-e837-4e82-b283-d6c9ffc39245] disableLink target=org.dt4n.core:link-h1-s1 params={}
2026-09-15 08:22:27,687 [INFO] command_agent: LOCK_WAIT [6d2dabb1-e837-4e82-b283-d6c9ffc39245] disableLink target=org.dt4n.core:link-h1-s1 0ms
2026-09-15 08:22:27,691 [INFO] command_agent: THỰC THI [6d2dabb1-e837-4e82-b283-d6c9ffc39245] disableLink target=org.dt4n.core:link-h1-s1 -> link h1-s1 -> down
2026-09-15 08:22:28,618 [INFO] sync_agent: Cycle #248 [delta]: 7/7 patch, elapsed=89ms
2026-09-15 08:22:29,601 [INFO] sync_agent: Cycle #249 [delta]: 5/5 patch, elapsed=71ms
2026-09-15 08:22:30,601 [INFO] sync_agent: Cycle #250 [delta]: 5/5 patch, elapsed=72ms
2026-09-15 08:22:31,603 [INFO] sync_agent: Cycle #251 [delta]: 5/5 patch, elapsed=73ms
2026-09-15 08:22:31,930 [INFO] command_agent: NHẬN LỆNH [60bcfa89-7377-49df-8ff5-a2ba7c6cdd6f] enableLink target=org.dt4n.core:link-h1-s1 params={}
2026-09-15 08:22:31,931 [INFO] command_agent: LOCK_WAIT [60bcfa89-7377-49df-8ff5-a2ba7c6cdd6f] enableLink target=org.dt4n.core:link-h1-s1 0ms
2026-09-15 08:22:31,933 [INFO] command_agent: THỰC THI [60bcfa89-7377-49df-8ff5-a2ba7c6cdd6f] enableLink target=org.dt4n.core:link-h1-s1 -> link h1-s1 -> up
2026-09-15 08:22:32,624 [INFO] sync_agent: Cycle #252 [delta]: 7/7 patch, elapsed=94ms
2026-09-15 08:22:33,619 [INFO] sync_agent: Cycle #253 [delta]: 7/7 patch, elapsed=89ms
2026-09-15 08:22:34,625 [INFO] sync_agent: Cycle #254 [delta]: 7/7 patch, elapsed=94ms
2026-09-15 08:22:35,624 [INFO] sync_agent: Cycle #255 [delta]: 7/7 patch, elapsed=93ms
2026-09-15 08:22:36,178 [INFO] command_agent: NHẬN LỆNH [435bdf94-bbea-4a49-a073-f44272f930cf] disableLink target=org.dt4n.core:link-h1-s1 params={}
2026-09-15 08:22:36,178 [INFO] command_agent: LOCK_WAIT [435bdf94-bbea-4a49-a073-f44272f930cf] disableLink target=org.dt4n.core:link-h1-s1 0ms
2026-09-15 08:22:36,183 [INFO] command_agent: THỰC THI [435bdf94-bbea-4a49-a073-f44272f930cf] disableLink target=org.dt4n.core:link-h1-s1 -> link h1-s1 -> down
2026-09-15 08:22:36,617 [INFO] sync_agent: Cycle #256 [delta]: 7/7 patch, elapsed=85ms
2026-09-15 08:22:37,606 [INFO] sync_agent: Cycle #257 [delta]: 5/5 patch, elapsed=75ms
2026-09-15 08:22:38,606 [INFO] sync_agent: Cycle #258 [delta]: 5/5 patch, elapsed=74ms
2026-09-15 08:22:39,605 [INFO] sync_agent: Cycle #259 [delta]: 5/5 patch, elapsed=73ms
2026-09-15 08:22:40,418 [INFO] command_agent: NHẬN LỆNH [74a38cc5-4e97-4409-a3f0-dbd1682f6018] enableLink target=org.dt4n.core:link-h1-s1 params={}
2026-09-15 08:22:40,418 [INFO] command_agent: LOCK_WAIT [74a38cc5-4e97-4409-a3f0-dbd1682f6018] enableLink target=org.dt4n.core:link-h1-s1 0ms
2026-09-15 08:22:40,421 [INFO] command_agent: THỰC THI [74a38cc5-4e97-4409-a3f0-dbd1682f6018] enableLink target=org.dt4n.core:link-h1-s1 -> link h1-s1 -> up
2026-09-15 08:22:40,620 [INFO] sync_agent: Cycle #260 [delta]: 7/7 patch, elapsed=88ms
2026-09-15 08:22:41,618 [INFO] sync_agent: Cycle #261 [delta]: 7/7 patch, elapsed=86ms
2026-09-15 08:22:42,626 [INFO] sync_agent: Cycle #262 [delta]: 7/7 patch, elapsed=93ms
2026-09-15 08:22:43,629 [INFO] sync_agent: Cycle #263 [delta]: 7/7 patch, elapsed=96ms
2026-09-15 08:22:44,622 [INFO] sync_agent: Cycle #264 [delta]: 7/7 patch, elapsed=89ms
2026-09-15 08:22:44,667 [INFO] command_agent: NHẬN LỆNH [ad45b740-391f-4ce7-84e6-91987f907bec] disableLink target=org.dt4n.core:link-h1-s1 params={}
2026-09-15 08:22:44,667 [INFO] command_agent: LOCK_WAIT [ad45b740-391f-4ce7-84e6-91987f907bec] disableLink target=org.dt4n.core:link-h1-s1 0ms
2026-09-15 08:22:44,670 [INFO] command_agent: THỰC THI [ad45b740-391f-4ce7-84e6-91987f907bec] disableLink target=org.dt4n.core:link-h1-s1 -> link h1-s1 -> down
2026-09-15 08:22:45,623 [INFO] sync_agent: Cycle #265 [delta]: 7/7 patch, elapsed=90ms
2026-09-15 08:22:46,605 [INFO] sync_agent: Cycle #266 [delta]: 5/5 patch, elapsed=72ms
2026-09-15 08:22:47,608 [INFO] sync_agent: Cycle #267 [delta]: 5/5 patch, elapsed=74ms
2026-09-15 08:22:48,618 [INFO] sync_agent: Cycle #268 [delta]: 5/5 patch, elapsed=84ms
2026-09-15 08:22:48,912 [INFO] command_agent: NHẬN LỆNH [1333f25d-a894-4fe9-80d4-1d21aac29fcc] enableLink target=org.dt4n.core:link-h1-s1 params={}
2026-09-15 08:22:48,912 [INFO] command_agent: LOCK_WAIT [1333f25d-a894-4fe9-80d4-1d21aac29fcc] enableLink target=org.dt4n.core:link-h1-s1 0ms
2026-09-15 08:22:48,915 [INFO] command_agent: THỰC THI [1333f25d-a894-4fe9-80d4-1d21aac29fcc] enableLink target=org.dt4n.core:link-h1-s1 -> link h1-s1 -> up
2026-09-15 08:22:49,624 [INFO] sync_agent: Cycle #269 [delta]: 7/7 patch, elapsed=90ms
2026-09-15 08:22:50,634 [INFO] sync_agent: Cycle #270 [delta]: 8/8 patch, elapsed=100ms
2026-09-15 08:22:51,682 [INFO] sync_agent: Cycle #271 [RECONCILE]: 16/16 patch, elapsed=147ms
2026-09-15 08:22:52,625 [INFO] sync_agent: Cycle #272 [delta]: 7/7 patch, elapsed=90ms
2026-09-15 08:22:53,159 [INFO] command_agent: NHẬN LỆNH [ad66268c-d2b5-48aa-93f0-df7a7f267733] disableLink target=org.dt4n.core:link-h1-s1 params={}
2026-09-15 08:22:53,159 [INFO] command_agent: LOCK_WAIT [ad66268c-d2b5-48aa-93f0-df7a7f267733] disableLink target=org.dt4n.core:link-h1-s1 0ms
2026-09-15 08:22:53,163 [INFO] command_agent: THỰC THI [ad66268c-d2b5-48aa-93f0-df7a7f267733] disableLink target=org.dt4n.core:link-h1-s1 -> link h1-s1 -> down
2026-09-15 08:22:53,622 [INFO] sync_agent: Cycle #273 [delta]: 7/7 patch, elapsed=87ms
2026-09-15 08:22:54,611 [INFO] sync_agent: Cycle #274 [delta]: 5/5 patch, elapsed=76ms
2026-09-15 08:22:55,608 [INFO] sync_agent: Cycle #275 [delta]: 5/5 patch, elapsed=73ms
2026-09-15 08:22:56,607 [INFO] sync_agent: Cycle #276 [delta]: 5/5 patch, elapsed=72ms
2026-09-15 08:22:57,403 [INFO] command_agent: NHẬN LỆNH [9a20488a-7df3-4cfc-a2ae-2d9bf561da85] enableLink target=org.dt4n.core:link-h1-s1 params={}
2026-09-15 08:22:57,403 [INFO] command_agent: LOCK_WAIT [9a20488a-7df3-4cfc-a2ae-2d9bf561da85] enableLink target=org.dt4n.core:link-h1-s1 0ms
2026-09-15 08:22:57,406 [INFO] command_agent: THỰC THI [9a20488a-7df3-4cfc-a2ae-2d9bf561da85] enableLink target=org.dt4n.core:link-h1-s1 -> link h1-s1 -> up
2026-09-15 08:22:57,623 [INFO] sync_agent: Cycle #277 [delta]: 7/7 patch, elapsed=87ms
2026-09-15 08:22:58,630 [INFO] sync_agent: Cycle #278 [delta]: 8/8 patch, elapsed=94ms
2026-09-15 08:22:59,624 [INFO] sync_agent: Cycle #279 [delta]: 8/8 patch, elapsed=88ms
2026-09-15 08:23:00,624 [INFO] sync_agent: Cycle #280 [delta]: 7/7 patch, elapsed=88ms
2026-09-15 08:23:01,622 [INFO] sync_agent: Cycle #281 [delta]: 7/7 patch, elapsed=85ms
2026-09-15 08:23:01,646 [INFO] command_agent: NHẬN LỆNH [a8f3a777-2bfb-4eee-80cb-497ef2b14282] disableLink target=org.dt4n.core:link-h1-s1 params={}
2026-09-15 08:23:01,646 [INFO] command_agent: LOCK_WAIT [a8f3a777-2bfb-4eee-80cb-497ef2b14282] disableLink target=org.dt4n.core:link-h1-s1 0ms
2026-09-15 08:23:01,649 [INFO] command_agent: THỰC THI [a8f3a777-2bfb-4eee-80cb-497ef2b14282] disableLink target=org.dt4n.core:link-h1-s1 -> link h1-s1 -> down
2026-09-15 08:23:02,625 [INFO] sync_agent: Cycle #282 [delta]: 7/7 patch, elapsed=88ms
2026-09-15 08:23:03,610 [INFO] sync_agent: Cycle #283 [delta]: 5/5 patch, elapsed=73ms
2026-09-15 08:23:04,612 [INFO] sync_agent: Cycle #284 [delta]: 5/5 patch, elapsed=75ms
2026-09-15 08:23:05,613 [INFO] sync_agent: Cycle #285 [delta]: 5/5 patch, elapsed=76ms
2026-09-15 08:23:05,890 [INFO] command_agent: NHẬN LỆNH [ba774a6d-fc85-43dd-b5c8-7843c1cdd490] enableLink target=org.dt4n.core:link-h1-s1 params={}
2026-09-15 08:23:05,890 [INFO] command_agent: LOCK_WAIT [ba774a6d-fc85-43dd-b5c8-7843c1cdd490] enableLink target=org.dt4n.core:link-h1-s1 0ms
2026-09-15 08:23:05,893 [INFO] command_agent: THỰC THI [ba774a6d-fc85-43dd-b5c8-7843c1cdd490] enableLink target=org.dt4n.core:link-h1-s1 -> link h1-s1 -> up
2026-09-15 08:23:06,637 [INFO] sync_agent: Cycle #286 [delta]: 9/9 patch, elapsed=99ms
2026-09-15 08:23:07,644 [INFO] sync_agent: Cycle #287 [delta]: 9/9 patch, elapsed=106ms
2026-09-15 08:23:08,620 [INFO] sync_agent: Cycle #288 [delta]: 7/7 patch, elapsed=82ms
2026-09-15 08:23:09,624 [INFO] sync_agent: Cycle #289 [delta]: 7/7 patch, elapsed=86ms
2026-09-15 08:23:10,134 [INFO] command_agent: NHẬN LỆNH [1a0e4469-e829-426f-8773-564d94b6a176] disableLink target=org.dt4n.core:link-h1-s1 params={}
2026-09-15 08:23:10,135 [INFO] command_agent: LOCK_WAIT [1a0e4469-e829-426f-8773-564d94b6a176] disableLink target=org.dt4n.core:link-h1-s1 0ms
2026-09-15 08:23:10,138 [INFO] command_agent: THỰC THI [1a0e4469-e829-426f-8773-564d94b6a176] disableLink target=org.dt4n.core:link-h1-s1 -> link h1-s1 -> down
2026-09-15 08:23:10,629 [INFO] sync_agent: Cycle #290 [delta]: 7/7 patch, elapsed=90ms
2026-09-15 08:23:11,611 [INFO] sync_agent: Cycle #291 [delta]: 5/5 patch, elapsed=73ms
2026-09-15 08:23:12,611 [INFO] sync_agent: Cycle #292 [delta]: 5/5 patch, elapsed=72ms
2026-09-15 08:23:13,613 [INFO] sync_agent: Cycle #293 [delta]: 5/5 patch, elapsed=73ms
2026-09-15 08:23:14,378 [INFO] command_agent: NHẬN LỆNH [391fd3f3-0eda-4c37-9bac-8535f58d4772] enableLink target=org.dt4n.core:link-h1-s1 params={}
2026-09-15 08:23:14,379 [INFO] command_agent: LOCK_WAIT [391fd3f3-0eda-4c37-9bac-8535f58d4772] enableLink target=org.dt4n.core:link-h1-s1 0ms
2026-09-15 08:23:14,381 [INFO] command_agent: THỰC THI [391fd3f3-0eda-4c37-9bac-8535f58d4772] enableLink target=org.dt4n.core:link-h1-s1 -> link h1-s1 -> up
2026-09-15 08:23:14,629 [INFO] sync_agent: Cycle #294 [delta]: 7/7 patch, elapsed=89ms
2026-09-15 08:23:15,625 [INFO] sync_agent: Cycle #295 [delta]: 7/7 patch, elapsed=86ms
2026-09-15 08:23:16,629 [INFO] sync_agent: Cycle #296 [delta]: 7/7 patch, elapsed=90ms
2026-09-15 08:23:17,627 [INFO] sync_agent: Cycle #297 [delta]: 7/7 patch, elapsed=87ms
2026-09-15 08:23:18,624 [INFO] command_agent: NHẬN LỆNH [d7a4ef65-d762-489c-acd3-3cc7c4015ae7] disableLink target=org.dt4n.core:link-h1-s1 params={}
2026-09-15 08:23:18,625 [INFO] command_agent: LOCK_WAIT [d7a4ef65-d762-489c-acd3-3cc7c4015ae7] disableLink target=org.dt4n.core:link-h1-s1 0ms
2026-09-15 08:23:18,626 [INFO] sync_agent: Cycle #298 [delta]: 7/7 patch, elapsed=86ms
2026-09-15 08:23:18,628 [INFO] command_agent: THỰC THI [d7a4ef65-d762-489c-acd3-3cc7c4015ae7] disableLink target=org.dt4n.core:link-h1-s1 -> link h1-s1 -> down
2026-09-15 08:23:19,630 [INFO] sync_agent: Cycle #299 [delta]: 7/7 patch, elapsed=90ms
2026-09-15 08:23:20,614 [INFO] sync_agent: Cycle #300 [delta]: 5/5 patch, elapsed=73ms
2026-09-15 08:23:21,693 [INFO] sync_agent: Cycle #301 [RECONCILE]: 16/16 patch, elapsed=152ms
2026-09-15 08:23:22,614 [INFO] sync_agent: Cycle #302 [delta]: 5/5 patch, elapsed=73ms
2026-09-15 08:23:22,869 [INFO] command_agent: NHẬN LỆNH [5da76ebe-eb1f-4395-875c-c394cfef4e7b] enableLink target=org.dt4n.core:link-h1-s1 params={}
2026-09-15 08:23:22,869 [INFO] command_agent: LOCK_WAIT [5da76ebe-eb1f-4395-875c-c394cfef4e7b] enableLink target=org.dt4n.core:link-h1-s1 0ms
2026-09-15 08:23:22,872 [INFO] command_agent: THỰC THI [5da76ebe-eb1f-4395-875c-c394cfef4e7b] enableLink target=org.dt4n.core:link-h1-s1 -> link h1-s1 -> up
2026-09-15 08:23:23,627 [INFO] sync_agent: Cycle #303 [delta]: 7/7 patch, elapsed=86ms
2026-09-15 08:23:24,627 [INFO] sync_agent: Cycle #304 [delta]: 7/7 patch, elapsed=85ms
2026-09-15 08:23:25,629 [INFO] sync_agent: Cycle #305 [delta]: 7/7 patch, elapsed=87ms
2026-09-15 08:23:26,626 [INFO] sync_agent: Cycle #306 [delta]: 7/7 patch, elapsed=84ms
2026-09-15 08:23:27,123 [INFO] command_agent: NHẬN LỆNH [7d718632-5c38-4b8b-a170-267e1b71df47] disableLink target=org.dt4n.core:link-h1-s1 params={}
2026-09-15 08:23:27,123 [INFO] command_agent: LOCK_WAIT [7d718632-5c38-4b8b-a170-267e1b71df47] disableLink target=org.dt4n.core:link-h1-s1 0ms
2026-09-15 08:23:27,127 [INFO] command_agent: THỰC THI [7d718632-5c38-4b8b-a170-267e1b71df47] disableLink target=org.dt4n.core:link-h1-s1 -> link h1-s1 -> down
2026-09-15 08:23:27,626 [INFO] sync_agent: Cycle #307 [delta]: 7/7 patch, elapsed=84ms
2026-09-15 08:23:28,616 [INFO] sync_agent: Cycle #308 [delta]: 5/5 patch, elapsed=73ms
2026-09-15 08:23:29,614 [INFO] sync_agent: Cycle #309 [delta]: 5/5 patch, elapsed=71ms
2026-09-15 08:23:30,615 [INFO] sync_agent: Cycle #310 [delta]: 5/5 patch, elapsed=73ms
2026-09-15 08:23:31,370 [INFO] command_agent: NHẬN LỆNH [109ba6e0-1959-4d1c-b7ca-1e21996b12fb] enableLink target=org.dt4n.core:link-h1-s1 params={}
2026-09-15 08:23:31,370 [INFO] command_agent: LOCK_WAIT [109ba6e0-1959-4d1c-b7ca-1e21996b12fb] enableLink target=org.dt4n.core:link-h1-s1 0ms
2026-09-15 08:23:31,373 [INFO] command_agent: THỰC THI [109ba6e0-1959-4d1c-b7ca-1e21996b12fb] enableLink target=org.dt4n.core:link-h1-s1 -> link h1-s1 -> up
2026-09-15 08:23:31,628 [INFO] sync_agent: Cycle #311 [delta]: 7/7 patch, elapsed=85ms
2026-09-15 08:23:32,634 [INFO] sync_agent: Cycle #312 [delta]: 7/7 patch, elapsed=91ms
2026-09-15 08:23:32,811 [INFO] sync_agent: Sync Agent dừng sau 312 chu kỳ.
2026-09-15 08:23:33,403 [INFO] command_agent: Command Agent dừng.
2026-09-15 08:23:33,403 [INFO] env_runner: EnvRunner.close(): stopping Mininet
2026-09-15 08:23:33,404 [INFO] mininet: *** Tắt mạng

2026-09-15 08:23:33,754 [INFO] mininet: *** Stopping 1 controllers

2026-09-15 08:23:33,754 [INFO] mininet: c0 
2026-09-15 08:23:33,754 [INFO] mininet: 

2026-09-15 08:23:33,754 [INFO] mininet: *** Stopping 8 links

2026-09-15 08:23:33,754 [INFO] mininet: .
2026-09-15 08:23:33,770 [INFO] mininet: .
2026-09-15 08:23:33,786 [INFO] mininet: .
2026-09-15 08:23:33,800 [INFO] mininet: .
2026-09-15 08:23:33,819 [INFO] mininet: .
2026-09-15 08:23:33,838 [INFO] mininet: .
2026-09-15 08:23:33,856 [INFO] mininet: .
2026-09-15 08:23:33,870 [INFO] mininet: .
2026-09-15 08:23:33,887 [INFO] mininet: 

2026-09-15 08:23:33,887 [INFO] mininet: *** Stopping 3 switches

2026-09-15 08:23:34,002 [INFO] mininet: s1 
2026-09-15 08:23:34,002 [INFO] mininet: s2 
2026-09-15 08:23:34,002 [INFO] mininet: s3 
2026-09-15 08:23:34,002 [INFO] mininet: 

2026-09-15 08:23:34,002 [INFO] mininet: *** Stopping 5 hosts

2026-09-15 08:23:34,002 [INFO] mininet: h1 
2026-09-15 08:23:34,003 [INFO] mininet: h2 
2026-09-15 08:23:34,003 [INFO] mininet: h3 
2026-09-15 08:23:34,003 [INFO] mininet: srv1 
2026-09-15 08:23:34,004 [INFO] mininet: srv2 
2026-09-15 08:23:34,004 [INFO] mininet: 
*** Done

