Collecting pytest
  Using cached pytest-9.1.1-py3-none-any.whl.metadata (7.6 kB)
Requirement already satisfied: requests in /home/ubuntu/miniforge3/lib/python3.13/site-packages (2.34.2)
Collecting iniconfig>=1.0.1 (from pytest)
  Using cached iniconfig-2.3.0-py3-none-any.whl.metadata (2.5 kB)
Requirement already satisfied: packaging>=22 in /home/ubuntu/miniforge3/lib/python3.13/site-packages (from pytest) (26.2)
Requirement already satisfied: pluggy<2,>=1.5 in /home/ubuntu/miniforge3/lib/python3.13/site-packages (from pytest) (1.6.0)
Collecting pygments>=2.7.2 (from pytest)
  Using cached pygments-2.21.0-py3-none-any.whl.metadata (2.5 kB)
Requirement already satisfied: charset_normalizer<4,>=2 in /home/ubuntu/miniforge3/lib/python3.13/site-packages (from requests) (3.4.7)
Requirement already satisfied: idna<4,>=2.5 in /home/ubuntu/miniforge3/lib/python3.13/site-packages (from requests) (3.17)
Requirement already satisfied: urllib3<3,>=1.26 in /home/ubuntu/miniforge3/lib/python3.13/site-packages (from requests) (2.7.0)
Requirement already satisfied: certifi>=2023.5.7 in /home/ubuntu/miniforge3/lib/python3.13/site-packages (from requests) (2026.5.20)
Using cached pytest-9.1.1-py3-none-any.whl (386 kB)
Using cached iniconfig-2.3.0-py3-none-any.whl (7.5 kB)
Using cached pygments-2.21.0-py3-none-any.whl (1.3 MB)
Installing collected packages: pygments, iniconfig, pytest

Successfully installed iniconfig-2.3.0 pygments-2.21.0 pytest-9.1.1

[notice] A new release of pip is available: 26.0.1 -> 26.2.1
[notice] To update, run: /home/ubuntu/dt4n-core/.venv/bin/python3 -m pip install --upgrade pip
