OK bridge.bootstrap /home/ubuntu/dt4n-core/bridge/bootstrap.py
OK bridge.collector /home/ubuntu/dt4n-core/bridge/collector.py
OK bridge.sync_agent /home/ubuntu/dt4n-core/bridge/sync_agent.py
OK bridge.command_agent /home/ubuntu/dt4n-core/bridge/command_agent.py
OK bridge.ditto_reader /home/ubuntu/dt4n-core/bridge/ditto_reader.py
OK bridge.verify /home/ubuntu/dt4n-core/bridge/verify.py
OK bridge.health /home/ubuntu/dt4n-core/bridge/health.py
OK bridge.adapter /home/ubuntu/dt4n-core/bridge/adapter.py
OK bridge.pusher /home/ubuntu/dt4n-core/bridge/pusher.py
OK bridge.differ /home/ubuntu/dt4n-core/bridge/differ.py
OK bridge.diagnose /home/ubuntu/dt4n-core/bridge/diagnose.py
OK measurements.measure_latency /home/ubuntu/dt4n-core/measurements/measure_latency.py
OK measurements.measure_command_latency /home/ubuntu/dt4n-core/measurements/measure_command_latency.py
OK measurements.measure_command_flow /home/ubuntu/dt4n-core/measurements/measure_command_flow.py
OK measurements.trace_latency /home/ubuntu/dt4n-core/measurements/trace_latency.py
OK rl.scenarios /home/ubuntu/dt4n-core/rl/scenarios.py
OK rl.injection /home/ubuntu/dt4n-core/rl/injection.py
OK mininet.topology_meta /home/ubuntu/dt4n-core/mininet/topology_meta.py
OK mininet.gen_routes /home/ubuntu/dt4n-core/mininet/gen_routes.py
OK mininet.aoi_norm /home/ubuntu/dt4n-core/mininet/aoi_norm.py
OK mininet.env_runner /home/ubuntu/dt4n-core/mininet/env_runner.py
OK twin.link_direction /home/ubuntu/dt4n-core/twin/link_direction.py
Failures: 0 / 22
