Đo sync latency: link h1-s1 down, n=30 trials...
Trial  1: 613 ms
Trial  2: 971 ms
Trial  3: 961 ms
Trial  4: 961 ms
Trial  5: 1041 ms
Trial  6: 1021 ms
Trial  7: 954 ms
Trial  8: 1008 ms
Trial  9: 1006 ms
Trial 10: 1004 ms
Trial 11: 1005 ms
Trial 12: 1000 ms
Trial 13: 1001 ms
Trial 14: 997 ms
Trial 15: 997 ms
Trial 16: 1049 ms
Trial 17: 991 ms
Trial 18: 990 ms
Trial 19: 997 ms
Trial 20: 1053 ms
Trial 21: 991 ms
Trial 22: 933 ms
Trial 23: 986 ms
Trial 24: 992 ms
Trial 25: 987 ms
Trial 26: 988 ms
Trial 27: 993 ms
Trial 28: 988 ms
Trial 29: 1002 ms
Trial 30: 984 ms

=== Sync Latency (link-down) (n=30) ===
  mean:   982 ms
  p50:    992 ms
  p95:   1049 ms
  p99:   1053 ms
  max:   1053 ms
  min:    613 ms
✅ Đạt target <2s ở MỌI mẫu.
