Đo sync latency: link h1-s1 down, n=30 trials...
Trial  1: 406 ms
Trial  2: 291 ms
Trial  3: 295 ms
Trial  4: 905 ms
Trial  5: 629 ms
Trial  6: 1019 ms
Trial  7: 626 ms
Trial  8: 743 ms
Trial  9: 458 ms
Trial 10: 291 ms
Trial 11: 850 ms
Trial 12: 910 ms
Trial 13: 847 ms
Trial 14: 738 ms
Trial 15: 962 ms
Trial 16: 292 ms
Trial 17: 575 ms
Trial 18: 293 ms
Trial 19: 515 ms
Trial 20: 582 ms
Trial 21: 179 ms
Trial 22: 683 ms
Trial 23: 737 ms
Trial 24: 683 ms
Trial 25: 239 ms
Trial 26: 682 ms
Trial 27: 904 ms
Trial 28: 849 ms
Trial 29: 1017 ms
Trial 30: 683 ms

=== Sync Latency (link-down) (n=30) ===
  mean:   629 ms
  p50:    682 ms
  p95:   1017 ms
  p99:   1019 ms
  max:   1019 ms
  min:    179 ms
✅ Đạt target <2s ở MỌI mẫu.
