Do command latency end-to-end: disableLink h1-s1, n=30 trials...
Trial  1: 312 ms
Trial  2: 322 ms
Trial  3: 314 ms
Trial  4: 934 ms
Trial  5: 711 ms
Trial  6: 984 ms
Trial  7: 594 ms
Trial  8: 704 ms
Trial  9: 420 ms
Trial 10: 308 ms
Trial 11: 867 ms
Trial 12: 942 ms
Trial 13: 870 ms
Trial 14: 760 ms
Trial 15: 993 ms
Trial 16: 259 ms
Trial 17: 537 ms
Trial 18: 258 ms
Trial 19: 541 ms
Trial 20: 597 ms
Trial 21: 149 ms
Trial 22: 645 ms
Trial 23: 754 ms
Trial 24: 705 ms
Trial 25: 254 ms
Trial 26: 701 ms
Trial 27: 816 ms
Trial 28: 869 ms
Trial 29: 981 ms
Trial 30: 649 ms

=== Command Latency (disableLink) (n=30) ===
  mean:   625 ms
  p50:    675 ms
  p95:    984 ms
  p99:    993 ms
  max:    993 ms
  min:    149 ms
Dat target <2s o moi mau.
