*** Removing excess controllers/ofprotocols/ofdatapaths/pings/noxes
killall controller ofprotocol ofdatapath ping nox_corelt-nox_core ovs-openflowd ovs-controllerovs-testcontroller udpbwtest mnexec ivs ryu-manager 2> /dev/null
killall -9 controller ofprotocol ofdatapath ping nox_corelt-nox_core ovs-openflowd ovs-controllerovs-testcontroller udpbwtest mnexec ivs ryu-manager 2> /dev/null
pkill -9 -f "sudo mnexec"
*** Removing junk from /tmp
rm -f /tmp/vconn* /tmp/vlogs* /tmp/*.out /tmp/*.log
*** Removing old X11 tunnels
*** Removing excess kernel datapaths
ps ax | egrep -o 'dp[0-9]+' | sed 's/dp/nl:/'
***  Removing OVS datapaths
ovs-vsctl --timeout=1 list-br
ovs-vsctl --if-exists del-br s1 -- --if-exists del-br s2 -- --if-exists del-br s3
ovs-vsctl --timeout=1 list-br
*** Removing all links of the pattern foo-ethX
ip link show | egrep -o '([-_.[:alnum:]]+-eth[[:digit:]]+)'
( ip link del s2-eth1;ip link del s1-eth1;ip link del s1-eth1;ip link del s2-eth1;ip link del s3-eth1;ip link del s1-eth2;ip link del s1-eth2;ip link del s3-eth1;ip link del s3-eth2;ip link del s2-eth2;ip link del s2-eth2;ip link del s3-eth2 ) 2> /dev/null
ip link show
*** Killing stale mininet node processes
pkill -9 -f mininet:
*** Shutting down stale tunnels
pkill -9 -f Tunnel=Ethernet
pkill -9 -f .ssh/mn
rm -f ~/.ssh/mn/*
*** Cleanup complete.
