2026-09-15 15:26:32,852 [INFO] sync_agent: Cycle #5 [delta]: 13/13 patch, elapsed=143ms
2026-09-15 15:26:33,849 [INFO] sync_agent: Cycle #6 [delta]: 13/13 patch, elapsed=139ms
2026-09-15 15:26:35,855 [INFO] sync_agent: Cycle #8 [delta]: 13/13 patch, elapsed=145ms
2026-09-15 15:26:36,859 [INFO] sync_agent: Cycle #9 [delta]: 13/13 patch, elapsed=148ms
2026-09-15 15:26:37,849 [INFO] sync_agent: Cycle #10 [delta]: 13/13 patch, elapsed=139ms
2026-09-15 15:26:38,866 [INFO] sync_agent: Cycle #11 [delta]: 13/13 patch, elapsed=156ms
2026-09-15 15:26:39,869 [INFO] sync_agent: Cycle #12 [delta]: 13/13 patch, elapsed=158ms
2026-09-15 15:26:40,662 [INFO] env_runner: Calibrated episode iperf baseline=7
2026-09-15 15:26:40,843 [INFO] sync_agent: Cycle #13 [delta]: 13/13 patch, elapsed=132ms
2026-09-15 15:26:41,838 [INFO] sync_agent: Cycle #14 [delta]: 13/13 patch, elapsed=127ms
2026-09-15 15:26:43,858 [INFO] sync_agent: Cycle #16 [delta]: 13/13 patch, elapsed=147ms
2026-09-15 15:26:44,859 [INFO] sync_agent: Cycle #17 [delta]: 13/13 patch, elapsed=147ms
2026-09-15 15:26:45,854 [INFO] sync_agent: Cycle #18 [delta]: 13/13 patch, elapsed=142ms
2026-09-15 15:26:46,855 [INFO] sync_agent: Cycle #19 [delta]: 13/13 patch, elapsed=142ms
2026-09-15 15:26:47,857 [INFO] sync_agent: Cycle #20 [delta]: 13/13 patch, elapsed=145ms
2026-09-15 15:26:48,876 [INFO] sync_agent: Cycle #21 [delta]: 13/13 patch, elapsed=163ms
2026-09-15 15:26:49,856 [INFO] sync_agent: Cycle #22 [delta]: 13/13 patch, elapsed=143ms
2026-09-15 15:26:50,856 [INFO] sync_agent: Cycle #23 [delta]: 13/13 patch, elapsed=143ms
2026-09-15 15:26:51,856 [INFO] sync_agent: Cycle #24 [delta]: 13/13 patch, elapsed=143ms
2026-09-15 15:26:52,864 [INFO] sync_agent: Cycle #25 [delta]: 13/13 patch, elapsed=151ms
2026-09-15 15:26:53,856 [INFO] sync_agent: Cycle #26 [delta]: 13/13 patch, elapsed=142ms
2026-09-15 15:26:54,859 [INFO] sync_agent: Cycle #27 [delta]: 13/13 patch, elapsed=144ms
2026-09-15 15:26:55,854 [INFO] sync_agent: Cycle #28 [delta]: 13/13 patch, elapsed=140ms
2026-09-15 15:26:56,856 [INFO] sync_agent: Cycle #29 [delta]: 13/13 patch, elapsed=141ms
2026-09-15 15:26:57,856 [INFO] sync_agent: Cycle #30 [delta]: 13/13 patch, elapsed=141ms
2026-09-15 15:26:58,879 [INFO] sync_agent: Cycle #31 [RECONCILE]: 16/16 patch, elapsed=164ms
2026-09-15 15:26:59,859 [INFO] sync_agent: Cycle #32 [delta]: 13/13 patch, elapsed=144ms
2026-09-15 15:27:00,858 [INFO] sync_agent: Cycle #33 [delta]: 13/13 patch, elapsed=143ms
2026-09-15 15:27:01,856 [INFO] sync_agent: Cycle #34 [delta]: 13/13 patch, elapsed=141ms
2026-09-15 15:27:02,855 [INFO] sync_agent: Cycle #35 [delta]: 13/13 patch, elapsed=139ms
2026-09-15 15:27:03,857 [INFO] sync_agent: Cycle #36 [delta]: 13/13 patch, elapsed=141ms
2026-09-15 15:27:04,858 [INFO] sync_agent: Cycle #37 [delta]: 13/13 patch, elapsed=141ms
2026-09-15 15:27:05,859 [INFO] sync_agent: Cycle #38 [delta]: 13/13 patch, elapsed=143ms
2026-09-15 15:27:06,858 [INFO] sync_agent: Cycle #39 [delta]: 13/13 patch, elapsed=141ms
2026-09-15 15:27:07,856 [INFO] sync_agent: Cycle #40 [delta]: 13/13 patch, elapsed=139ms
2026-09-15 15:27:08,361 [INFO] injection: INJECT {'type': 'LinkAdminDown', 'link_key': 's1-s2'}
2026-09-15 15:27:08,856 [INFO] sync_agent: Cycle #41 [delta]: 13/13 patch, elapsed=139ms
2026-09-15 15:27:09,851 [INFO] sync_agent: Cycle #42 [delta]: 13/13 patch, elapsed=134ms
2026-09-15 15:27:10,851 [INFO] sync_agent: Cycle #43 [delta]: 12/12 patch, elapsed=133ms
2026-09-15 15:27:11,855 [INFO] sync_agent: Cycle #44 [delta]: 12/12 patch, elapsed=137ms
2026-09-15 15:27:12,853 [INFO] sync_agent: Cycle #45 [delta]: 12/12 patch, elapsed=135ms
2026-09-15 15:27:13,853 [INFO] sync_agent: Cycle #46 [delta]: 12/12 patch, elapsed=134ms
2026-09-15 15:27:14,860 [INFO] sync_agent: Cycle #47 [delta]: 12/12 patch, elapsed=142ms
2026-09-15 15:27:15,850 [INFO] sync_agent: Cycle #48 [delta]: 12/12 patch, elapsed=131ms
2026-09-15 15:27:16,851 [INFO] sync_agent: Cycle #49 [delta]: 12/12 patch, elapsed=132ms
2026-09-15 15:27:17,852 [INFO] sync_agent: Cycle #50 [delta]: 12/12 patch, elapsed=133ms
2026-09-15 15:27:18,850 [INFO] sync_agent: Cycle #51 [delta]: 12/12 patch, elapsed=130ms
2026-09-15 15:27:19,848 [INFO] sync_agent: Cycle #52 [delta]: 12/12 patch, elapsed=128ms
2026-09-15 15:27:20,852 [INFO] sync_agent: Cycle #53 [delta]: 12/12 patch, elapsed=132ms
2026-09-15 15:27:21,853 [INFO] sync_agent: Cycle #54 [delta]: 12/12 patch, elapsed=133ms
2026-09-15 15:27:22,850 [INFO] sync_agent: Cycle #55 [delta]: 12/12 patch, elapsed=130ms
2026-09-15 15:27:23,862 [INFO] sync_agent: Cycle #56 [delta]: 12/12 patch, elapsed=142ms
2026-09-15 15:27:24,859 [INFO] sync_agent: Cycle #57 [delta]: 12/12 patch, elapsed=138ms
2026-09-15 15:27:25,854 [INFO] sync_agent: Cycle #58 [delta]: 12/12 patch, elapsed=133ms
2026-09-15 15:27:26,860 [INFO] sync_agent: Cycle #59 [delta]: 12/12 patch, elapsed=140ms
2026-09-15 15:27:27,853 [INFO] sync_agent: Cycle #60 [delta]: 12/12 patch, elapsed=132ms
2026-09-15 15:27:28,879 [INFO] sync_agent: Cycle #61 [RECONCILE]: 16/16 patch, elapsed=157ms
2026-09-15 15:27:29,867 [INFO] sync_agent: Cycle #62 [delta]: 13/13 patch, elapsed=146ms
2026-09-15 15:27:30,863 [INFO] sync_agent: Cycle #63 [delta]: 13/13 patch, elapsed=141ms
2026-09-15 15:27:31,865 [INFO] sync_agent: Cycle #64 [delta]: 13/13 patch, elapsed=143ms
2026-09-15 15:27:32,865 [INFO] sync_agent: Cycle #65 [delta]: 13/13 patch, elapsed=143ms
2026-09-15 15:27:33,866 [INFO] sync_agent: Cycle #66 [delta]: 13/13 patch, elapsed=143ms
2026-09-15 15:27:34,866 [INFO] sync_agent: Cycle #67 [delta]: 13/13 patch, elapsed=143ms
2026-09-15 15:27:35,859 [INFO] sync_agent: Cycle #68 [delta]: 13/13 patch, elapsed=136ms
2026-09-15 15:27:36,860 [INFO] sync_agent: Cycle #69 [delta]: 13/13 patch, elapsed=137ms
2026-09-15 15:27:37,865 [INFO] sync_agent: Cycle #70 [delta]: 13/13 patch, elapsed=141ms
2026-09-15 15:27:38,864 [INFO] sync_agent: Cycle #71 [delta]: 13/13 patch, elapsed=140ms
2026-09-15 15:27:39,860 [INFO] sync_agent: Cycle #72 [delta]: 13/13 patch, elapsed=137ms
2026-09-15 15:27:40,862 [INFO] sync_agent: Cycle #73 [delta]: 13/13 patch, elapsed=138ms
2026-09-15 15:27:41,861 [INFO] sync_agent: Cycle #74 [delta]: 13/13 patch, elapsed=137ms
2026-09-15 15:27:42,869 [INFO] sync_agent: Cycle #75 [delta]: 13/13 patch, elapsed=145ms
2026-09-15 15:27:43,868 [INFO] sync_agent: Cycle #76 [delta]: 13/13 patch, elapsed=144ms
2026-09-15 15:27:44,874 [INFO] sync_agent: Cycle #77 [delta]: 13/13 patch, elapsed=149ms
2026-09-15 15:27:45,865 [INFO] sync_agent: Cycle #78 [delta]: 13/13 patch, elapsed=140ms
2026-09-15 15:27:46,865 [INFO] sync_agent: Cycle #79 [delta]: 13/13 patch, elapsed=140ms
2026-09-15 15:27:47,861 [INFO] sync_agent: Cycle #80 [delta]: 13/13 patch, elapsed=136ms
2026-09-15 15:27:48,392 [INFO] sync_agent: Sync Agent dừng sau 80 chu kỳ.
2026-09-15 15:27:49,283 [INFO] command_agent: Command Agent dừng.
2026-09-15 15:27:49,283 [INFO] env_runner: EnvRunner.close(): stopping Mininet
