2026-09-15 15:30:00,785 [INFO] sync_agent: Cycle #81 [delta]: 13/13 patch, elapsed=328ms
2026-09-15 15:30:01,584 [INFO] sync_agent: Cycle #82 [delta]: 13/13 patch, elapsed=127ms
2026-09-15 15:30:03,597 [INFO] sync_agent: Cycle #84 [delta]: 13/13 patch, elapsed=140ms
2026-09-15 15:30:04,601 [INFO] sync_agent: Cycle #85 [delta]: 13/13 patch, elapsed=144ms
2026-09-15 15:30:05,602 [INFO] sync_agent: Cycle #86 [delta]: 13/13 patch, elapsed=144ms
2026-09-15 15:30:06,611 [INFO] sync_agent: Cycle #87 [delta]: 13/13 patch, elapsed=153ms
2026-09-15 15:30:07,600 [INFO] sync_agent: Cycle #88 [delta]: 13/13 patch, elapsed=142ms
2026-09-15 15:30:08,601 [INFO] sync_agent: Cycle #89 [delta]: 13/13 patch, elapsed=142ms
2026-09-15 15:30:09,595 [INFO] sync_agent: Cycle #90 [delta]: 13/13 patch, elapsed=135ms
2026-09-15 15:30:10,039 [ERROR] env_runner: HEALTH GATE FAIL (attempt 0/2): thr=0.107 < 0.30 -> hard_reset lai
2026-09-15 15:30:10,039 [INFO] env_runner: HARD reset
2026-09-15 15:30:10,039 [INFO] sync_agent: Sync Agent dừng sau 90 chu kỳ.
2026-09-15 15:30:10,203 [INFO] command_agent: Command Agent dừng.
2026-09-15 15:30:10,204 [INFO] env_runner: EnvRunner.close(): stopping Mininet
2026-09-15 15:30:10,846 [INFO] env_runner: EnvRunner.start()
2026-09-15 15:30:15,065 [INFO] sync_agent: Sync Agent start: period=1.000s, tol=0.500, ping_every=20, reconcile_every=30, mode=None
2026-09-15 15:30:15,066 [INFO] command_agent: Command Agent start (bản 4.4: nghe + thực thi + response). controller=org.dt4n.ml:controller
2026-09-15 15:30:15,069 [INFO] command_agent: SSE kết nối OK, đang nghe lệnh tại http://localhost:8080/api/2/things/org.dt4n.ml:controller/inbox/messages
2026-09-15 15:30:15,218 [INFO] sync_agent: Cycle #1 [RECONCILE]: 16/16 patch, elapsed=152ms
2026-09-15 15:30:16,199 [INFO] sync_agent: Cycle #2 [delta]: 13/13 patch, elapsed=134ms
2026-09-15 15:30:17,178 [INFO] sync_agent: Cycle #3 [delta]: 10/10 patch, elapsed=112ms
2026-09-15 15:30:18,076 [INFO] env_runner: EnvRunner started in 7.2s, startup iperf=0; episode iperf baseline pending
2026-09-15 15:30:18,205 [INFO] sync_agent: Cycle #4 [delta]: 13/13 patch, elapsed=139ms
2026-09-15 15:30:19,168 [INFO] sync_agent: Cycle #5 [delta]: 8/8 patch, elapsed=102ms
2026-09-15 15:30:21,222 [INFO] sync_agent: Cycle #7 [delta]: 13/13 patch, elapsed=156ms
2026-09-15 15:30:22,203 [INFO] sync_agent: Cycle #8 [delta]: 13/13 patch, elapsed=136ms
2026-09-15 15:30:23,206 [INFO] sync_agent: Cycle #9 [delta]: 13/13 patch, elapsed=139ms
2026-09-15 15:30:24,206 [INFO] sync_agent: Cycle #10 [delta]: 13/13 patch, elapsed=138ms
2026-09-15 15:30:25,204 [INFO] sync_agent: Cycle #11 [delta]: 13/13 patch, elapsed=137ms
2026-09-15 15:30:26,212 [INFO] sync_agent: Cycle #12 [delta]: 13/13 patch, elapsed=144ms
2026-09-15 15:30:27,220 [INFO] sync_agent: Cycle #13 [delta]: 13/13 patch, elapsed=151ms
2026-09-15 15:30:27,250 [INFO] env_runner: Calibrated episode iperf baseline=7
2026-09-15 15:30:28,198 [INFO] sync_agent: Cycle #14 [delta]: 13/13 patch, elapsed=130ms
2026-09-15 15:30:29,193 [INFO] sync_agent: Cycle #15 [delta]: 13/13 patch, elapsed=124ms
2026-09-15 15:30:30,224 [INFO] sync_agent: Cycle #16 [delta]: 13/13 patch, elapsed=155ms
2026-09-15 15:30:31,212 [INFO] sync_agent: Cycle #17 [delta]: 13/13 patch, elapsed=143ms
2026-09-15 15:30:32,204 [INFO] sync_agent: Cycle #18 [delta]: 13/13 patch, elapsed=134ms
2026-09-15 15:30:33,211 [INFO] sync_agent: Cycle #19 [delta]: 13/13 patch, elapsed=141ms
2026-09-15 15:30:34,210 [INFO] sync_agent: Cycle #20 [delta]: 13/13 patch, elapsed=140ms
2026-09-15 15:30:35,209 [INFO] sync_agent: Cycle #21 [delta]: 13/13 patch, elapsed=139ms
2026-09-15 15:30:36,210 [INFO] sync_agent: Cycle #22 [delta]: 13/13 patch, elapsed=140ms
2026-09-15 15:30:37,210 [INFO] sync_agent: Cycle #23 [delta]: 13/13 patch, elapsed=140ms
2026-09-15 15:30:38,210 [INFO] sync_agent: Cycle #24 [delta]: 13/13 patch, elapsed=139ms
2026-09-15 15:30:39,209 [INFO] sync_agent: Cycle #25 [delta]: 13/13 patch, elapsed=138ms
2026-09-15 15:30:40,211 [INFO] sync_agent: Cycle #26 [delta]: 13/13 patch, elapsed=140ms
2026-09-15 15:30:41,210 [INFO] sync_agent: Cycle #27 [delta]: 13/13 patch, elapsed=139ms
2026-09-15 15:30:42,213 [INFO] sync_agent: Cycle #28 [delta]: 13/13 patch, elapsed=141ms
2026-09-15 15:30:43,211 [INFO] sync_agent: Cycle #29 [delta]: 13/13 patch, elapsed=139ms
2026-09-15 15:30:44,222 [INFO] sync_agent: Cycle #30 [delta]: 13/13 patch, elapsed=150ms
2026-09-15 15:30:45,229 [INFO] sync_agent: Cycle #31 [RECONCILE]: 16/16 patch, elapsed=157ms
2026-09-15 15:30:46,210 [INFO] sync_agent: Cycle #32 [delta]: 13/13 patch, elapsed=137ms
2026-09-15 15:30:47,214 [INFO] sync_agent: Cycle #33 [delta]: 13/13 patch, elapsed=141ms
2026-09-15 15:30:48,211 [INFO] sync_agent: Cycle #34 [delta]: 13/13 patch, elapsed=138ms
2026-09-15 15:30:49,210 [INFO] sync_agent: Cycle #35 [delta]: 13/13 patch, elapsed=137ms
2026-09-15 15:30:50,218 [INFO] sync_agent: Cycle #36 [delta]: 13/13 patch, elapsed=145ms
2026-09-15 15:30:51,213 [INFO] sync_agent: Cycle #37 [delta]: 13/13 patch, elapsed=140ms
2026-09-15 15:30:52,208 [INFO] sync_agent: Cycle #38 [delta]: 13/13 patch, elapsed=134ms
2026-09-15 15:30:53,212 [INFO] sync_agent: Cycle #39 [delta]: 13/13 patch, elapsed=138ms
2026-09-15 15:30:54,219 [INFO] sync_agent: Cycle #40 [delta]: 13/13 patch, elapsed=145ms
2026-09-15 15:30:54,971 [INFO] injection: INJECT {'type': 'LinkDegrade', 'link_key': 's1-s2', 'factor': 0.8274722320107196, 'delay': '2ms', 'baseline': 20.0}
2026-09-15 15:30:55,215 [INFO] sync_agent: Cycle #41 [delta]: 13/13 patch, elapsed=141ms
2026-09-15 15:30:56,210 [INFO] sync_agent: Cycle #42 [delta]: 13/13 patch, elapsed=136ms
2026-09-15 15:30:57,219 [INFO] sync_agent: Cycle #43 [delta]: 13/13 patch, elapsed=144ms
2026-09-15 15:30:58,219 [INFO] sync_agent: Cycle #44 [delta]: 13/13 patch, elapsed=144ms
2026-09-15 15:30:59,221 [INFO] sync_agent: Cycle #45 [delta]: 13/13 patch, elapsed=145ms
2026-09-15 15:31:00,209 [INFO] sync_agent: Cycle #46 [delta]: 13/13 patch, elapsed=134ms
2026-09-15 15:31:01,213 [INFO] sync_agent: Cycle #47 [delta]: 13/13 patch, elapsed=137ms
2026-09-15 15:31:02,209 [INFO] sync_agent: Cycle #48 [delta]: 13/13 patch, elapsed=133ms
2026-09-15 15:31:03,222 [INFO] sync_agent: Cycle #49 [delta]: 13/13 patch, elapsed=145ms
2026-09-15 15:31:04,217 [INFO] sync_agent: Cycle #50 [delta]: 13/13 patch, elapsed=140ms
2026-09-15 15:31:05,217 [INFO] sync_agent: Cycle #51 [delta]: 13/13 patch, elapsed=140ms
2026-09-15 15:31:06,225 [INFO] sync_agent: Cycle #52 [delta]: 13/13 patch, elapsed=148ms
2026-09-15 15:31:07,224 [INFO] sync_agent: Cycle #53 [delta]: 13/13 patch, elapsed=147ms
2026-09-15 15:31:08,221 [INFO] sync_agent: Cycle #54 [delta]: 13/13 patch, elapsed=144ms
2026-09-15 15:31:09,214 [INFO] sync_agent: Cycle #55 [delta]: 13/13 patch, elapsed=136ms
2026-09-15 15:31:10,212 [INFO] sync_agent: Cycle #56 [delta]: 13/13 patch, elapsed=134ms
2026-09-15 15:31:11,219 [INFO] sync_agent: Cycle #57 [delta]: 13/13 patch, elapsed=141ms
2026-09-15 15:31:12,212 [INFO] sync_agent: Cycle #58 [delta]: 13/13 patch, elapsed=134ms
2026-09-15 15:31:13,225 [INFO] sync_agent: Cycle #59 [delta]: 13/13 patch, elapsed=146ms
2026-09-15 15:31:14,213 [INFO] sync_agent: Cycle #60 [delta]: 13/13 patch, elapsed=135ms
2026-09-15 15:31:15,243 [INFO] sync_agent: Cycle #61 [RECONCILE]: 16/16 patch, elapsed=164ms
2026-09-15 15:31:16,227 [INFO] sync_agent: Cycle #62 [delta]: 13/13 patch, elapsed=148ms
2026-09-15 15:31:17,217 [INFO] sync_agent: Cycle #63 [delta]: 13/13 patch, elapsed=137ms
2026-09-15 15:31:18,216 [INFO] sync_agent: Cycle #64 [delta]: 13/13 patch, elapsed=136ms
2026-09-15 15:31:19,221 [INFO] sync_agent: Cycle #65 [delta]: 13/13 patch, elapsed=141ms
2026-09-15 15:31:20,229 [INFO] sync_agent: Cycle #66 [delta]: 13/13 patch, elapsed=149ms
2026-09-15 15:31:21,222 [INFO] sync_agent: Cycle #67 [delta]: 13/13 patch, elapsed=142ms
2026-09-15 15:31:22,214 [INFO] sync_agent: Cycle #68 [delta]: 13/13 patch, elapsed=134ms
2026-09-15 15:31:23,216 [INFO] sync_agent: Cycle #69 [delta]: 13/13 patch, elapsed=136ms
2026-09-15 15:31:24,217 [INFO] sync_agent: Cycle #70 [delta]: 13/13 patch, elapsed=136ms
2026-09-15 15:31:25,217 [INFO] sync_agent: Cycle #71 [delta]: 13/13 patch, elapsed=136ms
2026-09-15 15:31:26,222 [INFO] sync_agent: Cycle #72 [delta]: 13/13 patch, elapsed=141ms
2026-09-15 15:31:27,220 [INFO] sync_agent: Cycle #73 [delta]: 13/13 patch, elapsed=139ms
2026-09-15 15:31:28,220 [INFO] sync_agent: Cycle #74 [delta]: 13/13 patch, elapsed=139ms
2026-09-15 15:31:29,218 [INFO] sync_agent: Cycle #75 [delta]: 13/13 patch, elapsed=136ms
2026-09-15 15:31:30,221 [INFO] sync_agent: Cycle #76 [delta]: 13/13 patch, elapsed=139ms
2026-09-15 15:31:31,221 [INFO] sync_agent: Cycle #77 [delta]: 13/13 patch, elapsed=138ms
2026-09-15 15:31:32,224 [INFO] sync_agent: Cycle #78 [delta]: 13/13 patch, elapsed=141ms
2026-09-15 15:31:33,222 [INFO] sync_agent: Cycle #79 [delta]: 13/13 patch, elapsed=139ms
2026-09-15 15:31:34,227 [INFO] sync_agent: Cycle #80 [delta]: 13/13 patch, elapsed=143ms
