2026-09-15 15:32:52,286 [INFO] sync_agent: Cycle #158 [delta]: 13/13 patch, elapsed=186ms
2026-09-15 15:32:53,228 [INFO] sync_agent: Cycle #159 [delta]: 13/13 patch, elapsed=128ms
2026-09-15 15:32:54,163 [INFO] sync_agent: Cycle #160 [delta]: 0/0 patch, elapsed=63ms
2026-09-15 15:32:55,237 [INFO] sync_agent: Cycle #161 [delta]: 13/13 patch, elapsed=137ms
2026-09-15 15:32:56,240 [INFO] sync_agent: Cycle #162 [delta]: 13/13 patch, elapsed=139ms
2026-09-15 15:32:57,243 [INFO] sync_agent: Cycle #163 [delta]: 13/13 patch, elapsed=142ms
2026-09-15 15:32:58,239 [INFO] sync_agent: Cycle #164 [delta]: 13/13 patch, elapsed=138ms
2026-09-15 15:32:59,243 [INFO] sync_agent: Cycle #165 [delta]: 13/13 patch, elapsed=142ms
2026-09-15 15:33:00,252 [INFO] sync_agent: Cycle #166 [delta]: 13/13 patch, elapsed=151ms
2026-09-15 15:33:01,238 [INFO] sync_agent: Cycle #167 [delta]: 13/13 patch, elapsed=136ms
2026-09-15 15:33:01,545 [ERROR] env_runner: HEALTH GATE FAIL (attempt 0/2): thr=0.107 < 0.30 -> hard_reset lai
2026-09-15 15:33:01,545 [INFO] env_runner: HARD reset
2026-09-15 15:33:01,546 [INFO] sync_agent: Sync Agent dừng sau 167 chu kỳ.
2026-09-15 15:33:02,343 [INFO] command_agent: Command Agent dừng.
2026-09-15 15:33:02,343 [INFO] env_runner: EnvRunner.close(): stopping Mininet
2026-09-15 15:33:02,969 [INFO] env_runner: EnvRunner.start()
2026-09-15 15:33:05,149 [INFO] sync_agent: Sync Agent start: period=1.000s, tol=0.500, ping_every=20, reconcile_every=30, mode=None
2026-09-15 15:33:05,149 [INFO] command_agent: Command Agent start (bản 4.4: nghe + thực thi + response). controller=org.dt4n.ml:controller
2026-09-15 15:33:05,153 [INFO] command_agent: SSE kết nối OK, đang nghe lệnh tại http://localhost:8080/api/2/things/org.dt4n.ml:controller/inbox/messages
2026-09-15 15:33:05,295 [INFO] sync_agent: Cycle #1 [RECONCILE]: 16/16 patch, elapsed=146ms
2026-09-15 15:33:06,292 [INFO] sync_agent: Cycle #2 [delta]: 13/13 patch, elapsed=143ms
2026-09-15 15:33:07,275 [INFO] sync_agent: Cycle #3 [delta]: 13/13 patch, elapsed=126ms
2026-09-15 15:33:08,159 [INFO] env_runner: EnvRunner started in 5.2s, startup iperf=0; episode iperf baseline pending
2026-09-15 15:33:09,276 [INFO] sync_agent: Cycle #5 [delta]: 12/12 patch, elapsed=126ms
2026-09-15 15:33:10,278 [INFO] sync_agent: Cycle #6 [delta]: 13/13 patch, elapsed=128ms
2026-09-15 15:33:11,287 [INFO] sync_agent: Cycle #7 [delta]: 13/13 patch, elapsed=136ms
2026-09-15 15:33:12,288 [INFO] sync_agent: Cycle #8 [delta]: 13/13 patch, elapsed=137ms
2026-09-15 15:33:13,294 [INFO] sync_agent: Cycle #9 [delta]: 13/13 patch, elapsed=143ms
2026-09-15 15:33:14,290 [INFO] sync_agent: Cycle #10 [delta]: 13/13 patch, elapsed=139ms
2026-09-15 15:33:15,287 [INFO] sync_agent: Cycle #11 [delta]: 13/13 patch, elapsed=136ms
2026-09-15 15:33:16,292 [INFO] sync_agent: Cycle #12 [delta]: 13/13 patch, elapsed=141ms
2026-09-15 15:33:17,304 [INFO] sync_agent: Cycle #13 [delta]: 13/13 patch, elapsed=153ms
2026-09-15 15:33:17,328 [INFO] env_runner: Calibrated episode iperf baseline=7
2026-09-15 15:33:18,280 [INFO] sync_agent: Cycle #14 [delta]: 13/13 patch, elapsed=129ms
2026-09-15 15:33:19,276 [INFO] sync_agent: Cycle #15 [delta]: 13/13 patch, elapsed=124ms
2026-09-15 15:33:20,295 [INFO] sync_agent: Cycle #16 [delta]: 13/13 patch, elapsed=143ms
2026-09-15 15:33:21,294 [INFO] sync_agent: Cycle #17 [delta]: 13/13 patch, elapsed=141ms
2026-09-15 15:33:22,289 [INFO] sync_agent: Cycle #18 [delta]: 13/13 patch, elapsed=137ms
2026-09-15 15:33:23,289 [INFO] sync_agent: Cycle #19 [delta]: 13/13 patch, elapsed=136ms
2026-09-15 15:33:24,289 [INFO] sync_agent: Cycle #20 [delta]: 13/13 patch, elapsed=135ms
2026-09-15 15:33:25,300 [INFO] sync_agent: Cycle #21 [delta]: 13/13 patch, elapsed=147ms
2026-09-15 15:33:26,293 [INFO] sync_agent: Cycle #22 [delta]: 13/13 patch, elapsed=139ms
2026-09-15 15:33:27,292 [INFO] sync_agent: Cycle #23 [delta]: 13/13 patch, elapsed=139ms
2026-09-15 15:33:28,289 [INFO] sync_agent: Cycle #24 [delta]: 13/13 patch, elapsed=135ms
2026-09-15 15:33:29,287 [INFO] sync_agent: Cycle #25 [delta]: 13/13 patch, elapsed=133ms
2026-09-15 15:33:30,291 [INFO] sync_agent: Cycle #26 [delta]: 13/13 patch, elapsed=136ms
2026-09-15 15:33:31,290 [INFO] sync_agent: Cycle #27 [delta]: 13/13 patch, elapsed=135ms
2026-09-15 15:33:32,288 [INFO] sync_agent: Cycle #28 [delta]: 13/13 patch, elapsed=133ms
2026-09-15 15:33:33,293 [INFO] sync_agent: Cycle #29 [delta]: 13/13 patch, elapsed=138ms
2026-09-15 15:33:34,295 [INFO] sync_agent: Cycle #30 [delta]: 13/13 patch, elapsed=140ms
2026-09-15 15:33:35,321 [INFO] sync_agent: Cycle #31 [RECONCILE]: 16/16 patch, elapsed=166ms
2026-09-15 15:33:36,297 [INFO] sync_agent: Cycle #32 [delta]: 13/13 patch, elapsed=141ms
2026-09-15 15:33:37,294 [INFO] sync_agent: Cycle #33 [delta]: 13/13 patch, elapsed=138ms
2026-09-15 15:33:38,299 [INFO] sync_agent: Cycle #34 [delta]: 13/13 patch, elapsed=143ms
2026-09-15 15:33:39,288 [INFO] sync_agent: Cycle #35 [delta]: 13/13 patch, elapsed=132ms
2026-09-15 15:33:40,297 [INFO] sync_agent: Cycle #36 [delta]: 13/13 patch, elapsed=140ms
2026-09-15 15:33:41,296 [INFO] sync_agent: Cycle #37 [delta]: 13/13 patch, elapsed=139ms
2026-09-15 15:33:42,298 [INFO] sync_agent: Cycle #38 [delta]: 13/13 patch, elapsed=141ms
2026-09-15 15:33:43,294 [INFO] sync_agent: Cycle #39 [delta]: 13/13 patch, elapsed=137ms
2026-09-15 15:33:44,297 [INFO] sync_agent: Cycle #40 [delta]: 13/13 patch, elapsed=140ms
2026-09-15 15:33:45,292 [INFO] sync_agent: Cycle #41 [delta]: 13/13 patch, elapsed=135ms
2026-09-15 15:33:46,293 [INFO] sync_agent: Cycle #42 [delta]: 13/13 patch, elapsed=135ms
2026-09-15 15:33:47,293 [INFO] sync_agent: Cycle #43 [delta]: 13/13 patch, elapsed=135ms
2026-09-15 15:33:48,310 [INFO] sync_agent: Cycle #44 [delta]: 13/13 patch, elapsed=152ms
2026-09-15 15:33:49,293 [INFO] sync_agent: Cycle #45 [delta]: 13/13 patch, elapsed=135ms
2026-09-15 15:33:50,297 [INFO] sync_agent: Cycle #46 [delta]: 13/13 patch, elapsed=138ms
2026-09-15 15:33:51,307 [INFO] sync_agent: Cycle #47 [delta]: 13/13 patch, elapsed=148ms
2026-09-15 15:33:52,297 [INFO] sync_agent: Cycle #48 [delta]: 13/13 patch, elapsed=137ms
2026-09-15 15:33:53,299 [INFO] sync_agent: Cycle #49 [delta]: 13/13 patch, elapsed=140ms
2026-09-15 15:33:54,297 [INFO] sync_agent: Cycle #50 [delta]: 13/13 patch, elapsed=138ms
2026-09-15 15:33:55,296 [INFO] sync_agent: Cycle #51 [delta]: 13/13 patch, elapsed=136ms
2026-09-15 15:33:56,301 [INFO] sync_agent: Cycle #52 [delta]: 13/13 patch, elapsed=141ms
2026-09-15 15:33:57,301 [INFO] sync_agent: Cycle #53 [delta]: 13/13 patch, elapsed=141ms
2026-09-15 15:33:58,297 [INFO] sync_agent: Cycle #54 [delta]: 13/13 patch, elapsed=136ms
2026-09-15 15:33:59,298 [INFO] sync_agent: Cycle #55 [delta]: 13/13 patch, elapsed=137ms
2026-09-15 15:34:00,301 [INFO] sync_agent: Cycle #56 [delta]: 13/13 patch, elapsed=140ms
2026-09-15 15:34:01,296 [INFO] sync_agent: Cycle #57 [delta]: 13/13 patch, elapsed=135ms
2026-09-15 15:34:02,309 [INFO] sync_agent: Cycle #58 [delta]: 13/13 patch, elapsed=147ms
2026-09-15 15:34:03,300 [INFO] sync_agent: Cycle #59 [delta]: 13/13 patch, elapsed=138ms
2026-09-15 15:34:04,314 [INFO] sync_agent: Cycle #60 [delta]: 13/13 patch, elapsed=152ms
2026-09-15 15:34:05,316 [INFO] sync_agent: Cycle #61 [RECONCILE]: 16/16 patch, elapsed=154ms
2026-09-15 15:34:06,312 [INFO] sync_agent: Cycle #62 [delta]: 13/13 patch, elapsed=150ms
2026-09-15 15:34:07,300 [INFO] sync_agent: Cycle #63 [delta]: 13/13 patch, elapsed=137ms
2026-09-15 15:34:08,300 [INFO] sync_agent: Cycle #64 [delta]: 13/13 patch, elapsed=137ms
2026-09-15 15:34:09,296 [INFO] sync_agent: Cycle #65 [delta]: 13/13 patch, elapsed=133ms
2026-09-15 15:34:10,299 [INFO] sync_agent: Cycle #66 [delta]: 13/13 patch, elapsed=136ms
2026-09-15 15:34:11,300 [INFO] sync_agent: Cycle #67 [delta]: 13/13 patch, elapsed=136ms
2026-09-15 15:34:12,301 [INFO] sync_agent: Cycle #68 [delta]: 13/13 patch, elapsed=137ms
2026-09-15 15:34:13,301 [INFO] sync_agent: Cycle #69 [delta]: 13/13 patch, elapsed=136ms
2026-09-15 15:34:14,303 [INFO] sync_agent: Cycle #70 [delta]: 13/13 patch, elapsed=138ms
2026-09-15 15:34:15,304 [INFO] sync_agent: Cycle #71 [delta]: 13/13 patch, elapsed=139ms
2026-09-15 15:34:16,303 [INFO] sync_agent: Cycle #72 [delta]: 13/13 patch, elapsed=138ms
2026-09-15 15:34:17,304 [INFO] sync_agent: Cycle #73 [delta]: 13/13 patch, elapsed=139ms
2026-09-15 15:34:18,301 [INFO] sync_agent: Cycle #74 [delta]: 13/13 patch, elapsed=136ms
2026-09-15 15:34:19,309 [INFO] sync_agent: Cycle #75 [delta]: 13/13 patch, elapsed=144ms
2026-09-15 15:34:20,310 [INFO] sync_agent: Cycle #76 [delta]: 13/13 patch, elapsed=144ms
2026-09-15 15:34:21,309 [INFO] sync_agent: Cycle #77 [delta]: 13/13 patch, elapsed=143ms
2026-09-15 15:34:22,302 [INFO] sync_agent: Cycle #78 [delta]: 13/13 patch, elapsed=136ms
2026-09-15 15:34:23,302 [INFO] sync_agent: Cycle #79 [delta]: 13/13 patch, elapsed=136ms
2026-09-15 15:34:24,308 [INFO] sync_agent: Cycle #80 [delta]: 13/13 patch, elapsed=142ms
