2026-09-15 15:41:17,744 [INFO] sync_agent: Cycle #313 [delta]: 13/13 patch, elapsed=140ms
2026-09-15 15:41:18,730 [INFO] sync_agent: Cycle #314 [delta]: 13/13 patch, elapsed=126ms
2026-09-15 15:41:20,744 [INFO] sync_agent: Cycle #316 [delta]: 13/13 patch, elapsed=139ms
2026-09-15 15:41:21,743 [INFO] sync_agent: Cycle #317 [delta]: 13/13 patch, elapsed=138ms
2026-09-15 15:41:22,747 [INFO] sync_agent: Cycle #318 [delta]: 13/13 patch, elapsed=142ms
2026-09-15 15:41:23,744 [INFO] sync_agent: Cycle #319 [delta]: 13/13 patch, elapsed=138ms
2026-09-15 15:41:24,745 [INFO] sync_agent: Cycle #320 [delta]: 13/13 patch, elapsed=139ms
2026-09-15 15:41:25,763 [INFO] sync_agent: Cycle #321 [delta]: 13/13 patch, elapsed=157ms
2026-09-15 15:41:26,757 [INFO] sync_agent: Cycle #322 [delta]: 13/13 patch, elapsed=151ms
2026-09-15 15:41:27,004 [ERROR] env_runner: HEALTH GATE FAIL (attempt 0/2): thr=0.109 < 0.30 -> hard_reset lai
2026-09-15 15:41:27,004 [INFO] env_runner: HARD reset
2026-09-15 15:41:27,004 [INFO] sync_agent: Sync Agent dừng sau 322 chu kỳ.
2026-09-15 15:41:27,854 [INFO] command_agent: Command Agent dừng.
2026-09-15 15:41:27,854 [INFO] env_runner: EnvRunner.close(): stopping Mininet
2026-09-15 15:41:28,491 [INFO] env_runner: EnvRunner.start()
2026-09-15 15:41:35,275 [INFO] sync_agent: Sync Agent start: period=1.000s, tol=0.500, ping_every=20, reconcile_every=30, mode=None
2026-09-15 15:41:35,275 [INFO] command_agent: Command Agent start (bản 4.4: nghe + thực thi + response). controller=org.dt4n.ml:controller
2026-09-15 15:41:35,279 [INFO] command_agent: SSE kết nối OK, đang nghe lệnh tại http://localhost:8080/api/2/things/org.dt4n.ml:controller/inbox/messages
2026-09-15 15:41:35,421 [INFO] sync_agent: Cycle #1 [RECONCILE]: 16/16 patch, elapsed=146ms
2026-09-15 15:41:36,402 [INFO] sync_agent: Cycle #2 [delta]: 13/13 patch, elapsed=127ms
2026-09-15 15:41:38,286 [INFO] env_runner: EnvRunner started in 9.8s, startup iperf=0; episode iperf baseline pending
2026-09-15 15:41:41,412 [INFO] sync_agent: Cycle #7 [delta]: 13/13 patch, elapsed=136ms
2026-09-15 15:41:42,416 [INFO] sync_agent: Cycle #8 [delta]: 13/13 patch, elapsed=140ms
2026-09-15 15:41:43,413 [INFO] sync_agent: Cycle #9 [delta]: 13/13 patch, elapsed=137ms
2026-09-15 15:41:44,414 [INFO] sync_agent: Cycle #10 [delta]: 13/13 patch, elapsed=138ms
2026-09-15 15:41:45,411 [INFO] sync_agent: Cycle #11 [delta]: 13/13 patch, elapsed=134ms
2026-09-15 15:41:46,422 [INFO] sync_agent: Cycle #12 [delta]: 13/13 patch, elapsed=145ms
2026-09-15 15:41:47,433 [INFO] sync_agent: Cycle #13 [delta]: 13/13 patch, elapsed=156ms
2026-09-15 15:41:47,464 [INFO] env_runner: Calibrated episode iperf baseline=7
2026-09-15 15:41:48,413 [INFO] sync_agent: Cycle #14 [delta]: 13/13 patch, elapsed=135ms
2026-09-15 15:41:49,417 [INFO] sync_agent: Cycle #15 [delta]: 13/13 patch, elapsed=140ms
2026-09-15 15:41:50,415 [INFO] sync_agent: Cycle #16 [delta]: 13/13 patch, elapsed=137ms
2026-09-15 15:41:51,414 [INFO] sync_agent: Cycle #17 [delta]: 13/13 patch, elapsed=136ms
2026-09-15 15:41:52,388 [INFO] sync_agent: Cycle #18 [delta]: 8/8 patch, elapsed=109ms
2026-09-15 15:41:53,389 [INFO] sync_agent: Cycle #19 [delta]: 8/8 patch, elapsed=111ms
2026-09-15 15:41:54,387 [INFO] sync_agent: Cycle #20 [delta]: 8/8 patch, elapsed=109ms
2026-09-15 15:41:55,389 [INFO] sync_agent: Cycle #21 [delta]: 9/9 patch, elapsed=110ms
2026-09-15 15:41:56,390 [INFO] sync_agent: Cycle #22 [delta]: 9/9 patch, elapsed=111ms
2026-09-15 15:41:57,389 [INFO] sync_agent: Cycle #23 [delta]: 9/9 patch, elapsed=110ms
2026-09-15 15:41:58,413 [INFO] sync_agent: Cycle #24 [delta]: 11/11 patch, elapsed=134ms
2026-09-15 15:41:59,394 [INFO] sync_agent: Cycle #25 [delta]: 10/10 patch, elapsed=114ms
2026-09-15 15:42:00,394 [INFO] sync_agent: Cycle #26 [delta]: 10/10 patch, elapsed=115ms
2026-09-15 15:42:01,396 [INFO] sync_agent: Cycle #27 [delta]: 10/10 patch, elapsed=116ms
2026-09-15 15:42:02,396 [INFO] sync_agent: Cycle #28 [delta]: 10/10 patch, elapsed=116ms
2026-09-15 15:42:03,392 [INFO] sync_agent: Cycle #29 [delta]: 9/9 patch, elapsed=112ms
2026-09-15 15:42:04,386 [INFO] sync_agent: Cycle #30 [delta]: 8/8 patch, elapsed=105ms
2026-09-15 15:42:05,434 [INFO] sync_agent: Cycle #31 [RECONCILE]: 16/16 patch, elapsed=153ms
2026-09-15 15:42:06,388 [INFO] sync_agent: Cycle #32 [delta]: 8/8 patch, elapsed=106ms
2026-09-15 15:42:07,387 [INFO] sync_agent: Cycle #33 [delta]: 8/8 patch, elapsed=106ms
2026-09-15 15:42:08,391 [INFO] sync_agent: Cycle #34 [delta]: 8/8 patch, elapsed=110ms
2026-09-15 15:42:09,387 [INFO] sync_agent: Cycle #35 [delta]: 8/8 patch, elapsed=106ms
2026-09-15 15:42:10,392 [INFO] sync_agent: Cycle #36 [delta]: 8/8 patch, elapsed=110ms
2026-09-15 15:42:11,390 [INFO] sync_agent: Cycle #37 [delta]: 8/8 patch, elapsed=108ms
2026-09-15 15:42:12,390 [INFO] sync_agent: Cycle #38 [delta]: 8/8 patch, elapsed=107ms
2026-09-15 15:42:13,388 [INFO] sync_agent: Cycle #39 [delta]: 8/8 patch, elapsed=106ms
2026-09-15 15:42:14,389 [INFO] sync_agent: Cycle #40 [delta]: 8/8 patch, elapsed=106ms
2026-09-15 15:42:15,388 [INFO] sync_agent: Cycle #41 [delta]: 8/8 patch, elapsed=105ms
2026-09-15 15:42:16,389 [INFO] sync_agent: Cycle #42 [delta]: 8/8 patch, elapsed=106ms
2026-09-15 15:42:17,390 [INFO] sync_agent: Cycle #43 [delta]: 8/8 patch, elapsed=106ms
2026-09-15 15:42:18,388 [INFO] sync_agent: Cycle #44 [delta]: 8/8 patch, elapsed=105ms
2026-09-15 15:42:19,391 [INFO] sync_agent: Cycle #45 [delta]: 8/8 patch, elapsed=107ms
2026-09-15 15:42:20,390 [INFO] sync_agent: Cycle #46 [delta]: 8/8 patch, elapsed=106ms
2026-09-15 15:42:21,391 [INFO] sync_agent: Cycle #47 [delta]: 8/8 patch, elapsed=106ms
2026-09-15 15:42:22,393 [INFO] sync_agent: Cycle #48 [delta]: 8/8 patch, elapsed=108ms
2026-09-15 15:42:23,401 [INFO] sync_agent: Cycle #49 [delta]: 9/9 patch, elapsed=116ms
2026-09-15 15:42:24,397 [INFO] sync_agent: Cycle #50 [delta]: 9/9 patch, elapsed=112ms
2026-09-15 15:42:25,390 [INFO] sync_agent: Cycle #51 [delta]: 8/8 patch, elapsed=105ms
2026-09-15 15:42:26,394 [INFO] sync_agent: Cycle #52 [delta]: 8/8 patch, elapsed=109ms
2026-09-15 15:42:27,392 [INFO] sync_agent: Cycle #53 [delta]: 8/8 patch, elapsed=107ms
2026-09-15 15:42:28,398 [INFO] sync_agent: Cycle #54 [delta]: 9/9 patch, elapsed=112ms
2026-09-15 15:42:29,395 [INFO] sync_agent: Cycle #55 [delta]: 9/9 patch, elapsed=109ms
2026-09-15 15:42:30,406 [INFO] sync_agent: Cycle #56 [delta]: 10/10 patch, elapsed=120ms
2026-09-15 15:42:31,403 [INFO] sync_agent: Cycle #57 [delta]: 10/10 patch, elapsed=117ms
2026-09-15 15:42:32,401 [INFO] sync_agent: Cycle #58 [delta]: 10/10 patch, elapsed=114ms
2026-09-15 15:42:33,394 [INFO] sync_agent: Cycle #59 [delta]: 8/8 patch, elapsed=107ms
2026-09-15 15:42:34,392 [INFO] sync_agent: Cycle #60 [delta]: 8/8 patch, elapsed=105ms
2026-09-15 15:42:35,434 [INFO] sync_agent: Cycle #61 [RECONCILE]: 16/16 patch, elapsed=146ms
2026-09-15 15:42:36,404 [INFO] sync_agent: Cycle #62 [delta]: 10/10 patch, elapsed=117ms
2026-09-15 15:42:37,401 [INFO] sync_agent: Cycle #63 [delta]: 10/10 patch, elapsed=114ms
2026-09-15 15:42:38,394 [INFO] sync_agent: Cycle #64 [delta]: 8/8 patch, elapsed=106ms
2026-09-15 15:42:39,396 [INFO] sync_agent: Cycle #65 [delta]: 8/8 patch, elapsed=108ms
2026-09-15 15:42:40,408 [INFO] sync_agent: Cycle #66 [delta]: 10/10 patch, elapsed=120ms
2026-09-15 15:42:41,405 [INFO] sync_agent: Cycle #67 [delta]: 10/10 patch, elapsed=116ms
2026-09-15 15:42:42,394 [INFO] sync_agent: Cycle #68 [delta]: 8/8 patch, elapsed=105ms
2026-09-15 15:42:43,394 [INFO] sync_agent: Cycle #69 [delta]: 8/8 patch, elapsed=105ms
2026-09-15 15:42:44,400 [INFO] sync_agent: Cycle #70 [delta]: 8/8 patch, elapsed=110ms
2026-09-15 15:42:45,395 [INFO] sync_agent: Cycle #71 [delta]: 8/8 patch, elapsed=105ms
2026-09-15 15:42:46,396 [INFO] sync_agent: Cycle #72 [delta]: 8/8 patch, elapsed=106ms
2026-09-15 15:42:47,399 [INFO] sync_agent: Cycle #73 [delta]: 8/8 patch, elapsed=109ms
2026-09-15 15:42:48,396 [INFO] sync_agent: Cycle #74 [delta]: 8/8 patch, elapsed=106ms
2026-09-15 15:42:49,395 [INFO] sync_agent: Cycle #75 [delta]: 8/8 patch, elapsed=105ms
2026-09-15 15:42:50,407 [INFO] sync_agent: Cycle #76 [delta]: 8/8 patch, elapsed=116ms
2026-09-15 15:42:51,399 [INFO] sync_agent: Cycle #77 [delta]: 8/8 patch, elapsed=108ms
2026-09-15 15:42:52,410 [INFO] sync_agent: Cycle #78 [delta]: 8/8 patch, elapsed=119ms
2026-09-15 15:42:53,397 [INFO] sync_agent: Cycle #79 [delta]: 8/8 patch, elapsed=106ms
2026-09-15 15:42:54,396 [INFO] sync_agent: Cycle #80 [delta]: 8/8 patch, elapsed=105ms
