{
  "dataset_version": "DT4N-D1",
  "label_convention_id": "DT4N-L1",
  "label_convention": "DT4N-L1 | intervention y[t]=1 iff inject_tick < t <= revert_tick; collector monotonic event/snapshot anchors; actuation may cross measurement boundaries. Primary: strict point-wise after warmup only. Sensitivity: exclude onset=2, recovery=2 ticks; grace never changes y. No point-adjust for primary evaluation.",
  "design_content_sha256": "80b94fb9a53e2341562641cc737cf0dc1a720c203b18d6168a2b58baca1d640c",
  "contract_integrity": {
    "stored": "80b94fb9a53e2341562641cc737cf0dc1a720c203b18d6168a2b58baca1d640c",
    "content": "80b94fb9a53e2341562641cc737cf0dc1a720c203b18d6168a2b58baca1d640c",
    "recomputed": "80b94fb9a53e2341562641cc737cf0dc1a720c203b18d6168a2b58baca1d640c",
    "match": true
  },
  "collector_version": "v3-qdisc-ratevalid",
  "split": {
    "train": [
      "N-load1M-s1001-r1",
      "N-load1M-s1002-r2",
      "N-load2M-s1003-r1",
      "N-load2M-s1004-r2",
      "N-load4M-s1005-r1",
      "N-load4M-s1006-r2",
      "N-vary-s1007-r1",
      "N-vary-s1008-r2"
    ],
    "test": [
      "C-load2M-s2001-r1",
      "C-vary-s2002-r1",
      "F-admin_down-s1-s2-s3001-r1",
      "F-admin_down-s1-s3-s3002-r1",
      "F-degrade-s1-s2-s3003-r1",
      "F-degrade-s2-s3-s3004-r1",
      "F-flood-h1_to_srv1-s3005-r1",
      "F-flood-h2_to_srv2-s3006-r1",
      "F-shift-s1-s2-s3007-r1",
      "F-shift-s1-s3-s3008-r1"
    ]
  },
  "groups": {
    "run_id_n": 8,
    "config_id_n": 4,
    "recommended_cv": "GroupKFold(groups=config_id) — leave-one-load-out, kiem chung tong quat sang muc tai chua tung thay"
  },
  "shape": {
    "n_train_rows": 464,
    "n_test_rows": 590,
    "n_features": 72
  },
  "feature_selection": {
    "structural": [
      "meta",
      "text",
      "cumulative",
      "config"
    ],
    "train_only": {
      "null_limit_pct": 20.0,
      "constant_on_train": "indicator families to envelope; others unused"
    },
    "fault_indicator_suffix": [
      ".lossPct",
      ".qdiscDropDelta",
      ".state_up",
      ".loss_max",
      ".loss_n_above_alert",
      ".links_down"
    ],
    "label_based_rules_used": [],
    "note": "Audit/test labels never select model columns or bounds."
  },
  "link_stats": {
    "link-h1-s1.traffic.rxRate": {
      "mean": 6296.8834745762715,
      "std": 4379.274686608316
    },
    "link-h1-s1.traffic.txRate": {
      "mean": 280498.3134957627,
      "std": 193281.05591116805
    },
    "link-h2-s1.traffic.rxRate": {
      "mean": 7425.1510805084745,
      "std": 4097.469524630111
    },
    "link-h2-s1.traffic.txRate": {
      "mean": 334336.4528177967,
      "std": 177113.37098072364
    },
    "link-h3-s1.traffic.rxRate": {
      "mean": 6441.819766949152,
      "std": 4461.030384820801
    },
    "link-h3-s1.traffic.txRate": {
      "mean": 287233.6534110169,
      "std": 196572.39724859243
    },
    "link-s1-s2.traffic.rxRate": {
      "mean": 12734.104152542373,
      "std": 8507.978782687387
    },
    "link-s1-s2.traffic.txRate": {
      "mean": 567440.6872457627,
      "std": 375314.77547816007
    },
    "link-s1-s3.traffic.rxRate": {
      "mean": 7414.423432203391,
      "std": 4094.7682399482946
    },
    "link-s1-s3.traffic.txRate": {
      "mean": 333796.2002542372,
      "std": 177029.6070437288
    },
    "link-s2-s3.traffic.rxRate": {
      "mean": 1.1871610169491527,
      "std": 9.05076979937506
    },
    "link-s2-s3.traffic.txRate": {
      "mean": 269633.73396186443,
      "std": 669.3221845460226
    },
    "link-s2-srv1.traffic.rxRate": {
      "mean": 282360.4040254237,
      "std": 8536.203616942723
    },
    "link-s2-srv1.traffic.txRate": {
      "mean": 567327.9253177966,
      "std": 375261.4109894696
    },
    "link-s3-srv2.traffic.rxRate": {
      "mean": 7402.703877118643,
      "std": 4096.644054443391
    },
    "link-s3-srv2.traffic.txRate": {
      "mean": 603119.8774576272,
      "std": 177188.76754159929
    }
  },
  "feature_selection_dropped": {
    "collector_version": "siêu dữ liệu của lần chạy, không phải đo lường mạng",
    "config_id": "siêu dữ liệu của lần chạy, không phải đo lường mạng",
    "cycle_scan_ms": "siêu dữ liệu của lần chạy, không phải đo lường mạng",
    "design_content_sha256": "siêu dữ liệu của lần chạy, không phải đo lường mạng",
    "duration_sec": "siêu dữ liệu của lần chạy, không phải đo lường mạng",
    "eval_primary": "siêu dữ liệu của lần chạy, không phải đo lường mạng",
    "eval_sensitivity": "siêu dữ liệu của lần chạy, không phải đo lường mạng",
    "exec_index": "siêu dữ liệu của lần chạy, không phải đo lường mạng",
    "fault": "siêu dữ liệu của lần chạy, không phải đo lường mạng",
    "fault_target": "siêu dữ liệu của lần chạy, không phải đo lường mạng",
    "git_dirty": "siêu dữ liệu của lần chạy, không phải đo lường mạng",
    "git_hash": "siêu dữ liệu của lần chạy, không phải đo lường mạng",
    "group": "siêu dữ liệu của lần chạy, không phải đo lường mạng",
    "host-h1.status.state": "chuỗi/nhãn chẩn đoán; audit nunique nhưng không đưa vào mô hình",
    "host-h1.t_source": "siêu dữ liệu của lần chạy, không phải đo lường mạng",
    "host-h1.traffic.rateReason": "chuỗi/nhãn chẩn đoán; audit nunique nhưng không đưa vào mô hình",
    "host-h1.traffic.rxBytes": "chuỗi/nhãn chẩn đoán; audit nunique nhưng không đưa vào mô hình",
    "host-h1.traffic.txBytes": "chuỗi/nhãn chẩn đoán; audit nunique nhưng không đưa vào mô hình",
    "host-h2.status.state": "chuỗi/nhãn chẩn đoán; audit nunique nhưng không đưa vào mô hình",
    "host-h2.t_source": "siêu dữ liệu của lần chạy, không phải đo lường mạng",
    "host-h2.traffic.rateReason": "chuỗi/nhãn chẩn đoán; audit nunique nhưng không đưa vào mô hình",
    "host-h2.traffic.rxBytes": "chuỗi/nhãn chẩn đoán; audit nunique nhưng không đưa vào mô hình",
    "host-h2.traffic.txBytes": "chuỗi/nhãn chẩn đoán; audit nunique nhưng không đưa vào mô hình",
    "host-h3.status.state": "chuỗi/nhãn chẩn đoán; audit nunique nhưng không đưa vào mô hình",
    "host-h3.t_source": "siêu dữ liệu của lần chạy, không phải đo lường mạng",
    "host-h3.traffic.rateReason": "chuỗi/nhãn chẩn đoán; audit nunique nhưng không đưa vào mô hình",
    "host-h3.traffic.rxBytes": "chuỗi/nhãn chẩn đoán; audit nunique nhưng không đưa vào mô hình",
    "host-h3.traffic.txBytes": "chuỗi/nhãn chẩn đoán; audit nunique nhưng không đưa vào mô hình",
    "host-srv1.status.state": "chuỗi/nhãn chẩn đoán; audit nunique nhưng không đưa vào mô hình",
    "host-srv1.t_source": "siêu dữ liệu của lần chạy, không phải đo lường mạng",
    "host-srv1.traffic.rateReason": "chuỗi/nhãn chẩn đoán; audit nunique nhưng không đưa vào mô hình",
    "host-srv1.traffic.rxBytes": "chuỗi/nhãn chẩn đoán; audit nunique nhưng không đưa vào mô hình",
    "host-srv1.traffic.txBytes": "chuỗi/nhãn chẩn đoán; audit nunique nhưng không đưa vào mô hình",
    "host-srv2.status.state": "chuỗi/nhãn chẩn đoán; audit nunique nhưng không đưa vào mô hình",
    "host-srv2.t_source": "siêu dữ liệu của lần chạy, không phải đo lường mạng",
    "host-srv2.traffic.rateReason": "chuỗi/nhãn chẩn đoán; audit nunique nhưng không đưa vào mô hình",
    "host-srv2.traffic.rxBytes": "chuỗi/nhãn chẩn đoán; audit nunique nhưng không đưa vào mô hình",
    "host-srv2.traffic.txBytes": "chuỗi/nhãn chẩn đoán; audit nunique nhưng không đưa vào mô hình",
    "is_fault": "siêu dữ liệu của lần chạy, không phải đo lường mạng",
    "is_warmup": "siêu dữ liệu của lần chạy, không phải đo lường mạng",
    "link-h1-s1.capacity.bwMbps": "chuỗi/nhãn chẩn đoán; audit nunique nhưng không đưa vào mô hình",
    "link-h1-s1.status.state": "chuỗi/nhãn chẩn đoán; audit nunique nhưng không đưa vào mô hình",
    "link-h1-s1.t_source": "siêu dữ liệu của lần chạy, không phải đo lường mạng",
    "link-h1-s1.traffic.lossSource": "chuỗi/nhãn chẩn đoán; audit nunique nhưng không đưa vào mô hình",
    "link-h1-s1.traffic.qdiscReason": "chuỗi/nhãn chẩn đoán; audit nunique nhưng không đưa vào mô hình",
    "link-h1-s1.traffic.rateReason": "chuỗi/nhãn chẩn đoán; audit nunique nhưng không đưa vào mô hình",
    "link-h1-s1.traffic.utilDirectionSource": "chuỗi/nhãn chẩn đoán; audit nunique nhưng không đưa vào mô hình",
    "link-h1-s1.traffic.utilIntf": "chuỗi/nhãn chẩn đoán; audit nunique nhưng không đưa vào mô hình",
    "link-h2-s1.capacity.bwMbps": "chuỗi/nhãn chẩn đoán; audit nunique nhưng không đưa vào mô hình",
    "link-h2-s1.status.state": "chuỗi/nhãn chẩn đoán; audit nunique nhưng không đưa vào mô hình",
    "link-h2-s1.t_source": "siêu dữ liệu của lần chạy, không phải đo lường mạng",
    "link-h2-s1.traffic.lossSource": "chuỗi/nhãn chẩn đoán; audit nunique nhưng không đưa vào mô hình",
    "link-h2-s1.traffic.qdiscReason": "chuỗi/nhãn chẩn đoán; audit nunique nhưng không đưa vào mô hình",
    "link-h2-s1.traffic.rateReason": "chuỗi/nhãn chẩn đoán; audit nunique nhưng không đưa vào mô hình",
    "link-h2-s1.traffic.utilDirectionSource": "chuỗi/nhãn chẩn đoán; audit nunique nhưng không đưa vào mô hình",
    "link-h2-s1.traffic.utilIntf": "chuỗi/nhãn chẩn đoán; audit nunique nhưng không đưa vào mô hình",
    "link-h3-s1.capacity.bwMbps": "chuỗi/nhãn chẩn đoán; audit nunique nhưng không đưa vào mô hình",
    "link-h3-s1.status.state": "chuỗi/nhãn chẩn đoán; audit nunique nhưng không đưa vào mô hình",
    "link-h3-s1.t_source": "siêu dữ liệu của lần chạy, không phải đo lường mạng",
    "link-h3-s1.traffic.lossSource": "chuỗi/nhãn chẩn đoán; audit nunique nhưng không đưa vào mô hình",
    "link-h3-s1.traffic.qdiscReason": "chuỗi/nhãn chẩn đoán; audit nunique nhưng không đưa vào mô hình",
    "link-h3-s1.traffic.rateReason": "chuỗi/nhãn chẩn đoán; audit nunique nhưng không đưa vào mô hình",
    "link-h3-s1.traffic.utilDirectionSource": "chuỗi/nhãn chẩn đoán; audit nunique nhưng không đưa vào mô hình",
    "link-h3-s1.traffic.utilIntf": "chuỗi/nhãn chẩn đoán; audit nunique nhưng không đưa vào mô hình",
    "link-s1-s2.capacity.bwMbps": "chuỗi/nhãn chẩn đoán; audit nunique nhưng không đưa vào mô hình",
    "link-s1-s2.status.state": "chuỗi/nhãn chẩn đoán; audit nunique nhưng không đưa vào mô hình",
    "link-s1-s2.t_source": "siêu dữ liệu của lần chạy, không phải đo lường mạng",
    "link-s1-s2.traffic.lossSource": "chuỗi/nhãn chẩn đoán; audit nunique nhưng không đưa vào mô hình",
    "link-s1-s2.traffic.qdiscReason": "chuỗi/nhãn chẩn đoán; audit nunique nhưng không đưa vào mô hình",
    "link-s1-s2.traffic.rateReason": "chuỗi/nhãn chẩn đoán; audit nunique nhưng không đưa vào mô hình",
    "link-s1-s2.traffic.utilDirectionSource": "chuỗi/nhãn chẩn đoán; audit nunique nhưng không đưa vào mô hình",
    "link-s1-s2.traffic.utilIntf": "chuỗi/nhãn chẩn đoán; audit nunique nhưng không đưa vào mô hình",
    "link-s1-s3.capacity.bwMbps": "chuỗi/nhãn chẩn đoán; audit nunique nhưng không đưa vào mô hình",
    "link-s1-s3.status.state": "chuỗi/nhãn chẩn đoán; audit nunique nhưng không đưa vào mô hình",
    "link-s1-s3.t_source": "siêu dữ liệu của lần chạy, không phải đo lường mạng",
    "link-s1-s3.traffic.lossSource": "chuỗi/nhãn chẩn đoán; audit nunique nhưng không đưa vào mô hình",
    "link-s1-s3.traffic.qdiscReason": "chuỗi/nhãn chẩn đoán; audit nunique nhưng không đưa vào mô hình",
    "link-s1-s3.traffic.rateReason": "chuỗi/nhãn chẩn đoán; audit nunique nhưng không đưa vào mô hình",
    "link-s1-s3.traffic.utilDirectionSource": "chuỗi/nhãn chẩn đoán; audit nunique nhưng không đưa vào mô hình",
    "link-s1-s3.traffic.utilIntf": "chuỗi/nhãn chẩn đoán; audit nunique nhưng không đưa vào mô hình",
    "link-s2-s3.capacity.bwMbps": "chuỗi/nhãn chẩn đoán; audit nunique nhưng không đưa vào mô hình",
    "link-s2-s3.status.state": "chuỗi/nhãn chẩn đoán; audit nunique nhưng không đưa vào mô hình",
    "link-s2-s3.t_source": "siêu dữ liệu của lần chạy, không phải đo lường mạng",
    "link-s2-s3.traffic.lossSource": "chuỗi/nhãn chẩn đoán; audit nunique nhưng không đưa vào mô hình",
    "link-s2-s3.traffic.qdiscReason": "chuỗi/nhãn chẩn đoán; audit nunique nhưng không đưa vào mô hình",
    "link-s2-s3.traffic.rateReason": "chuỗi/nhãn chẩn đoán; audit nunique nhưng không đưa vào mô hình",
    "link-s2-s3.traffic.utilDirectionSource": "chuỗi/nhãn chẩn đoán; audit nunique nhưng không đưa vào mô hình",
    "link-s2-s3.traffic.utilIntf": "chuỗi/nhãn chẩn đoán; audit nunique nhưng không đưa vào mô hình",
    "link-s2-srv1.capacity.bwMbps": "chuỗi/nhãn chẩn đoán; audit nunique nhưng không đưa vào mô hình",
    "link-s2-srv1.status.state": "chuỗi/nhãn chẩn đoán; audit nunique nhưng không đưa vào mô hình",
    "link-s2-srv1.t_source": "siêu dữ liệu của lần chạy, không phải đo lường mạng",
    "link-s2-srv1.traffic.lossSource": "chuỗi/nhãn chẩn đoán; audit nunique nhưng không đưa vào mô hình",
    "link-s2-srv1.traffic.qdiscReason": "chuỗi/nhãn chẩn đoán; audit nunique nhưng không đưa vào mô hình",
    "link-s2-srv1.traffic.rateReason": "chuỗi/nhãn chẩn đoán; audit nunique nhưng không đưa vào mô hình",
    "link-s2-srv1.traffic.utilDirectionSource": "chuỗi/nhãn chẩn đoán; audit nunique nhưng không đưa vào mô hình",
    "link-s2-srv1.traffic.utilIntf": "chuỗi/nhãn chẩn đoán; audit nunique nhưng không đưa vào mô hình",
    "link-s3-srv2.capacity.bwMbps": "chuỗi/nhãn chẩn đoán; audit nunique nhưng không đưa vào mô hình",
    "link-s3-srv2.status.state": "chuỗi/nhãn chẩn đoán; audit nunique nhưng không đưa vào mô hình",
    "link-s3-srv2.t_source": "siêu dữ liệu của lần chạy, không phải đo lường mạng",
    "link-s3-srv2.traffic.lossSource": "chuỗi/nhãn chẩn đoán; audit nunique nhưng không đưa vào mô hình",
    "link-s3-srv2.traffic.qdiscReason": "chuỗi/nhãn chẩn đoán; audit nunique nhưng không đưa vào mô hình",
    "link-s3-srv2.traffic.rateReason": "chuỗi/nhãn chẩn đoán; audit nunique nhưng không đưa vào mô hình",
    "link-s3-srv2.traffic.utilDirectionSource": "chuỗi/nhãn chẩn đoán; audit nunique nhưng không đưa vào mô hình",
    "link-s3-srv2.traffic.utilIntf": "chuỗi/nhãn chẩn đoán; audit nunique nhưng không đưa vào mô hình",
    "load_mbps_per_client": "siêu dữ liệu của lần chạy, không phải đo lường mạng",
    "load_schedule": "thiếu quá nhiều -> không đủ bằng chứng (train: 100.00%)",
    "period_sec": "siêu dữ liệu của lần chạy, không phải đo lường mạng",
    "pre_roll_sec": "siêu dữ liệu của lần chạy, không phải đo lường mạng",
    "profile": "siêu dữ liệu của lần chạy, không phải đo lường mạng",
    "run_id": "siêu dữ liệu của lần chạy, không phải đo lường mạng",
    "seed": "siêu dữ liệu của lần chạy, không phải đo lường mạng",
    "source_dirty": "siêu dữ liệu của lần chạy, không phải đo lường mạng",
    "source_file": "siêu dữ liệu của lần chạy, không phải đo lường mạng",
    "split": "siêu dữ liệu của lần chạy, không phải đo lường mạng",
    "switch-s1.portStatsRaw.dump": "chuỗi/nhãn chẩn đoán; audit nunique nhưng không đưa vào mô hình",
    "switch-s1.status.state": "chuỗi/nhãn chẩn đoán; audit nunique nhưng không đưa vào mô hình",
    "switch-s1.t_source": "siêu dữ liệu của lần chạy, không phải đo lường mạng",
    "switch-s2.portStatsRaw.dump": "chuỗi/nhãn chẩn đoán; audit nunique nhưng không đưa vào mô hình",
    "switch-s2.status.state": "chuỗi/nhãn chẩn đoán; audit nunique nhưng không đưa vào mô hình",
    "switch-s2.t_source": "siêu dữ liệu của lần chạy, không phải đo lường mạng",
    "switch-s3.portStatsRaw.dump": "chuỗi/nhãn chẩn đoán; audit nunique nhưng không đưa vào mô hình",
    "switch-s3.status.state": "chuỗi/nhãn chẩn đoán; audit nunique nhưng không đưa vào mô hình",
    "switch-s3.t_source": "siêu dữ liệu của lần chạy, không phải đo lường mạng",
    "t_inject": "siêu dữ liệu của lần chạy, không phải đo lường mạng",
    "t_rel": "siêu dữ liệu của lần chạy, không phải đo lường mạng",
    "t_revert": "siêu dữ liệu của lần chạy, không phải đo lường mạng",
    "t_source": "siêu dữ liệu của lần chạy, không phải đo lường mạng",
    "tick": "siêu dữ liệu của lần chạy, không phải đo lường mạng",
    "timestamp": "siêu dữ liệu của lần chạy, không phải đo lường mạng",
    "warmup_ticks": "siêu dữ liệu của lần chạy, không phải đo lường mạng"
  },
  "dead_features": {
    "agg.links_state_measured": "hằng số trên TOÀN BỘ dataset -> không mang thông tin (constant train; outside registered indicator families)",
    "agg.loss_n_measured": "hằng số trên TOÀN BỘ dataset -> không mang thông tin (constant train; outside registered indicator families)",
    "host-h1.traffic.rateValid": "hằng số trên TOÀN BỘ dataset -> không mang thông tin (constant train; outside registered indicator families)",
    "host-h2.traffic.rateValid": "hằng số trên TOÀN BỘ dataset -> không mang thông tin (constant train; outside registered indicator families)",
    "host-h3.traffic.rateValid": "hằng số trên TOÀN BỘ dataset -> không mang thông tin (constant train; outside registered indicator families)",
    "host-srv1.traffic.rateValid": "hằng số trên TOÀN BỘ dataset -> không mang thông tin (constant train; outside registered indicator families)",
    "host-srv2.traffic.rateValid": "hằng số trên TOÀN BỘ dataset -> không mang thông tin (constant train; outside registered indicator families)",
    "link-h1-s1.traffic.interfaceLossPct": "hằng số trên TOÀN BỘ dataset -> không mang thông tin (constant train; outside registered indicator families)",
    "link-h1-s1.traffic.qdiscValid": "hằng số trên TOÀN BỘ dataset -> không mang thông tin (constant train; outside registered indicator families)",
    "link-h1-s1.traffic.rateValid": "hằng số trên TOÀN BỘ dataset -> không mang thông tin (constant train; outside registered indicator families)",
    "link-h2-s1.traffic.interfaceLossPct": "hằng số trên TOÀN BỘ dataset -> không mang thông tin (constant train; outside registered indicator families)",
    "link-h2-s1.traffic.qdiscValid": "hằng số trên TOÀN BỘ dataset -> không mang thông tin (constant train; outside registered indicator families)",
    "link-h2-s1.traffic.rateValid": "hằng số trên TOÀN BỘ dataset -> không mang thông tin (constant train; outside registered indicator families)",
    "link-h3-s1.traffic.interfaceLossPct": "hằng số trên TOÀN BỘ dataset -> không mang thông tin (constant train; outside registered indicator families)",
    "link-h3-s1.traffic.qdiscValid": "hằng số trên TOÀN BỘ dataset -> không mang thông tin (constant train; outside registered indicator families)",
    "link-h3-s1.traffic.rateValid": "hằng số trên TOÀN BỘ dataset -> không mang thông tin (constant train; outside registered indicator families)",
    "link-s1-s2.traffic.interfaceLossPct": "hằng số trên TOÀN BỘ dataset -> không mang thông tin (constant train; outside registered indicator families)",
    "link-s1-s2.traffic.qdiscValid": "hằng số trên TOÀN BỘ dataset -> không mang thông tin (constant train; outside registered indicator families)",
    "link-s1-s2.traffic.rateValid": "hằng số trên TOÀN BỘ dataset -> không mang thông tin (constant train; outside registered indicator families)",
    "link-s1-s3.traffic.interfaceLossPct": "hằng số trên TOÀN BỘ dataset -> không mang thông tin (constant train; outside registered indicator families)",
    "link-s1-s3.traffic.qdiscValid": "hằng số trên TOÀN BỘ dataset -> không mang thông tin (constant train; outside registered indicator families)",
    "link-s1-s3.traffic.rateValid": "hằng số trên TOÀN BỘ dataset -> không mang thông tin (constant train; outside registered indicator families)",
    "link-s2-s3.traffic.interfaceLossPct": "hằng số trên TOÀN BỘ dataset -> không mang thông tin (constant train; outside registered indicator families)",
    "link-s2-s3.traffic.qdiscValid": "hằng số trên TOÀN BỘ dataset -> không mang thông tin (constant train; outside registered indicator families)",
    "link-s2-s3.traffic.rateValid": "hằng số trên TOÀN BỘ dataset -> không mang thông tin (constant train; outside registered indicator families)",
    "link-s2-srv1.traffic.interfaceLossPct": "hằng số trên TOÀN BỘ dataset -> không mang thông tin (constant train; outside registered indicator families)",
    "link-s2-srv1.traffic.qdiscValid": "hằng số trên TOÀN BỘ dataset -> không mang thông tin (constant train; outside registered indicator families)",
    "link-s2-srv1.traffic.rateValid": "hằng số trên TOÀN BỘ dataset -> không mang thông tin (constant train; outside registered indicator families)",
    "link-s3-srv2.traffic.interfaceLossPct": "hằng số trên TOÀN BỘ dataset -> không mang thông tin (constant train; outside registered indicator families)",
    "link-s3-srv2.traffic.qdiscValid": "hằng số trên TOÀN BỘ dataset -> không mang thông tin (constant train; outside registered indicator families)",
    "link-s3-srv2.traffic.rateValid": "hằng số trên TOÀN BỘ dataset -> không mang thông tin (constant train; outside registered indicator families)",
    "n_loss_missing": "hằng số trên TOÀN BỘ dataset -> không mang thông tin (constant train; outside registered indicator families)",
    "n_rate_missing": "hằng số trên TOÀN BỘ dataset -> không mang thông tin (constant train; outside registered indicator families)"
  },
  "n_dead_features": 33,
  "envelope": {
    "agg.links_down": {
      "min": 0.0,
      "max": 0.0,
      "n_train": 472,
      "reason": "constant fault indicator; envelope only"
    },
    "agg.loss_max": {
      "min": 0.0,
      "max": 0.0,
      "n_train": 472,
      "reason": "constant fault indicator; envelope only"
    },
    "agg.loss_n_above_alert": {
      "min": 0.0,
      "max": 0.0,
      "n_train": 472,
      "reason": "constant fault indicator; envelope only"
    },
    "agg.rate_absz_max": {
      "min": 0.3674743515688177,
      "max": 7.642757524097798,
      "n_train": 472,
      "reason": "variable on train"
    },
    "agg.rate_absz_n_above_3": {
      "min": 0.0,
      "max": 1.0,
      "n_train": 472,
      "reason": "variable on train"
    },
    "host-h1.status.state_up": {
      "min": 1.0,
      "max": 1.0,
      "n_train": 472,
      "reason": "constant fault indicator; envelope only"
    },
    "host-h1.traffic.rxRate": {
      "min": 0.0,
      "max": 15236.81,
      "n_train": 472,
      "reason": "variable on train"
    },
    "host-h1.traffic.txRate": {
      "min": 0.0,
      "max": 672022.37,
      "n_train": 472,
      "reason": "variable on train"
    },
    "host-h2.status.state_up": {
      "min": 1.0,
      "max": 1.0,
      "n_train": 472,
      "reason": "constant fault indicator; envelope only"
    },
    "host-h2.traffic.rxRate": {
      "min": 2411.98,
      "max": 15315.53,
      "n_train": 472,
      "reason": "variable on train"
    },
    "host-h2.traffic.txRate": {
      "min": 125624.69,
      "max": 676660.02,
      "n_train": 472,
      "reason": "variable on train"
    },
    "host-h3.status.state_up": {
      "min": 1.0,
      "max": 1.0,
      "n_train": 472,
      "reason": "constant fault indicator; envelope only"
    },
    "host-h3.traffic.rxRate": {
      "min": 0.0,
      "max": 16260.07,
      "n_train": 472,
      "reason": "variable on train"
    },
    "host-h3.traffic.txRate": {
      "min": 0.0,
      "max": 772748.27,
      "n_train": 472,
      "reason": "variable on train"
    },
    "host-srv1.status.state_up": {
      "min": 1.0,
      "max": 1.0,
      "n_train": 472,
      "reason": "constant fault indicator; envelope only"
    },
    "host-srv1.traffic.rxRate": {
      "min": 0.0,
      "max": 1209408.17,
      "n_train": 472,
      "reason": "variable on train"
    },
    "host-srv1.traffic.txRate": {
      "min": 268743.29,
      "max": 297644.78,
      "n_train": 472,
      "reason": "variable on train"
    },
    "host-srv2.status.state_up": {
      "min": 1.0,
      "max": 1.0,
      "n_train": 472,
      "reason": "constant fault indicator; envelope only"
    },
    "host-srv2.traffic.rxRate": {
      "min": 396065.66,
      "max": 946407.12,
      "n_train": 472,
      "reason": "variable on train"
    },
    "host-srv2.traffic.txRate": {
      "min": 2586.81,
      "max": 15311.22,
      "n_train": 472,
      "reason": "variable on train"
    },
    "link-h1-s1.status.state_up": {
      "min": 1.0,
      "max": 1.0,
      "n_train": 472,
      "reason": "constant fault indicator; envelope only"
    },
    "link-h1-s1.traffic.lossPct": {
      "min": 0.0,
      "max": 0.0,
      "n_train": 472,
      "reason": "constant fault indicator; envelope only"
    },
    "link-h1-s1.traffic.qdiscDropDelta": {
      "min": 0.0,
      "max": 0.0,
      "n_train": 472,
      "reason": "constant fault indicator; envelope only"
    },
    "link-h1-s1.traffic.qdiscSentDelta": {
      "min": 0.0,
      "max": 695.0,
      "n_train": 472,
      "reason": "variable on train"
    },
    "link-h1-s1.traffic.rxRate": {
      "min": 0.0,
      "max": 15228.82,
      "n_train": 472,
      "reason": "variable on train"
    },
    "link-h1-s1.traffic.txRate": {
      "min": 0.0,
      "max": 678985.55,
      "n_train": 472,
      "reason": "variable on train"
    },
    "link-h2-s1.status.state_up": {
      "min": 1.0,
      "max": 1.0,
      "n_train": 472,
      "reason": "constant fault indicator; envelope only"
    },
    "link-h2-s1.traffic.lossPct": {
      "min": 0.0,
      "max": 0.0,
      "n_train": 472,
      "reason": "constant fault indicator; envelope only"
    },
    "link-h2-s1.traffic.qdiscDropDelta": {
      "min": 0.0,
      "max": 0.0,
      "n_train": 472,
      "reason": "constant fault indicator; envelope only"
    },
    "link-h2-s1.traffic.qdiscSentDelta": {
      "min": 127.0,
      "max": 685.0,
      "n_train": 472,
      "reason": "variable on train"
    },
    "link-h2-s1.traffic.rxRate": {
      "min": 2577.14,
      "max": 15285.76,
      "n_train": 472,
      "reason": "variable on train"
    },
    "link-h2-s1.traffic.txRate": {
      "min": 128474.75,
      "max": 675344.81,
      "n_train": 472,
      "reason": "variable on train"
    },
    "link-h3-s1.status.state_up": {
      "min": 1.0,
      "max": 1.0,
      "n_train": 472,
      "reason": "constant fault indicator; envelope only"
    },
    "link-h3-s1.traffic.lossPct": {
      "min": 0.0,
      "max": 0.0,
      "n_train": 472,
      "reason": "constant fault indicator; envelope only"
    },
    "link-h3-s1.traffic.qdiscDropDelta": {
      "min": 0.0,
      "max": 0.0,
      "n_train": 472,
      "reason": "constant fault indicator; envelope only"
    },
    "link-h3-s1.traffic.qdiscSentDelta": {
      "min": 0.0,
      "max": 817.0,
      "n_train": 472,
      "reason": "variable on train"
    },
    "link-h3-s1.traffic.rxRate": {
      "min": 0.0,
      "max": 17491.62,
      "n_train": 472,
      "reason": "variable on train"
    },
    "link-h3-s1.traffic.txRate": {
      "min": 0.0,
      "max": 800780.34,
      "n_train": 472,
      "reason": "variable on train"
    },
    "link-s1-s2.status.state_up": {
      "min": 1.0,
      "max": 1.0,
      "n_train": 472,
      "reason": "constant fault indicator; envelope only"
    },
    "link-s1-s2.traffic.lossPct": {
      "min": 0.0,
      "max": 0.0,
      "n_train": 472,
      "reason": "constant fault indicator; envelope only"
    },
    "link-s1-s2.traffic.qdiscDropDelta": {
      "min": 0.0,
      "max": 0.0,
      "n_train": 472,
      "reason": "constant fault indicator; envelope only"
    },
    "link-s1-s2.traffic.qdiscSentDelta": {
      "min": 0.0,
      "max": 1230.0,
      "n_train": 472,
      "reason": "variable on train"
    },
    "link-s1-s2.traffic.rxRate": {
      "min": 0.0,
      "max": 27273.14,
      "n_train": 472,
      "reason": "variable on train"
    },
    "link-s1-s2.traffic.txRate": {
      "min": 0.0,
      "max": 1207829.97,
      "n_train": 472,
      "reason": "variable on train"
    },
    "link-s1-s3.status.state_up": {
      "min": 1.0,
      "max": 1.0,
      "n_train": 472,
      "reason": "constant fault indicator; envelope only"
    },
    "link-s1-s3.traffic.lossPct": {
      "min": 0.0,
      "max": 0.0,
      "n_train": 472,
      "reason": "constant fault indicator; envelope only"
    },
    "link-s1-s3.traffic.qdiscDropDelta": {
      "min": 0.0,
      "max": 0.0,
      "n_train": 472,
      "reason": "constant fault indicator; envelope only"
    },
    "link-s1-s3.traffic.qdiscSentDelta": {
      "min": 126.0,
      "max": 694.0,
      "n_train": 472,
      "reason": "variable on train"
    },
    "link-s1-s3.traffic.rxRate": {
      "min": 2648.78,
      "max": 15271.13,
      "n_train": 472,
      "reason": "variable on train"
    },
    "link-s1-s3.traffic.txRate": {
      "min": 127110.82,
      "max": 679104.43,
      "n_train": 472,
      "reason": "variable on train"
    },
    "link-s2-s3.status.state_up": {
      "min": 1.0,
      "max": 1.0,
      "n_train": 472,
      "reason": "constant fault indicator; envelope only"
    },
    "link-s2-s3.traffic.lossPct": {
      "min": 0.0,
      "max": 0.0,
      "n_train": 472,
      "reason": "constant fault indicator; envelope only"
    },
    "link-s2-s3.traffic.qdiscDropDelta": {
      "min": 0.0,
      "max": 0.0,
      "n_train": 472,
      "reason": "constant fault indicator; envelope only"
    },
    "link-s2-s3.traffic.qdiscSentDelta": {
      "min": 174.0,
      "max": 181.0,
      "n_train": 472,
      "reason": "variable on train"
    },
    "link-s2-s3.traffic.rxRate": {
      "min": 0.0,
      "max": 70.36,
      "n_train": 472,
      "reason": "variable on train"
    },
    "link-s2-s3.traffic.txRate": {
      "min": 268255.64,
      "max": 271141.9,
      "n_train": 472,
      "reason": "variable on train"
    },
    "link-s2-srv1.status.state_up": {
      "min": 1.0,
      "max": 1.0,
      "n_train": 472,
      "reason": "constant fault indicator; envelope only"
    },
    "link-s2-srv1.traffic.lossPct": {
      "min": 0.0,
      "max": 0.0,
      "n_train": 472,
      "reason": "constant fault indicator; envelope only"
    },
    "link-s2-srv1.traffic.qdiscDropDelta": {
      "min": 0.0,
      "max": 0.0,
      "n_train": 472,
      "reason": "constant fault indicator; envelope only"
    },
    "link-s2-srv1.traffic.qdiscSentDelta": {
      "min": 177.0,
      "max": 1413.0,
      "n_train": 472,
      "reason": "variable on train"
    },
    "link-s2-srv1.traffic.rxRate": {
      "min": 268565.23,
      "max": 298001.07,
      "n_train": 472,
      "reason": "variable on train"
    },
    "link-s2-srv1.traffic.txRate": {
      "min": 0.0,
      "max": 1207079.54,
      "n_train": 472,
      "reason": "variable on train"
    },
    "link-s3-srv2.status.state_up": {
      "min": 1.0,
      "max": 1.0,
      "n_train": 472,
      "reason": "constant fault indicator; envelope only"
    },
    "link-s3-srv2.traffic.lossPct": {
      "min": 0.0,
      "max": 0.0,
      "n_train": 472,
      "reason": "constant fault indicator; envelope only"
    },
    "link-s3-srv2.traffic.qdiscDropDelta": {
      "min": 0.0,
      "max": 0.0,
      "n_train": 472,
      "reason": "constant fault indicator; envelope only"
    },
    "link-s3-srv2.traffic.qdiscSentDelta": {
      "min": 307.0,
      "max": 923.0,
      "n_train": 472,
      "reason": "variable on train"
    },
    "link-s3-srv2.traffic.rxRate": {
      "min": 2675.34,
      "max": 15653.68,
      "n_train": 472,
      "reason": "variable on train"
    },
    "link-s3-srv2.traffic.txRate": {
      "min": 397048.11,
      "max": 995478.36,
      "n_train": 472,
      "reason": "variable on train"
    },
    "switch-s1.status.state_up": {
      "min": 1.0,
      "max": 1.0,
      "n_train": 472,
      "reason": "constant fault indicator; envelope only"
    },
    "switch-s2.status.state_up": {
      "min": 1.0,
      "max": 1.0,
      "n_train": 472,
      "reason": "constant fault indicator; envelope only"
    },
    "switch-s3.status.state_up": {
      "min": 1.0,
      "max": 1.0,
      "n_train": 472,
      "reason": "constant fault indicator; envelope only"
    }
  },
  "envelope_feature_names": [
    "agg.links_down",
    "agg.loss_max",
    "agg.loss_n_above_alert",
    "agg.rate_absz_max",
    "agg.rate_absz_n_above_3",
    "host-h1.status.state_up",
    "host-h1.traffic.rxRate",
    "host-h1.traffic.txRate",
    "host-h2.status.state_up",
    "host-h2.traffic.rxRate",
    "host-h2.traffic.txRate",
    "host-h3.status.state_up",
    "host-h3.traffic.rxRate",
    "host-h3.traffic.txRate",
    "host-srv1.status.state_up",
    "host-srv1.traffic.rxRate",
    "host-srv1.traffic.txRate",
    "host-srv2.status.state_up",
    "host-srv2.traffic.rxRate",
    "host-srv2.traffic.txRate",
    "link-h1-s1.status.state_up",
    "link-h1-s1.traffic.lossPct",
    "link-h1-s1.traffic.qdiscDropDelta",
    "link-h1-s1.traffic.qdiscSentDelta",
    "link-h1-s1.traffic.rxRate",
    "link-h1-s1.traffic.txRate",
    "link-h2-s1.status.state_up",
    "link-h2-s1.traffic.lossPct",
    "link-h2-s1.traffic.qdiscDropDelta",
    "link-h2-s1.traffic.qdiscSentDelta",
    "link-h2-s1.traffic.rxRate",
    "link-h2-s1.traffic.txRate",
    "link-h3-s1.status.state_up",
    "link-h3-s1.traffic.lossPct",
    "link-h3-s1.traffic.qdiscDropDelta",
    "link-h3-s1.traffic.qdiscSentDelta",
    "link-h3-s1.traffic.rxRate",
    "link-h3-s1.traffic.txRate",
    "link-s1-s2.status.state_up",
    "link-s1-s2.traffic.lossPct",
    "link-s1-s2.traffic.qdiscDropDelta",
    "link-s1-s2.traffic.qdiscSentDelta",
    "link-s1-s2.traffic.rxRate",
    "link-s1-s2.traffic.txRate",
    "link-s1-s3.status.state_up",
    "link-s1-s3.traffic.lossPct",
    "link-s1-s3.traffic.qdiscDropDelta",
    "link-s1-s3.traffic.qdiscSentDelta",
    "link-s1-s3.traffic.rxRate",
    "link-s1-s3.traffic.txRate",
    "link-s2-s3.status.state_up",
    "link-s2-s3.traffic.lossPct",
    "link-s2-s3.traffic.qdiscDropDelta",
    "link-s2-s3.traffic.qdiscSentDelta",
    "link-s2-s3.traffic.rxRate",
    "link-s2-s3.traffic.txRate",
    "link-s2-srv1.status.state_up",
    "link-s2-srv1.traffic.lossPct",
    "link-s2-srv1.traffic.qdiscDropDelta",
    "link-s2-srv1.traffic.qdiscSentDelta",
    "link-s2-srv1.traffic.rxRate",
    "link-s2-srv1.traffic.txRate",
    "link-s3-srv2.status.state_up",
    "link-s3-srv2.traffic.lossPct",
    "link-s3-srv2.traffic.qdiscDropDelta",
    "link-s3-srv2.traffic.qdiscSentDelta",
    "link-s3-srv2.traffic.rxRate",
    "link-s3-srv2.traffic.txRate",
    "switch-s1.status.state_up",
    "switch-s2.status.state_up",
    "switch-s3.status.state_up"
  ],
  "envelope_threshold": {
    "K": 0,
    "k_train_max": 0,
    "k_train_mean": 0.0,
    "n_envelope_columns": 71,
    "n_train_rows": 472,
    "n_train_rows_with_missing": 0,
    "rule": "alarm iff strict bound violation count > K; missing status handled separately",
    "calibration_note": "same-sample min/max implies K=0; held-out FPR unmeasured"
  },
  "n_envelope_only_columns": 35,
  "n_envelope_if_overlap": 36,
  "envelope_fit_train_rows": 472,
  "envelope_test_rows_with_missing": 8,
  "n_features_dropped": 130,
  "rules": {
    "warmup": "bo tick < warmup_ticks moi run (DT4N-M1 tang 1)",
    "missing_train": "bo dong con NaN o feature, CO DEM (tang 3)",
    "missing_test": "GIU dong NaN; detector tra \"unknown\"; tick y=1 tinh la FALSE NEGATIVE",
    "no_fillna": "tuyet doi khong fillna(0) cho lossPct o moi tang",
    "scaler": "link_stats fit tren TRAIN, transform cho TEST",
    "feature_selection": "chi luat cau truc + thong ke TRAIN; auc_dist (can nhan test) KHONG duoc dung",
    "time_features": "delta/rolling luon groupby(run_id) + shift(1)"
  },
  "base_rate": {
    "primary": {
      "usable": 590,
      "anomalous": 160,
      "rate": 0.2712,
      "dumb_always_normal_accuracy": 0.7288
    },
    "sensitivity": {
      "usable": 558,
      "anomalous": 144,
      "rate": 0.2581
    }
  },
  "unjudgeable_rows": [
    {
      "run_id": "C-load2M-s2001-r1",
      "tick": 1,
      "is_fault": 0,
      "missing_features": [
        "d1.agg.rate_absz_max",
        "d1.agg.rate_absz_n_above_3",
        "d1.host-h1.traffic.rxRate",
        "d1.host-h1.traffic.txRate",
        "d1.host-h2.traffic.rxRate",
        "d1.host-h2.traffic.txRate",
        "d1.host-h3.traffic.rxRate",
        "d1.host-h3.traffic.txRate",
        "d1.host-srv1.traffic.rxRate",
        "d1.host-srv1.traffic.txRate",
        "d1.host-srv2.traffic.rxRate",
        "d1.host-srv2.traffic.txRate",
        "d1.link-h1-s1.traffic.qdiscSentDelta",
        "d1.link-h1-s1.traffic.rxRate",
        "d1.link-h1-s1.traffic.txRate",
        "d1.link-h2-s1.traffic.qdiscSentDelta",
        "d1.link-h2-s1.traffic.rxRate",
        "d1.link-h2-s1.traffic.txRate",
        "d1.link-h3-s1.traffic.qdiscSentDelta",
        "d1.link-h3-s1.traffic.rxRate",
        "d1.link-h3-s1.traffic.txRate",
        "d1.link-s1-s2.traffic.qdiscSentDelta",
        "d1.link-s1-s2.traffic.rxRate",
        "d1.link-s1-s2.traffic.txRate",
        "d1.link-s1-s3.traffic.qdiscSentDelta",
        "d1.link-s1-s3.traffic.rxRate",
        "d1.link-s1-s3.traffic.txRate",
        "d1.link-s2-s3.traffic.qdiscSentDelta",
        "d1.link-s2-s3.traffic.rxRate",
        "d1.link-s2-s3.traffic.txRate",
        "d1.link-s2-srv1.traffic.qdiscSentDelta",
        "d1.link-s2-srv1.traffic.rxRate",
        "d1.link-s2-srv1.traffic.txRate",
        "d1.link-s3-srv2.traffic.qdiscSentDelta",
        "d1.link-s3-srv2.traffic.rxRate",
        "d1.link-s3-srv2.traffic.txRate"
      ]
    },
    {
      "run_id": "C-vary-s2002-r1",
      "tick": 1,
      "is_fault": 0,
      "missing_features": [
        "d1.agg.rate_absz_max",
        "d1.agg.rate_absz_n_above_3",
        "d1.host-h1.traffic.rxRate",
        "d1.host-h1.traffic.txRate",
        "d1.host-h2.traffic.rxRate",
        "d1.host-h2.traffic.txRate",
        "d1.host-h3.traffic.rxRate",
        "d1.host-h3.traffic.txRate",
        "d1.host-srv1.traffic.rxRate",
        "d1.host-srv1.traffic.txRate",
        "d1.host-srv2.traffic.rxRate",
        "d1.host-srv2.traffic.txRate",
        "d1.link-h1-s1.traffic.qdiscSentDelta",
        "d1.link-h1-s1.traffic.rxRate",
        "d1.link-h1-s1.traffic.txRate",
        "d1.link-h2-s1.traffic.qdiscSentDelta",
        "d1.link-h2-s1.traffic.rxRate",
        "d1.link-h2-s1.traffic.txRate",
        "d1.link-h3-s1.traffic.qdiscSentDelta",
        "d1.link-h3-s1.traffic.rxRate",
        "d1.link-h3-s1.traffic.txRate",
        "d1.link-s1-s2.traffic.qdiscSentDelta",
        "d1.link-s1-s2.traffic.rxRate",
        "d1.link-s1-s2.traffic.txRate",
        "d1.link-s1-s3.traffic.qdiscSentDelta",
        "d1.link-s1-s3.traffic.rxRate",
        "d1.link-s1-s3.traffic.txRate",
        "d1.link-s2-s3.traffic.qdiscSentDelta",
        "d1.link-s2-s3.traffic.rxRate",
        "d1.link-s2-s3.traffic.txRate",
        "d1.link-s2-srv1.traffic.qdiscSentDelta",
        "d1.link-s2-srv1.traffic.rxRate",
        "d1.link-s2-srv1.traffic.txRate",
        "d1.link-s3-srv2.traffic.qdiscSentDelta",
        "d1.link-s3-srv2.traffic.rxRate",
        "d1.link-s3-srv2.traffic.txRate"
      ]
    },
    {
      "run_id": "F-admin_down-s1-s2-s3001-r1",
      "tick": 1,
      "is_fault": 0,
      "missing_features": [
        "d1.agg.rate_absz_max",
        "d1.agg.rate_absz_n_above_3",
        "d1.host-h1.traffic.rxRate",
        "d1.host-h1.traffic.txRate",
        "d1.host-h2.traffic.rxRate",
        "d1.host-h2.traffic.txRate",
        "d1.host-h3.traffic.rxRate",
        "d1.host-h3.traffic.txRate",
        "d1.host-srv1.traffic.rxRate",
        "d1.host-srv1.traffic.txRate",
        "d1.host-srv2.traffic.rxRate",
        "d1.host-srv2.traffic.txRate",
        "d1.link-h1-s1.traffic.qdiscSentDelta",
        "d1.link-h1-s1.traffic.rxRate",
        "d1.link-h1-s1.traffic.txRate",
        "d1.link-h2-s1.traffic.qdiscSentDelta",
        "d1.link-h2-s1.traffic.rxRate",
        "d1.link-h2-s1.traffic.txRate",
        "d1.link-h3-s1.traffic.qdiscSentDelta",
        "d1.link-h3-s1.traffic.rxRate",
        "d1.link-h3-s1.traffic.txRate",
        "d1.link-s1-s2.traffic.qdiscSentDelta",
        "d1.link-s1-s2.traffic.rxRate",
        "d1.link-s1-s2.traffic.txRate",
        "d1.link-s1-s3.traffic.qdiscSentDelta",
        "d1.link-s1-s3.traffic.rxRate",
        "d1.link-s1-s3.traffic.txRate",
        "d1.link-s2-s3.traffic.qdiscSentDelta",
        "d1.link-s2-s3.traffic.rxRate",
        "d1.link-s2-s3.traffic.txRate",
        "d1.link-s2-srv1.traffic.qdiscSentDelta",
        "d1.link-s2-srv1.traffic.rxRate",
        "d1.link-s2-srv1.traffic.txRate",
        "d1.link-s3-srv2.traffic.qdiscSentDelta",
        "d1.link-s3-srv2.traffic.rxRate",
        "d1.link-s3-srv2.traffic.txRate"
      ]
    },
    {
      "run_id": "F-admin_down-s1-s3-s3002-r1",
      "tick": 1,
      "is_fault": 0,
      "missing_features": [
        "d1.agg.rate_absz_max",
        "d1.agg.rate_absz_n_above_3",
        "d1.host-h1.traffic.rxRate",
        "d1.host-h1.traffic.txRate",
        "d1.host-h2.traffic.rxRate",
        "d1.host-h2.traffic.txRate",
        "d1.host-h3.traffic.rxRate",
        "d1.host-h3.traffic.txRate",
        "d1.host-srv1.traffic.rxRate",
        "d1.host-srv1.traffic.txRate",
        "d1.host-srv2.traffic.rxRate",
        "d1.host-srv2.traffic.txRate",
        "d1.link-h1-s1.traffic.qdiscSentDelta",
        "d1.link-h1-s1.traffic.rxRate",
        "d1.link-h1-s1.traffic.txRate",
        "d1.link-h2-s1.traffic.qdiscSentDelta",
        "d1.link-h2-s1.traffic.rxRate",
        "d1.link-h2-s1.traffic.txRate",
        "d1.link-h3-s1.traffic.qdiscSentDelta",
        "d1.link-h3-s1.traffic.rxRate",
        "d1.link-h3-s1.traffic.txRate",
        "d1.link-s1-s2.traffic.qdiscSentDelta",
        "d1.link-s1-s2.traffic.rxRate",
        "d1.link-s1-s2.traffic.txRate",
        "d1.link-s1-s3.traffic.qdiscSentDelta",
        "d1.link-s1-s3.traffic.rxRate",
        "d1.link-s1-s3.traffic.txRate",
        "d1.link-s2-s3.traffic.qdiscSentDelta",
        "d1.link-s2-s3.traffic.rxRate",
        "d1.link-s2-s3.traffic.txRate",
        "d1.link-s2-srv1.traffic.qdiscSentDelta",
        "d1.link-s2-srv1.traffic.rxRate",
        "d1.link-s2-srv1.traffic.txRate",
        "d1.link-s3-srv2.traffic.qdiscSentDelta",
        "d1.link-s3-srv2.traffic.rxRate",
        "d1.link-s3-srv2.traffic.txRate"
      ]
    },
    {
      "run_id": "F-degrade-s1-s2-s3003-r1",
      "tick": 1,
      "is_fault": 0,
      "missing_features": [
        "d1.agg.rate_absz_max",
        "d1.agg.rate_absz_n_above_3",
        "d1.host-h1.traffic.rxRate",
        "d1.host-h1.traffic.txRate",
        "d1.host-h2.traffic.rxRate",
        "d1.host-h2.traffic.txRate",
        "d1.host-h3.traffic.rxRate",
        "d1.host-h3.traffic.txRate",
        "d1.host-srv1.traffic.rxRate",
        "d1.host-srv1.traffic.txRate",
        "d1.host-srv2.traffic.rxRate",
        "d1.host-srv2.traffic.txRate",
        "d1.link-h1-s1.traffic.qdiscSentDelta",
        "d1.link-h1-s1.traffic.rxRate",
        "d1.link-h1-s1.traffic.txRate",
        "d1.link-h2-s1.traffic.qdiscSentDelta",
        "d1.link-h2-s1.traffic.rxRate",
        "d1.link-h2-s1.traffic.txRate",
        "d1.link-h3-s1.traffic.qdiscSentDelta",
        "d1.link-h3-s1.traffic.rxRate",
        "d1.link-h3-s1.traffic.txRate",
        "d1.link-s1-s2.traffic.qdiscSentDelta",
        "d1.link-s1-s2.traffic.rxRate",
        "d1.link-s1-s2.traffic.txRate",
        "d1.link-s1-s3.traffic.qdiscSentDelta",
        "d1.link-s1-s3.traffic.rxRate",
        "d1.link-s1-s3.traffic.txRate",
        "d1.link-s2-s3.traffic.qdiscSentDelta",
        "d1.link-s2-s3.traffic.rxRate",
        "d1.link-s2-s3.traffic.txRate",
        "d1.link-s2-srv1.traffic.qdiscSentDelta",
        "d1.link-s2-srv1.traffic.rxRate",
        "d1.link-s2-srv1.traffic.txRate",
        "d1.link-s3-srv2.traffic.qdiscSentDelta",
        "d1.link-s3-srv2.traffic.rxRate",
        "d1.link-s3-srv2.traffic.txRate"
      ]
    },
    {
      "run_id": "F-degrade-s1-s2-s3003-r1",
      "tick": 21,
      "is_fault": 1,
      "missing_features": [
        "d1.link-s1-s2.traffic.qdiscSentDelta",
        "link-s1-s2.traffic.qdiscSentDelta"
      ]
    },
    {
      "run_id": "F-degrade-s1-s2-s3003-r1",
      "tick": 22,
      "is_fault": 1,
      "missing_features": [
        "d1.link-s1-s2.traffic.qdiscSentDelta"
      ]
    },
    {
      "run_id": "F-degrade-s1-s2-s3003-r1",
      "tick": 41,
      "is_fault": 0,
      "missing_features": [
        "d1.link-s1-s2.traffic.qdiscSentDelta",
        "link-s1-s2.traffic.qdiscSentDelta"
      ]
    },
    {
      "run_id": "F-degrade-s1-s2-s3003-r1",
      "tick": 42,
      "is_fault": 0,
      "missing_features": [
        "d1.link-s1-s2.traffic.qdiscSentDelta"
      ]
    },
    {
      "run_id": "F-degrade-s2-s3-s3004-r1",
      "tick": 1,
      "is_fault": 0,
      "missing_features": [
        "d1.agg.rate_absz_max",
        "d1.agg.rate_absz_n_above_3",
        "d1.host-h1.traffic.rxRate",
        "d1.host-h1.traffic.txRate",
        "d1.host-h2.traffic.rxRate",
        "d1.host-h2.traffic.txRate",
        "d1.host-h3.traffic.rxRate",
        "d1.host-h3.traffic.txRate",
        "d1.host-srv1.traffic.rxRate",
        "d1.host-srv1.traffic.txRate",
        "d1.host-srv2.traffic.rxRate",
        "d1.host-srv2.traffic.txRate",
        "d1.link-h1-s1.traffic.qdiscSentDelta",
        "d1.link-h1-s1.traffic.rxRate",
        "d1.link-h1-s1.traffic.txRate",
        "d1.link-h2-s1.traffic.qdiscSentDelta",
        "d1.link-h2-s1.traffic.rxRate",
        "d1.link-h2-s1.traffic.txRate",
        "d1.link-h3-s1.traffic.qdiscSentDelta",
        "d1.link-h3-s1.traffic.rxRate",
        "d1.link-h3-s1.traffic.txRate",
        "d1.link-s1-s2.traffic.qdiscSentDelta",
        "d1.link-s1-s2.traffic.rxRate",
        "d1.link-s1-s2.traffic.txRate",
        "d1.link-s1-s3.traffic.qdiscSentDelta",
        "d1.link-s1-s3.traffic.rxRate",
        "d1.link-s1-s3.traffic.txRate",
        "d1.link-s2-s3.traffic.qdiscSentDelta",
        "d1.link-s2-s3.traffic.rxRate",
        "d1.link-s2-s3.traffic.txRate",
        "d1.link-s2-srv1.traffic.qdiscSentDelta",
        "d1.link-s2-srv1.traffic.rxRate",
        "d1.link-s2-srv1.traffic.txRate",
        "d1.link-s3-srv2.traffic.qdiscSentDelta",
        "d1.link-s3-srv2.traffic.rxRate",
        "d1.link-s3-srv2.traffic.txRate"
      ]
    },
    {
      "run_id": "F-degrade-s2-s3-s3004-r1",
      "tick": 21,
      "is_fault": 1,
      "missing_features": [
        "d1.link-s2-s3.traffic.qdiscSentDelta",
        "link-s2-s3.traffic.qdiscSentDelta"
      ]
    },
    {
      "run_id": "F-degrade-s2-s3-s3004-r1",
      "tick": 22,
      "is_fault": 1,
      "missing_features": [
        "d1.link-s2-s3.traffic.qdiscSentDelta"
      ]
    },
    {
      "run_id": "F-degrade-s2-s3-s3004-r1",
      "tick": 41,
      "is_fault": 0,
      "missing_features": [
        "d1.link-s2-s3.traffic.qdiscSentDelta",
        "link-s2-s3.traffic.qdiscSentDelta"
      ]
    },
    {
      "run_id": "F-degrade-s2-s3-s3004-r1",
      "tick": 42,
      "is_fault": 0,
      "missing_features": [
        "d1.link-s2-s3.traffic.qdiscSentDelta"
      ]
    },
    {
      "run_id": "F-flood-h1_to_srv1-s3005-r1",
      "tick": 1,
      "is_fault": 0,
      "missing_features": [
        "d1.agg.rate_absz_max",
        "d1.agg.rate_absz_n_above_3",
        "d1.host-h1.traffic.rxRate",
        "d1.host-h1.traffic.txRate",
        "d1.host-h2.traffic.rxRate",
        "d1.host-h2.traffic.txRate",
        "d1.host-h3.traffic.rxRate",
        "d1.host-h3.traffic.txRate",
        "d1.host-srv1.traffic.rxRate",
        "d1.host-srv1.traffic.txRate",
        "d1.host-srv2.traffic.rxRate",
        "d1.host-srv2.traffic.txRate",
        "d1.link-h1-s1.traffic.qdiscSentDelta",
        "d1.link-h1-s1.traffic.rxRate",
        "d1.link-h1-s1.traffic.txRate",
        "d1.link-h2-s1.traffic.qdiscSentDelta",
        "d1.link-h2-s1.traffic.rxRate",
        "d1.link-h2-s1.traffic.txRate",
        "d1.link-h3-s1.traffic.qdiscSentDelta",
        "d1.link-h3-s1.traffic.rxRate",
        "d1.link-h3-s1.traffic.txRate",
        "d1.link-s1-s2.traffic.qdiscSentDelta",
        "d1.link-s1-s2.traffic.rxRate",
        "d1.link-s1-s2.traffic.txRate",
        "d1.link-s1-s3.traffic.qdiscSentDelta",
        "d1.link-s1-s3.traffic.rxRate",
        "d1.link-s1-s3.traffic.txRate",
        "d1.link-s2-s3.traffic.qdiscSentDelta",
        "d1.link-s2-s3.traffic.rxRate",
        "d1.link-s2-s3.traffic.txRate",
        "d1.link-s2-srv1.traffic.qdiscSentDelta",
        "d1.link-s2-srv1.traffic.rxRate",
        "d1.link-s2-srv1.traffic.txRate",
        "d1.link-s3-srv2.traffic.qdiscSentDelta",
        "d1.link-s3-srv2.traffic.rxRate",
        "d1.link-s3-srv2.traffic.txRate"
      ]
    },
    {
      "run_id": "F-flood-h2_to_srv2-s3006-r1",
      "tick": 1,
      "is_fault": 0,
      "missing_features": [
        "d1.agg.rate_absz_max",
        "d1.agg.rate_absz_n_above_3",
        "d1.host-h1.traffic.rxRate",
        "d1.host-h1.traffic.txRate",
        "d1.host-h2.traffic.rxRate",
        "d1.host-h2.traffic.txRate",
        "d1.host-h3.traffic.rxRate",
        "d1.host-h3.traffic.txRate",
        "d1.host-srv1.traffic.rxRate",
        "d1.host-srv1.traffic.txRate",
        "d1.host-srv2.traffic.rxRate",
        "d1.host-srv2.traffic.txRate",
        "d1.link-h1-s1.traffic.qdiscSentDelta",
        "d1.link-h1-s1.traffic.rxRate",
        "d1.link-h1-s1.traffic.txRate",
        "d1.link-h2-s1.traffic.qdiscSentDelta",
        "d1.link-h2-s1.traffic.rxRate",
        "d1.link-h2-s1.traffic.txRate",
        "d1.link-h3-s1.traffic.qdiscSentDelta",
        "d1.link-h3-s1.traffic.rxRate",
        "d1.link-h3-s1.traffic.txRate",
        "d1.link-s1-s2.traffic.qdiscSentDelta",
        "d1.link-s1-s2.traffic.rxRate",
        "d1.link-s1-s2.traffic.txRate",
        "d1.link-s1-s3.traffic.qdiscSentDelta",
        "d1.link-s1-s3.traffic.rxRate",
        "d1.link-s1-s3.traffic.txRate",
        "d1.link-s2-s3.traffic.qdiscSentDelta",
        "d1.link-s2-s3.traffic.rxRate",
        "d1.link-s2-s3.traffic.txRate",
        "d1.link-s2-srv1.traffic.qdiscSentDelta",
        "d1.link-s2-srv1.traffic.rxRate",
        "d1.link-s2-srv1.traffic.txRate",
        "d1.link-s3-srv2.traffic.qdiscSentDelta",
        "d1.link-s3-srv2.traffic.rxRate",
        "d1.link-s3-srv2.traffic.txRate"
      ]
    },
    {
      "run_id": "F-shift-s1-s2-s3007-r1",
      "tick": 1,
      "is_fault": 0,
      "missing_features": [
        "d1.agg.rate_absz_max",
        "d1.agg.rate_absz_n_above_3",
        "d1.host-h1.traffic.rxRate",
        "d1.host-h1.traffic.txRate",
        "d1.host-h2.traffic.rxRate",
        "d1.host-h2.traffic.txRate",
        "d1.host-h3.traffic.rxRate",
        "d1.host-h3.traffic.txRate",
        "d1.host-srv1.traffic.rxRate",
        "d1.host-srv1.traffic.txRate",
        "d1.host-srv2.traffic.rxRate",
        "d1.host-srv2.traffic.txRate",
        "d1.link-h1-s1.traffic.qdiscSentDelta",
        "d1.link-h1-s1.traffic.rxRate",
        "d1.link-h1-s1.traffic.txRate",
        "d1.link-h2-s1.traffic.qdiscSentDelta",
        "d1.link-h2-s1.traffic.rxRate",
        "d1.link-h2-s1.traffic.txRate",
        "d1.link-h3-s1.traffic.qdiscSentDelta",
        "d1.link-h3-s1.traffic.rxRate",
        "d1.link-h3-s1.traffic.txRate",
        "d1.link-s1-s2.traffic.qdiscSentDelta",
        "d1.link-s1-s2.traffic.rxRate",
        "d1.link-s1-s2.traffic.txRate",
        "d1.link-s1-s3.traffic.qdiscSentDelta",
        "d1.link-s1-s3.traffic.rxRate",
        "d1.link-s1-s3.traffic.txRate",
        "d1.link-s2-s3.traffic.qdiscSentDelta",
        "d1.link-s2-s3.traffic.rxRate",
        "d1.link-s2-s3.traffic.txRate",
        "d1.link-s2-srv1.traffic.qdiscSentDelta",
        "d1.link-s2-srv1.traffic.rxRate",
        "d1.link-s2-srv1.traffic.txRate",
        "d1.link-s3-srv2.traffic.qdiscSentDelta",
        "d1.link-s3-srv2.traffic.rxRate",
        "d1.link-s3-srv2.traffic.txRate"
      ]
    },
    {
      "run_id": "F-shift-s1-s2-s3007-r1",
      "tick": 21,
      "is_fault": 1,
      "missing_features": [
        "d1.link-s1-s2.traffic.qdiscSentDelta",
        "link-s1-s2.traffic.qdiscSentDelta"
      ]
    },
    {
      "run_id": "F-shift-s1-s2-s3007-r1",
      "tick": 22,
      "is_fault": 1,
      "missing_features": [
        "d1.link-s1-s2.traffic.qdiscSentDelta"
      ]
    },
    {
      "run_id": "F-shift-s1-s2-s3007-r1",
      "tick": 41,
      "is_fault": 0,
      "missing_features": [
        "d1.link-s1-s2.traffic.qdiscSentDelta",
        "link-s1-s2.traffic.qdiscSentDelta"
      ]
    },
    {
      "run_id": "F-shift-s1-s2-s3007-r1",
      "tick": 42,
      "is_fault": 0,
      "missing_features": [
        "d1.link-s1-s2.traffic.qdiscSentDelta"
      ]
    },
    {
      "run_id": "F-shift-s1-s3-s3008-r1",
      "tick": 1,
      "is_fault": 0,
      "missing_features": [
        "d1.agg.rate_absz_max",
        "d1.agg.rate_absz_n_above_3",
        "d1.host-h1.traffic.rxRate",
        "d1.host-h1.traffic.txRate",
        "d1.host-h2.traffic.rxRate",
        "d1.host-h2.traffic.txRate",
        "d1.host-h3.traffic.rxRate",
        "d1.host-h3.traffic.txRate",
        "d1.host-srv1.traffic.rxRate",
        "d1.host-srv1.traffic.txRate",
        "d1.host-srv2.traffic.rxRate",
        "d1.host-srv2.traffic.txRate",
        "d1.link-h1-s1.traffic.qdiscSentDelta",
        "d1.link-h1-s1.traffic.rxRate",
        "d1.link-h1-s1.traffic.txRate",
        "d1.link-h2-s1.traffic.qdiscSentDelta",
        "d1.link-h2-s1.traffic.rxRate",
        "d1.link-h2-s1.traffic.txRate",
        "d1.link-h3-s1.traffic.qdiscSentDelta",
        "d1.link-h3-s1.traffic.rxRate",
        "d1.link-h3-s1.traffic.txRate",
        "d1.link-s1-s2.traffic.qdiscSentDelta",
        "d1.link-s1-s2.traffic.rxRate",
        "d1.link-s1-s2.traffic.txRate",
        "d1.link-s1-s3.traffic.qdiscSentDelta",
        "d1.link-s1-s3.traffic.rxRate",
        "d1.link-s1-s3.traffic.txRate",
        "d1.link-s2-s3.traffic.qdiscSentDelta",
        "d1.link-s2-s3.traffic.rxRate",
        "d1.link-s2-s3.traffic.txRate",
        "d1.link-s2-srv1.traffic.qdiscSentDelta",
        "d1.link-s2-srv1.traffic.rxRate",
        "d1.link-s2-srv1.traffic.txRate",
        "d1.link-s3-srv2.traffic.qdiscSentDelta",
        "d1.link-s3-srv2.traffic.rxRate",
        "d1.link-s3-srv2.traffic.txRate"
      ]
    },
    {
      "run_id": "F-shift-s1-s3-s3008-r1",
      "tick": 21,
      "is_fault": 1,
      "missing_features": [
        "d1.link-s1-s3.traffic.qdiscSentDelta",
        "link-s1-s3.traffic.qdiscSentDelta"
      ]
    },
    {
      "run_id": "F-shift-s1-s3-s3008-r1",
      "tick": 22,
      "is_fault": 1,
      "missing_features": [
        "d1.link-s1-s3.traffic.qdiscSentDelta"
      ]
    },
    {
      "run_id": "F-shift-s1-s3-s3008-r1",
      "tick": 41,
      "is_fault": 0,
      "missing_features": [
        "d1.link-s1-s3.traffic.qdiscSentDelta",
        "link-s1-s3.traffic.qdiscSentDelta"
      ]
    },
    {
      "run_id": "F-shift-s1-s3-s3008-r1",
      "tick": 42,
      "is_fault": 0,
      "missing_features": [
        "d1.link-s1-s3.traffic.qdiscSentDelta"
      ]
    }
  ],
  "unjudgeable_test_ticks": {
    "total": 26,
    "with_fault": 8,
    "with_normal": 18,
    "accounting": "tinh la false negative khi y=1; bao cao rieng"
  },
  "use_rolling": false,
  "build_provenance": {
    "git_hash": "bb00413a57d13480d56e185d3e6d3b6a97ea36f0",
    "git_dirty": true,
    "git_dirty_files": [
      "logs/command_flow.log",
      "ml/dataset.py",
      "ml/features.py",
      "requirements.txt",
      "results/report/feature_audit.csv",
      "scripts/build_dataset_manifest.py",
      "test/test_ml_dataset.py",
      "docs/phase-5/07-envelope-registration.md",
      "logs/phase56b_envelope_manifest.log",
      "results/report/ml_dataset_split_manifest_pre_envelope.json"
    ],
    "source_dirty_files": [
      "ml/dataset.py",
      "ml/features.py",
      "requirements.txt",
      "scripts/build_dataset_manifest.py",
      "test/test_ml_dataset.py",
      "docs/phase-5/07-envelope-registration.md"
    ],
    "source_dirty": true
  },
  "source_sha256": {
    "ml/features.py": "d8c881a9c73bd6c828bbb7aec84a7afdfbf9e3c6aae759a065b06b7d683d57d4",
    "ml/dataset.py": "0e80f5391d555a0ec2a833a77d816d9264e4e1b30761abedf49038d1082515a7",
    "ml/labels.py": "c947c9c25b9d793799a17ccb2a300f942a248dfe80f1bf5c619338382719a869",
    "ml/missing.py": "b321df8a2676522e16967a76247d77baeb352cc73058b67b870b00de98e659ad",
    "ml/flatten.py": "1cb353c190a1a328b37b0c7866b902118b2835c3d0a6d8a1de109204bedc1843",
    "ml/schema.py": "d1996996bd11281b7ad133fb1d8549d17de855d025a11303646c09695d211ce3"
  }
}
-> /home/ubuntu/dt4n-core/results/report/ml_dataset_split_manifest.json  (72 feature)
