
*** [1/3] Dựng topology + đợi controller static
*** Creating network
*** Adding hosts:
h1 h2 h3 h4 h5 srv1 srv2 
*** Adding switches:
s1 s2 s3 
*** Adding links:
(20.00Mbit 5ms delay 0.00000% loss) (20.00Mbit 5ms delay 0.00000% loss) (h1, s1) (20.00Mbit 5ms delay 0.00000% loss) (20.00Mbit 5ms delay 0.00000% loss) (h2, s1) (20.00Mbit 5ms delay 0.00000% loss) (20.00Mbit 5ms delay 0.00000% loss) (h3, s1) (20.00Mbit 5ms delay 0.00000% loss) (20.00Mbit 5ms delay 0.00000% loss) (h4, s1) (20.00Mbit 5ms delay 0.00000% loss) (20.00Mbit 5ms delay 0.00000% loss) (h5, s1) (20.00Mbit 5ms delay) (20.00Mbit 5ms delay) (s1, s2) (20.00Mbit 5ms delay) (20.00Mbit 5ms delay) (s1, s3) (2.00Mbit 5ms delay) (2.00Mbit 5ms delay) (s2, s3) (20.00Mbit 5ms delay) (20.00Mbit 5ms delay) (srv1, s2) (20.00Mbit 5ms delay) (20.00Mbit 5ms delay) (srv2, s3) 
*** Configuring hosts
h1 h2 h3 h4 h5 srv1 srv2 
*** Bật mạng (tạo namespace, dựng switch, nối link)
*** Starting controller
c0 
*** Starting 3 switches
s1 s2 s3 ...(20.00Mbit 5ms delay 0.00000% loss) (20.00Mbit 5ms delay 0.00000% loss) (20.00Mbit 5ms delay 0.00000% loss) (20.00Mbit 5ms delay 0.00000% loss) (20.00Mbit 5ms delay 0.00000% loss) (20.00Mbit 5ms delay) (20.00Mbit 5ms delay) (20.00Mbit 5ms delay) (2.00Mbit 5ms delay) (20.00Mbit 5ms delay) (20.00Mbit 5ms delay) (2.00Mbit 5ms delay) (20.00Mbit 5ms delay) 
*** Waiting for switches to connect
s1 s2 s3 
*** Ghi port map runtime -> ditto/port_map.json
*** Controller static hội tụ sau 1.40s
*** Node: c0, h1, h2, h3, h4, h5, s1, s2, s3, srv1, srv2
*** pingAll kiểm tra thông mạng
*** Ping: testing ping reachability
h1 -> h2 h3 h4 h5 srv1 srv2 
h2 -> h1 h3 h4 h5 srv1 srv2 
h3 -> h1 h2 h4 h5 srv1 srv2 
h4 -> h1 h2 h3 h5 srv1 srv2 
h5 -> h1 h2 h3 h4 srv1 srv2 
srv1 -> h1 h2 h3 h4 h5 srv2 
srv2 -> h1 h2 h3 h4 h5 srv1 
*** Results: 0% dropped (42/42 received)
*** pingAll packet loss = 0%

*** [2/3] scenario=idle -> không bật traffic

*** [3/3] Chạy collector 3s (interval=1.0s)

*** XONG. 3 snapshot -> logs/snapshots_config5.jsonl
*** Log dễ đọc -> logs/phase1_config5.log
*** Kiểm tra nhanh: python3 scenarios/check_snapshots.py logs/snapshots_config5.jsonl
*** Tắt mạng (net.stop)
*** Stopping 1 controllers
c0 
*** Stopping 10 links
..........
*** Stopping 3 switches
s1 s2 s3 
*** Stopping 7 hosts
h1 h2 h3 h4 h5 srv1 srv2 
*** Done
[collector] bắt đầu, interval=1.0s
[collector] JSONL log  -> logs/snapshots_config5.jsonl (overwrite)
[collector] Pretty log -> logs/phase1_config5.log (overwrite)
[collector] snapshot #001 2026-09-15T08:18:12Z
[collector] snapshot #002 2026-09-15T08:18:13Z
[collector] snapshot #003 2026-09-15T08:18:14Z
[collector] kết thúc. Đã ghi 3 snapshot -> logs/snapshots_config5.jsonl
[collector] log dễ đọc -> logs/phase1_config5.log
