2026-09-17 16:20:28,445 [INFO] sync_agent: Cycle #3776 [delta]: 13/13 patch, elapsed=130ms
2026-09-17 16:20:29,445 [INFO] sync_agent: Cycle #3777 [delta]: 13/13 patch, elapsed=130ms
2026-09-17 16:20:31,454 [INFO] sync_agent: Cycle #3779 [delta]: 13/13 patch, elapsed=139ms
2026-09-17 16:20:32,462 [INFO] sync_agent: Cycle #3780 [delta]: 13/13 patch, elapsed=147ms
2026-09-17 16:20:33,476 [INFO] sync_agent: Cycle #3781 [RECONCILE]: 16/16 patch, elapsed=160ms
2026-09-17 16:20:34,456 [INFO] sync_agent: Cycle #3782 [delta]: 13/13 patch, elapsed=140ms
2026-09-17 16:20:35,458 [INFO] sync_agent: Cycle #3783 [delta]: 13/13 patch, elapsed=142ms
2026-09-17 16:20:36,461 [INFO] sync_agent: Cycle #3784 [delta]: 13/13 patch, elapsed=144ms
2026-09-17 16:20:37,479 [INFO] sync_agent: Cycle #3785 [delta]: 13/13 patch, elapsed=162ms
2026-09-17 16:20:38,446 [INFO] sync_agent: Cycle #3786 [delta]: 13/13 patch, elapsed=129ms
2026-09-17 16:20:39,442 [INFO] sync_agent: Cycle #3787 [delta]: 13/13 patch, elapsed=125ms
2026-09-17 16:20:40,457 [INFO] sync_agent: Cycle #3788 [delta]: 13/13 patch, elapsed=140ms
2026-09-17 16:20:41,456 [INFO] sync_agent: Cycle #3789 [delta]: 13/13 patch, elapsed=138ms
2026-09-17 16:20:42,456 [INFO] sync_agent: Cycle #3790 [delta]: 13/13 patch, elapsed=138ms
2026-09-17 16:20:43,459 [INFO] sync_agent: Cycle #3791 [delta]: 13/13 patch, elapsed=141ms
2026-09-17 16:20:44,457 [INFO] sync_agent: Cycle #3792 [delta]: 13/13 patch, elapsed=139ms
2026-09-17 16:20:45,509 [INFO] sync_agent: Cycle #3793 [delta]: 13/13 patch, elapsed=191ms
2026-09-17 16:20:46,521 [INFO] sync_agent: Cycle #3794 [delta]: 13/13 patch, elapsed=202ms
2026-09-17 16:20:47,508 [INFO] sync_agent: Cycle #3795 [delta]: 13/13 patch, elapsed=189ms
2026-09-17 16:20:48,509 [INFO] sync_agent: Cycle #3796 [delta]: 13/13 patch, elapsed=190ms
2026-09-17 16:20:49,510 [INFO] sync_agent: Cycle #3797 [delta]: 13/13 patch, elapsed=191ms
2026-09-17 16:20:50,512 [INFO] sync_agent: Cycle #3798 [delta]: 13/13 patch, elapsed=193ms
2026-09-17 16:20:51,515 [INFO] sync_agent: Cycle #3799 [delta]: 13/13 patch, elapsed=195ms
2026-09-17 16:20:52,513 [INFO] sync_agent: Cycle #3800 [delta]: 13/13 patch, elapsed=193ms
2026-09-17 16:20:53,513 [INFO] sync_agent: Cycle #3801 [delta]: 13/13 patch, elapsed=193ms
2026-09-17 16:20:54,516 [INFO] sync_agent: Cycle #3802 [delta]: 13/13 patch, elapsed=196ms
2026-09-17 16:20:55,513 [INFO] sync_agent: Cycle #3803 [delta]: 13/13 patch, elapsed=192ms
2026-09-17 16:20:56,519 [INFO] sync_agent: Cycle #3804 [delta]: 13/13 patch, elapsed=198ms
2026-09-17 16:20:57,519 [INFO] sync_agent: Cycle #3805 [delta]: 13/13 patch, elapsed=197ms
2026-09-17 16:20:58,520 [INFO] sync_agent: Cycle #3806 [delta]: 13/13 patch, elapsed=199ms
2026-09-17 16:20:59,540 [INFO] sync_agent: Cycle #3807 [delta]: 13/13 patch, elapsed=216ms
2026-09-17 16:21:00,520 [INFO] sync_agent: Cycle #3808 [delta]: 13/13 patch, elapsed=196ms
2026-09-17 16:21:01,533 [INFO] sync_agent: Cycle #3809 [delta]: 13/13 patch, elapsed=208ms
2026-09-17 16:21:02,520 [INFO] sync_agent: Cycle #3810 [delta]: 13/13 patch, elapsed=195ms
2026-09-17 16:21:03,546 [INFO] sync_agent: Cycle #3811 [RECONCILE]: 16/16 patch, elapsed=221ms
2026-09-17 16:21:04,523 [INFO] sync_agent: Cycle #3812 [delta]: 13/13 patch, elapsed=198ms
2026-09-17 16:21:05,521 [INFO] sync_agent: Cycle #3813 [delta]: 13/13 patch, elapsed=195ms
2026-09-17 16:21:06,527 [INFO] sync_agent: Cycle #3814 [delta]: 13/13 patch, elapsed=201ms
2026-09-17 16:21:07,522 [INFO] sync_agent: Cycle #3815 [delta]: 13/13 patch, elapsed=196ms
2026-09-17 16:21:08,529 [INFO] sync_agent: Cycle #3816 [delta]: 13/13 patch, elapsed=203ms
2026-09-17 16:21:09,524 [INFO] sync_agent: Cycle #3817 [delta]: 13/13 patch, elapsed=197ms
2026-09-17 16:21:10,533 [INFO] sync_agent: Cycle #3818 [delta]: 13/13 patch, elapsed=206ms
2026-09-17 16:21:11,526 [INFO] sync_agent: Cycle #3819 [delta]: 13/13 patch, elapsed=199ms
2026-09-17 16:21:12,528 [INFO] sync_agent: Cycle #3820 [delta]: 13/13 patch, elapsed=201ms
2026-09-17 16:21:13,524 [INFO] sync_agent: Cycle #3821 [delta]: 13/13 patch, elapsed=196ms
2026-09-17 16:21:14,534 [INFO] sync_agent: Cycle #3822 [delta]: 13/13 patch, elapsed=206ms
2026-09-17 16:21:15,525 [INFO] sync_agent: Cycle #3823 [delta]: 13/13 patch, elapsed=197ms
2026-09-17 16:21:16,531 [INFO] sync_agent: Cycle #3824 [delta]: 13/13 patch, elapsed=203ms
2026-09-17 16:21:17,533 [INFO] sync_agent: Cycle #3825 [delta]: 13/13 patch, elapsed=204ms
2026-09-17 16:21:18,530 [INFO] sync_agent: Cycle #3826 [delta]: 13/13 patch, elapsed=201ms
2026-09-17 16:21:19,532 [INFO] sync_agent: Cycle #3827 [delta]: 13/13 patch, elapsed=204ms
2026-09-17 16:21:20,535 [INFO] sync_agent: Cycle #3828 [delta]: 13/13 patch, elapsed=206ms
2026-09-17 16:21:21,533 [INFO] sync_agent: Cycle #3829 [delta]: 13/13 patch, elapsed=203ms
2026-09-17 16:21:22,533 [INFO] sync_agent: Cycle #3830 [delta]: 13/13 patch, elapsed=203ms
2026-09-17 16:21:23,535 [INFO] sync_agent: Cycle #3831 [delta]: 13/13 patch, elapsed=206ms
2026-09-17 16:21:24,533 [INFO] sync_agent: Cycle #3832 [delta]: 13/13 patch, elapsed=204ms
2026-09-17 16:21:25,531 [INFO] sync_agent: Cycle #3833 [delta]: 13/13 patch, elapsed=201ms
2026-09-17 16:21:26,540 [INFO] sync_agent: Cycle #3834 [delta]: 13/13 patch, elapsed=210ms
2026-09-17 16:21:27,539 [INFO] sync_agent: Cycle #3835 [delta]: 13/13 patch, elapsed=208ms
2026-09-17 16:21:28,546 [INFO] sync_agent: Cycle #3836 [delta]: 13/13 patch, elapsed=215ms
2026-09-17 16:21:29,537 [INFO] sync_agent: Cycle #3837 [delta]: 13/13 patch, elapsed=206ms
2026-09-17 16:21:30,551 [INFO] sync_agent: Cycle #3838 [delta]: 13/13 patch, elapsed=219ms
2026-09-17 16:21:31,538 [INFO] sync_agent: Cycle #3839 [delta]: 13/13 patch, elapsed=207ms
2026-09-17 16:21:32,544 [INFO] sync_agent: Cycle #3840 [delta]: 13/13 patch, elapsed=213ms
2026-09-17 16:21:33,559 [INFO] sync_agent: Cycle #3841 [RECONCILE]: 16/16 patch, elapsed=227ms
2026-09-17 16:21:34,474 [INFO] sync_agent: Cycle #3842 [delta]: 13/13 patch, elapsed=142ms
2026-09-17 16:21:35,478 [INFO] sync_agent: Cycle #3843 [delta]: 13/13 patch, elapsed=145ms
2026-09-17 16:21:36,487 [INFO] sync_agent: Cycle #3844 [delta]: 13/13 patch, elapsed=154ms
2026-09-17 16:21:37,480 [INFO] sync_agent: Cycle #3845 [delta]: 13/13 patch, elapsed=147ms
2026-09-17 16:21:38,482 [INFO] sync_agent: Cycle #3846 [delta]: 13/13 patch, elapsed=149ms
2026-09-17 16:21:39,477 [INFO] sync_agent: Cycle #3847 [delta]: 13/13 patch, elapsed=144ms
2026-09-17 16:21:40,479 [INFO] sync_agent: Cycle #3848 [delta]: 13/13 patch, elapsed=145ms
2026-09-17 16:21:41,480 [INFO] sync_agent: Cycle #3849 [delta]: 13/13 patch, elapsed=146ms
2026-09-17 16:21:42,478 [INFO] sync_agent: Cycle #3850 [delta]: 13/13 patch, elapsed=144ms
2026-09-17 16:21:43,486 [INFO] sync_agent: Cycle #3851 [delta]: 13/13 patch, elapsed=151ms
2026-09-17 16:21:44,485 [INFO] sync_agent: Cycle #3852 [delta]: 13/13 patch, elapsed=150ms
2026-09-17 16:21:45,475 [INFO] sync_agent: Cycle #3853 [delta]: 13/13 patch, elapsed=141ms
2026-09-17 16:21:45,501 [INFO] sync_agent: Sync Agent dừng sau 3853 chu kỳ.
2026-09-17 16:21:46,014 [INFO] command_agent: Command Agent dừng.
2026-09-17 16:21:46,014 [INFO] env_runner: EnvRunner.close(): stopping Mininet
